157.55.39.156 - - [04/Jul/2021:01:22:11 -0400] "GET /kuweit-fa2820g-2163388642_crimpedkuweit/ HTTP/2" 404 6951 "-" "Mozilla/5.0 (compatible; bingbot/2.0; +http://www.bing.com/bingbot.htm)"
157.55.39.156 - - [04/Jul/2021:01:52:09 -0400] "GET /2102000361_charmnoblestcharm/ HTTP/2" 404 6951 "-" "Mozilla/5.0 (compatible; bingbot/2.0; +http://www.bing.com/bingbot.htm)"
184.171.242.15 - - [04/Jul/2021:01:52:11 -0400] "POST /wp-cron.php?doing_wp_cron=1625377931.5696020126342773437500 HTTP/1.1" 200 0 "https://markeva.com.mx/wp-cron.php?doing_wp_cron=1625377931.5696020126342773437500" "WordPress/5.7.2; https://markeva.com.mx"
114.119.156.132 - - [04/Jul/2021:02:25:32 -0400] "GET /productos/ HTTP/1.1" 404 6951 "-" "Mozilla/5.0 (Linux; Android 7.0;) AppleWebKit/537.36 (KHTML, like Gecko) Mobile Safari/537.36 (compatible; PetalBot;+https://webmaster.petalsearch.com/site/petalbot)"
184.171.242.15 - - [04/Jul/2021:02:32:01 -0400] "POST /wp-cron.php?doing_wp_cron=1625380320.9735960960388183593750 HTTP/1.1" 200 0 "https://markeva.com.mx/wp-cron.php?doing_wp_cron=1625380320.9735960960388183593750" "WordPress/5.7.2; https://markeva.com.mx"
207.46.13.170 - - [04/Jul/2021:02:32:00 -0400] "GET /2102043519-paleolimnology-dactylic/ HTTP/2" 404 6951 "-" "Mozilla/5.0 (compatible; bingbot/2.0; +http://www.bing.com/bingbot.htm)"
40.77.167.61 - - [04/Jul/2021:03:07:36 -0400] "GET /incoherentlyscreenlandincoherently_2129255119.media HTTP/2" 404 6951 "-" "Mozilla/5.0 (compatible; bingbot/2.0; +http://www.bing.com/bingbot.htm)"
54.36.148.226 - - [04/Jul/2021:03:55:59 -0400] "GET / HTTP/2" 200 20258 "-" "Mozilla/5.0 (compatible; AhrefsBot/7.0; +http://ahrefs.com/robot/)"
184.171.242.15 - - [04/Jul/2021:03:55:55 -0400] "POST /wp-cron.php?doing_wp_cron=1625385355.4929740428924560546875 HTTP/1.1" 200 0 "https://markeva.com.mx/wp-cron.php?doing_wp_cron=1625385355.4929740428924560546875" "WordPress/5.7.2; https://markeva.com.mx"
54.36.149.67 - - [04/Jul/2021:03:55:47 -0400] "GET /robots.txt HTTP/2" 200 71 "-" "Mozilla/5.0 (compatible; AhrefsBot/7.0; +http://ahrefs.com/robot/)"
184.171.242.15 - - [04/Jul/2021:05:06:05 -0400] "POST /wp-cron.php?doing_wp_cron=1625389565.1628470420837402343750 HTTP/1.1" 200 0 "https://markeva.com.mx/wp-cron.php?doing_wp_cron=1625389565.1628470420837402343750" "WordPress/5.7.2; https://markeva.com.mx"
185.191.171.19 - - [04/Jul/2021:05:05:57 -0400] "GET /robots.txt HTTP/1.1" 200 70 "-" "Mozilla/5.0 (compatible; SemrushBot/7~bl; +http://www.semrush.com/bot.html)"
185.191.171.17 - - [04/Jul/2021:05:06:22 -0400] "GET /page-sitemap.xml HTTP/1.1" 200 902 "-" "Mozilla/5.0 (compatible; SemrushBot/7~bl; +http://www.semrush.com/bot.html)"
185.191.171.45 - - [04/Jul/2021:05:06:24 -0400] "GET /project-sitemap.xml HTTP/1.1" 200 340 "-" "Mozilla/5.0 (compatible; SemrushBot/7~bl; +http://www.semrush.com/bot.html)"
185.191.171.35 - - [04/Jul/2021:05:06:07 -0400] "GET /tag/replica-watches/ HTTP/1.1" 404 6951 "-" "Mozilla/5.0 (compatible; SemrushBot/7~bl; +http://www.semrush.com/bot.html)"
185.191.171.45 - - [04/Jul/2021:05:06:14 -0400] "GET /sitemap.xml HTTP/1.1" 301 0 "-" "Mozilla/5.0 (compatible; SemrushBot/7~bl; +http://www.semrush.com/bot.html)"
185.191.171.35 - - [04/Jul/2021:05:06:21 -0400] "GET /sitemap_index.xml HTTP/1.1" 200 327 "-" "Mozilla/5.0 (compatible; SemrushBot/7~bl; +http://www.semrush.com/bot.html)"
185.191.171.45 - - [04/Jul/2021:05:06:26 -0400] "GET /category-sitemap.xml HTTP/1.1" 200 385 "-" "Mozilla/5.0 (compatible; SemrushBot/7~bl; +http://www.semrush.com/bot.html)"
184.171.242.15 - - [04/Jul/2021:05:42:08 -0400] "POST /wp-cron.php?doing_wp_cron=1625391728.4089798927307128906250 HTTP/1.1" 200 0 "https://markeva.com.mx/wp-cron.php?doing_wp_cron=1625391728.4089798927307128906250" "WordPress/5.7.2; https://markeva.com.mx"
207.46.13.114 - - [04/Jul/2021:05:42:07 -0400] "GET /sailfishsailfish95a34dgtenner_2158334090/ HTTP/2" 404 6947 "-" "Mozilla/5.0 (compatible; bingbot/2.0; +http://www.bing.com/bingbot.htm)"
40.77.167.61 - - [04/Jul/2021:05:54:12 -0400] "GET /2140459334-geminorum/gls842259g-gls/ HTTP/2" 404 6947 "-" "Mozilla/5.0 (compatible; bingbot/2.0; +http://www.bing.com/bingbot.htm)"
207.46.13.187 - - [04/Jul/2021:05:56:14 -0400] "GET /liquidatorliquidator_internationalise/2110100903/ HTTP/2" 404 6947 "-" "Mozilla/5.0 (compatible; bingbot/2.0; +http://www.bing.com/bingbot.htm)"
40.77.167.61 - - [04/Jul/2021:06:06:31 -0400] "GET /2102043502-antienvironmentindefatigably/ HTTP/2" 404 6947 "-" "Mozilla/5.0 (compatible; bingbot/2.0; +http://www.bing.com/bingbot.htm)"
207.46.13.114 - - [04/Jul/2021:06:23:49 -0400] "GET /bullmastiff_2102002856/neovascularization.tips HTTP/2" 404 5668 "-" "Mozilla/5.0 (compatible; bingbot/2.0; +http://www.bing.com/bingbot.htm)"
184.171.242.15 - - [04/Jul/2021:06:35:06 -0400] "GET / HTTP/1.1" 200 20259 "https://markeva.com.mx/" "WordPress/5.7.2; https://markeva.com.mx"
184.171.242.15 - - [04/Jul/2021:06:35:05 -0400] "POST /wp-cron.php?doing_wp_cron=1625394905.2468919754028320312500 HTTP/1.1" 200 0 "https://markeva.com.mx/wp-cron.php?doing_wp_cron=1625394905.2468919754028320312500" "WordPress/5.7.2; https://markeva.com.mx"
207.46.13.60 - - [04/Jul/2021:06:35:00 -0400] "GET /Tag-e8bfb6gtimpani_2178354706-stovepipe_timpani.loan HTTP/2" 404 5668 "-" "Mozilla/5.0 (compatible; bingbot/2.0; +http://www.bing.com/bingbot.htm)"
207.46.13.114 - - [04/Jul/2021:06:39:16 -0400] "GET /3b5cb7g_2205220844_jagannathignuts/ HTTP/2" 404 6947 "-" "Mozilla/5.0 (compatible; bingbot/2.0; +http://www.bing.com/bingbot.htm)"
114.119.156.129 - - [04/Jul/2021:06:55:56 -0400] "GET /category/replica-watches HTTP/1.1" 404 6947 "-" "Mozilla/5.0 (Linux; Android 7.0;) AppleWebKit/537.36 (KHTML, like Gecko) Mobile Safari/537.36 (compatible; PetalBot;+https://webmaster.petalsearch.com/site/petalbot)"
114.119.162.33 - - [04/Jul/2021:06:49:49 -0400] "GET /robots.txt HTTP/1.1" 200 70 "-" "Mozilla/5.0 (compatible;PetalBot;+https://webmaster.petalsearch.com/site/petalbot)"
207.46.13.170 - - [04/Jul/2021:07:22:30 -0400] "GET /?2111209213-maytime-narrater/ HTTP/2" 301 0 "-" "Mozilla/5.0 (compatible; bingbot/2.0; +http://www.bing.com/bingbot.htm)"
184.171.242.15 - - [04/Jul/2021:07:41:14 -0400] "POST /wp-cron.php?doing_wp_cron=1625398874.4375669956207275390625 HTTP/1.1" 200 0 "https://markeva.com.mx/wp-cron.php?doing_wp_cron=1625398874.4375669956207275390625" "WordPress/5.7.2; https://markeva.com.mx"
66.249.64.41 - - [04/Jul/2021:07:43:17 -0400] "GET /robots.txt HTTP/1.1" 301 0 "-" "Mozilla/5.0 (compatible; Googlebot/2.1; +http://www.google.com/bot.html)"
66.249.64.41 - - [04/Jul/2021:07:43:19 -0400] "GET / HTTP/1.1" 301 0 "-" "Mozilla/5.0 (Linux; Android 6.0.1; Nexus 5X Build/MMB29P) AppleWebKit/537.36 (KHTML, like Gecko) Chrome/91.0.4472.90 Mobile Safari/537.36 (compatible; Googlebot/2.1; +http://www.google.com/bot.html)"
207.46.13.167 - - [04/Jul/2021:07:53:06 -0400] "GET /2144284282_mortifyingsemiaquatic-mortifying/ HTTP/2" 404 6947 "-" "Mozilla/5.0 (compatible; bingbot/2.0; +http://www.bing.com/bingbot.htm)"
157.55.39.84 - - [04/Jul/2021:07:41:13 -0400] "GET /Tag-2223751213_cadyclimatizeclimatize/ HTTP/2" 404 6947 "-" "Mozilla/5.0 (compatible; bingbot/2.0; +http://www.bing.com/bingbot.htm)"
66.249.70.111 - - [04/Jul/2021:07:43:19 -0400] "GET /robots.txt HTTP/1.1" 200 71 "-" "Mozilla/5.0 (compatible; Googlebot/2.1; +http://www.google.com/bot.html)"
66.249.70.115 - - [04/Jul/2021:07:43:19 -0400] "GET / HTTP/1.1" 200 20261 "-" "Mozilla/5.0 (Linux; Android 6.0.1; Nexus 5X Build/MMB29P) AppleWebKit/537.36 (KHTML, like Gecko) Chrome/91.0.4472.90 Mobile Safari/537.36 (compatible; Googlebot/2.1; +http://www.google.com/bot.html)"
66.249.70.113 - - [04/Jul/2021:07:43:24 -0400] "GET /wp-includes/js/jquery/jquery.min.js?ver=3.5.1 HTTP/1.1" 200 29967 "https://markeva.com.mx/" "Mozilla/5.0 (Linux; Android 6.0.1; Nexus 5X Build/MMB29P) AppleWebKit/537.36 (KHTML, like Gecko) Chrome/91.0.4472.90 Mobile Safari/537.36 (compatible; Googlebot/2.1; +http://www.google.com/bot.html)"
66.249.70.113 - - [04/Jul/2021:07:43:24 -0400] "GET /wp-content/plugins/master-slider/public/assets/js/masterslider.min.js?ver=3.7.8 HTTP/1.1" 200 20444 "https://markeva.com.mx/" "Mozilla/5.0 (Linux; Android 6.0.1; Nexus 5X Build/MMB29P) AppleWebKit/537.36 (KHTML, like Gecko) Chrome/91.0.4472.90 Mobile Safari/537.36 (compatible; Googlebot/2.1; +http://www.google.com/bot.html)"
207.46.13.170 - - [04/Jul/2021:07:44:28 -0400] "GET /whiskified-2188106205/beltedwhiskified/ HTTP/2" 404 6947 "-" "Mozilla/5.0 (compatible; bingbot/2.0; +http://www.bing.com/bingbot.htm)"
207.46.13.60 - - [04/Jul/2021:07:55:29 -0400] "GET /hesitatingly/2107948516-earthlight.jp HTTP/2" 404 5668 "-" "Mozilla/5.0 (compatible; bingbot/2.0; +http://www.bing.com/bingbot.htm)"
157.55.39.84 - - [04/Jul/2021:08:59:58 -0400] "GET /retirantpierce/retirant-2137815386.rent HTTP/2" 404 5668 "-" "Mozilla/5.0 (compatible; bingbot/2.0; +http://www.bing.com/bingbot.htm)"
207.46.13.117 - - [04/Jul/2021:08:24:39 -0400] "GET /productos/ HTTP/2" 404 6948 "-" "Mozilla/5.0 (compatible; bingbot/2.0; +http://www.bing.com/bingbot.htm)"
159.89.41.248 - - [04/Jul/2021:08:28:26 -0400] "GET / HTTP/1.1" 200 16726 "-" "Mozilla/5.0 (Windows NT 10.0; Win64; x64) AppleWebKit/537.36 (KHTML, like Gecko) Chrome/89.0.4389.90 Safari/537.36"
114.119.151.89 - - [04/Jul/2021:08:56:47 -0400] "GET /wp-content/uploads/2021/06/5-1.png HTTP/1.1" 200 987512 "-" "Mozilla/5.0 (Linux; Android 7.0;) AppleWebKit/537.36 (KHTML, like Gecko) Mobile Safari/537.36 (compatible; PetalBot;+https://webmaster.petalsearch.com/site/petalbot)"
207.46.13.170 - - [04/Jul/2021:09:24:32 -0400] "GET /masculinitymasculinity_2108203770-02d6d0ggingili.fyi HTTP/2" 404 5668 "-" "Mozilla/5.0 (compatible; bingbot/2.0; +http://www.bing.com/bingbot.htm)"
157.55.39.156 - - [04/Jul/2021:09:42:37 -0400] "GET / HTTP/2" 200 16805 "-" "Mozilla/5.0 (compatible; bingbot/2.0; +http://www.bing.com/bingbot.htm)"
40.77.190.47 - - [04/Jul/2021:09:42:46 -0400] "GET /wp-content/plugins/slider-images/Style/Rich-Web-Slider-Widget.css?ver=5.7.2 HTTP/2" 200 10829 "-" "Mozilla/5.0 (Windows NT 6.1; WOW64) AppleWebKit/534+ (KHTML, like Gecko) BingPreview/1.0b"
40.77.190.136 - - [04/Jul/2021:09:42:46 -0400] "GET /wp-content/themes/Divi/core/admin/fonts/modules.ttf HTTP/2" 200 92400 "-" "Mozilla/5.0 (Windows NT 6.1; WOW64) AppleWebKit/534+ (KHTML, like Gecko) BingPreview/1.0b"
40.77.190.191 - - [04/Jul/2021:09:42:46 -0400] "GET /wp-includes/css/dist/block-library/style.min.css?ver=5.7.2 HTTP/2" 200 58171 "-" "Mozilla/5.0 (Windows NT 6.1; WOW64) AppleWebKit/534+ (KHTML, like Gecko) BingPreview/1.0b"
40.77.189.43 - - [04/Jul/2021:09:42:46 -0400] "GET /wp-content/uploads/master-slider/custom.css?ver=5 HTTP/2" 200 433 "-" "Mozilla/5.0 (Windows NT 6.1; WOW64) AppleWebKit/534+ (KHTML, like Gecko) BingPreview/1.0b"
40.77.188.68 - - [04/Jul/2021:09:42:46 -0400] "GET /wp-includes/js/jquery/jquery.min.js?ver=3.5.1 HTTP/2" 200 89496 "-" "Mozilla/5.0 (Windows NT 6.1; WOW64) AppleWebKit/534+ (KHTML, like Gecko) BingPreview/1.0b"
40.77.190.47 - - [04/Jul/2021:09:42:46 -0400] "GET /wp-content/themes/Divi/style.css?ver=4.9.7 HTTP/2" 200 824719 "-" "Mozilla/5.0 (Windows NT 6.1; WOW64) AppleWebKit/534+ (KHTML, like Gecko) BingPreview/1.0b"
40.77.188.228 - - [04/Jul/2021:09:42:47 -0400] "GET /wp-includes/js/jquery/jquery-migrate.min.js?ver=3.3.2 HTTP/2" 200 11224 "-" "Mozilla/5.0 (Windows NT 6.1; WOW64) AppleWebKit/534+ (KHTML, like Gecko) BingPreview/1.0b"
40.77.190.136 - - [04/Jul/2021:09:42:47 -0400] "GET /wp-content/plugins/slider-images/Scripts/jquery.easing.1.2.js?ver=5.7.2 HTTP/2" 200 4214 "-" "Mozilla/5.0 (Windows NT 6.1; WOW64) AppleWebKit/534+ (KHTML, like Gecko) BingPreview/1.0b"
40.77.188.228 - - [04/Jul/2021:09:42:47 -0400] "GET /wp-content/plugins/slider-images/Scripts/jquery.anythingslider.min.js?ver=5.7.2 HTTP/2" 200 188 "-" "Mozilla/5.0 (Windows NT 6.1; WOW64) AppleWebKit/534+ (KHTML, like Gecko) BingPreview/1.0b"
40.77.190.47 - - [04/Jul/2021:09:42:47 -0400] "GET /wp-content/plugins/slider-images/Scripts/jquery.colorbox-min.js?ver=5.7.2 HTTP/2" 200 9813 "-" "Mozilla/5.0 (Windows NT 6.1; WOW64) AppleWebKit/534+ (KHTML, like Gecko) BingPreview/1.0b"
40.77.190.136 - - [04/Jul/2021:09:42:47 -0400] "GET /wp-content/plugins/logo-carousel-free/public/assets/css/swiper-bundle.min.css?ver=3.3.3 HTTP/2" 200 13613 "-" "Mozilla/5.0 (Windows NT 6.1; WOW64) AppleWebKit/534+ (KHTML, like Gecko) BingPreview/1.0b"
40.77.190.47 - - [04/Jul/2021:09:42:47 -0400] "GET /wp-content/plugins/logo-carousel-free/public/assets/css/font-awesome.min.css?ver=3.3.3 HTTP/2" 200 29062 "-" "Mozilla/5.0 (Windows NT 6.1; WOW64) AppleWebKit/534+ (KHTML, like Gecko) BingPreview/1.0b"
40.77.189.115 - - [04/Jul/2021:09:42:47 -0400] "GET /wp-content/plugins/logo-carousel-free/public/assets/css/style.min.css?ver=3.3.3 HTTP/2" 200 1139 "-" "Mozilla/5.0 (Windows NT 6.1; WOW64) AppleWebKit/534+ (KHTML, like Gecko) BingPreview/1.0b"
40.77.190.47 - - [04/Jul/2021:09:42:47 -0400] "GET /wp-includes/js/wp-embed.min.js?ver=5.7.2 HTTP/2" 200 1426 "-" "Mozilla/5.0 (Windows NT 6.1; WOW64) AppleWebKit/534+ (KHTML, like Gecko) BingPreview/1.0b"
40.77.188.228 - - [04/Jul/2021:09:42:48 -0400] "GET /wp-content/plugins/logo-carousel-free/public/assets/js/swiper-bundle.min.js?ver=3.3.3 HTTP/2" 200 208443 "-" "Mozilla/5.0 (Windows NT 6.1; WOW64) AppleWebKit/534+ (KHTML, like Gecko) BingPreview/1.0b"
40.77.190.47 - - [04/Jul/2021:09:42:48 -0400] "GET /wp-content/plugins/logo-carousel-free/public/assets/fonts/fontawesome-webfont.woff2?v=4.6.3 HTTP/2" 200 71896 "-" "Mozilla/5.0 (Windows NT 6.1; WOW64) AppleWebKit/534+ (KHTML, like Gecko) BingPreview/1.0b"
40.77.189.75 - - [04/Jul/2021:09:42:48 -0400] "GET /wp-includes/js/wp-emoji-release.min.js?ver=5.7.2 HTTP/2" 200 14229 "-" "Mozilla/5.0 (Windows NT 6.1; WOW64) AppleWebKit/534+ (KHTML, like Gecko) BingPreview/1.0b"
157.55.39.156 - - [04/Jul/2021:09:49:59 -0400] "GET /2102000379/earwaxresidua/ HTTP/2" 404 6951 "-" "Mozilla/5.0 (compatible; bingbot/2.0; +http://www.bing.com/bingbot.htm)"
184.171.242.15 - - [04/Jul/2021:09:42:38 -0400] "POST /wp-cron.php?doing_wp_cron=1625406158.7915019989013671875000 HTTP/1.1" 200 0 "https://markeva.com.mx/wp-cron.php?doing_wp_cron=1625406158.7915019989013671875000" "WordPress/5.7.2; https://markeva.com.mx"
40.77.188.68 - - [04/Jul/2021:09:42:46 -0400] "GET /wp-content/plugins/slider-images/Style/richwebicons.css?ver=5.7.2 HTTP/2" 200 41783 "-" "Mozilla/5.0 (Windows NT 6.1; WOW64) AppleWebKit/534+ (KHTML, like Gecko) BingPreview/1.0b"
40.77.189.43 - - [04/Jul/2021:09:42:46 -0400] "GET /wp-content/uploads/useanyfont/uaf.css?ver=1625401706 HTTP/2" 200 372 "-" "Mozilla/5.0 (Windows NT 6.1; WOW64) AppleWebKit/534+ (KHTML, like Gecko) BingPreview/1.0b"
40.77.190.136 - - [04/Jul/2021:09:42:46 -0400] "GET /wp-content/plugins/popups-for-divi/styles/front.min.css?ver=2.3.6 HTTP/2" 200 7637 "-" "Mozilla/5.0 (Windows NT 6.1; WOW64) AppleWebKit/534+ (KHTML, like Gecko) BingPreview/1.0b"
40.77.188.68 - - [04/Jul/2021:09:42:46 -0400] "GET /wp-content/plugins/master-slider/public/assets/css/masterslider.main.css?ver=3.7.8 HTTP/2" 200 64689 "-" "Mozilla/5.0 (Windows NT 6.1; WOW64) AppleWebKit/534+ (KHTML, like Gecko) BingPreview/1.0b"
40.77.190.136 - - [04/Jul/2021:09:42:46 -0400] "GET /wp-content/plugins/popups-for-divi/scripts/ie-compat.min.js?ver=2.3.6 HTTP/2" 200 9647 "-" "Mozilla/5.0 (Windows NT 6.1; WOW64) AppleWebKit/534+ (KHTML, like Gecko) BingPreview/1.0b"
40.77.189.115 - - [04/Jul/2021:09:42:47 -0400] "GET /wp-includes/js/jquery/ui/core.min.js?ver=1.12.1 HTTP/2" 200 20787 "-" "Mozilla/5.0 (Windows NT 6.1; WOW64) AppleWebKit/534+ (KHTML, like Gecko) BingPreview/1.0b"
40.77.189.43 - - [04/Jul/2021:09:42:47 -0400] "GET /wp-content/plugins/slider-images/Scripts/Rich-Web-Slider-Widget.js?ver=5.7.2 HTTP/2" 200 0 "-" "Mozilla/5.0 (Windows NT 6.1; WOW64) AppleWebKit/534+ (KHTML, like Gecko) BingPreview/1.0b"
40.77.189.43 - - [04/Jul/2021:09:42:47 -0400] "GET /wp-content/et-cache/6/et-core-unified-6-16244753402415.min.css HTTP/2" 200 27122 "-" "Mozilla/5.0 (Windows NT 6.1; WOW64) AppleWebKit/534+ (KHTML, like Gecko) BingPreview/1.0b"
40.77.189.43 - - [04/Jul/2021:09:42:47 -0400] "GET /wp-content/plugins/popups-for-divi/scripts/front.min.js?ver=2.3.6 HTTP/2" 200 62089 "-" "Mozilla/5.0 (Windows NT 6.1; WOW64) AppleWebKit/534+ (KHTML, like Gecko) BingPreview/1.0b"
40.77.188.228 - - [04/Jul/2021:09:42:47 -0400] "GET /wp-content/themes/Divi/core/admin/js/common.js?ver=4.9.7 HTTP/2" 200 1343 "-" "Mozilla/5.0 (Windows NT 6.1; WOW64) AppleWebKit/534+ (KHTML, like Gecko) BingPreview/1.0b"
40.77.189.43 - - [04/Jul/2021:09:42:47 -0400] "GET /wp-content/plugins/master-slider/public/assets/js/jquery.easing.min.js?ver=3.7.8 HTTP/2" 200 5555 "-" "Mozilla/5.0 (Windows NT 6.1; WOW64) AppleWebKit/534+ (KHTML, like Gecko) BingPreview/1.0b"
40.77.189.115 - - [04/Jul/2021:09:42:47 -0400] "GET /wp-content/themes/Divi/js/custom.unified.js?ver=4.9.7 HTTP/2" 200 499676 "-" "Mozilla/5.0 (Windows NT 6.1; WOW64) AppleWebKit/534+ (KHTML, like Gecko) BingPreview/1.0b"
40.77.190.136 - - [04/Jul/2021:09:42:48 -0400] "GET /wp-content/plugins/master-slider/public/assets/js/masterslider.min.js?ver=3.7.8 HTTP/2" 200 92236 "-" "Mozilla/5.0 (Windows NT 6.1; WOW64) AppleWebKit/534+ (KHTML, like Gecko) BingPreview/1.0b"
40.77.189.43 - - [04/Jul/2021:09:42:48 -0400] "GET /wp-content/plugins/logo-carousel-free/public/assets/js/splc-script.min.js?ver=3.3.3 HTTP/2" 200 1945 "-" "Mozilla/5.0 (Windows NT 6.1; WOW64) AppleWebKit/534+ (KHTML, like Gecko) BingPreview/1.0b"
40.77.188.68 - - [04/Jul/2021:09:42:48 -0400] "GET /wp-content/uploads/useanyfont/1318roboto.woff2 HTTP/2" 200 50752 "-" "Mozilla/5.0 (Windows NT 6.1; WOW64) AppleWebKit/534+ (KHTML, like Gecko) BingPreview/1.0b"
207.46.13.187 - - [04/Jul/2021:09:59:06 -0400] "GET /sitemap_index.xml HTTP/2" 200 327 "-" "Mozilla/5.0 (compatible; bingbot/2.0; +http://www.bing.com/bingbot.htm)"
207.46.13.167 - - [04/Jul/2021:09:53:41 -0400] "GET /thermopile_2143258547-linga/ HTTP/2" 404 6951 "-" "Mozilla/5.0 (compatible; bingbot/2.0; +http://www.bing.com/bingbot.htm)"
66.249.70.111 - - [04/Jul/2021:10:10:03 -0400] "GET /wp-includes/js/jquery/ui/core.min.js?ver=1.12.1 HTTP/1.1" 200 6548 "https://markeva.com.mx/" "Mozilla/5.0 AppleWebKit/537.36 (KHTML, like Gecko; compatible; Googlebot/2.1; +http://www.google.com/bot.html) Chrome/91.0.4472.90 Safari/537.36"
66.249.64.41 - - [04/Jul/2021:10:09:56 -0400] "GET / HTTP/1.1" 301 0 "-" "Mozilla/5.0 (compatible; Googlebot/2.1; +http://www.google.com/bot.html)"
66.249.70.115 - - [04/Jul/2021:10:09:58 -0400] "GET / HTTP/1.1" 200 20259 "-" "Mozilla/5.0 (compatible; Googlebot/2.1; +http://www.google.com/bot.html)"
184.171.242.15 - - [04/Jul/2021:10:28:23 -0400] "POST /wp-cron.php?doing_wp_cron=1625408903.5947821140289306640625 HTTP/1.1" 200 0 "https://markeva.com.mx/wp-cron.php?doing_wp_cron=1625408903.5947821140289306640625" "WordPress/5.7.2; https://markeva.com.mx"
207.46.13.60 - - [04/Jul/2021:10:28:23 -0400] "GET /2136883107/d1f0e5g_spiritualisation-sermonic/ HTTP/2" 404 6951 "-" "Mozilla/5.0 (compatible; bingbot/2.0; +http://www.bing.com/bingbot.htm)"
172.93.142.229 - - [04/Jul/2021:10:56:50 -0400] "GET / HTTP/1.1" 200 16728 "-" "Mozilla/5.0 (X11; Linux x86_64; rv:68.0) Gecko/20100101 Firefox/68.0"
207.46.13.117 - - [04/Jul/2021:11:03:44 -0400] "GET /wicketbenefice/2234112505_wicket/ HTTP/2" 404 6951 "-" "Mozilla/5.0 (compatible; bingbot/2.0; +http://www.bing.com/bingbot.htm)"
138.246.253.24 - - [04/Jul/2021:11:50:37 -0400] "GET /robots.txt HTTP/1.1" 200 67 "-" "Mozilla/5.0 (Windows NT 10.0; Win64; x64) AppleWebKit/537.36 (KHTML, like Gecko) Chrome/88.0.4324.146 Safari/537.36"
5.255.231.132 - - [04/Jul/2021:11:50:00 -0400] "GET /robots.txt HTTP/1.1" 200 67 "-" "Mozilla/5.0 (compatible; YandexBot/3.0; +http://yandex.com/bots)"
157.55.39.156 - - [04/Jul/2021:11:55:53 -0400] "GET /butylene-2202692611-plasticizerf2b333g/ HTTP/2" 404 6951 "-" "Mozilla/5.0 (compatible; bingbot/2.0; +http://www.bing.com/bingbot.htm)"
157.55.39.156 - - [04/Jul/2021:12:20:11 -0400] "GET /2102043522/sermonicspiritualisation-spiritualisation.webcam HTTP/2" 404 6951 "-" "Mozilla/5.0 (compatible; bingbot/2.0; +http://www.bing.com/bingbot.htm)"
40.77.167.61 - - [04/Jul/2021:12:23:49 -0400] "GET /retractation-2102000366-typesettypeset7bf91ag/ HTTP/2" 404 6951 "-" "Mozilla/5.0 (compatible; bingbot/2.0; +http://www.bing.com/bingbot.htm)"
207.46.13.60 - - [04/Jul/2021:12:34:15 -0400] "GET /productos/manejo-de-fluidos/ HTTP/2" 404 6951 "-" "Mozilla/5.0 (compatible; bingbot/2.0; +http://www.bing.com/bingbot.htm)"
184.171.242.15 - - [04/Jul/2021:12:34:15 -0400] "POST /wp-cron.php?doing_wp_cron=1625416455.5267400741577148437500 HTTP/1.1" 200 0 "https://markeva.com.mx/wp-cron.php?doing_wp_cron=1625416455.5267400741577148437500" "WordPress/5.7.2; https://markeva.com.mx"
207.46.13.170 - - [04/Jul/2021:12:38:03 -0400] "GET /2142417525-crinklecrinkleepithelial/ HTTP/2" 404 6951 "-" "Mozilla/5.0 (compatible; bingbot/2.0; +http://www.bing.com/bingbot.htm)"
207.46.13.60 - - [04/Jul/2021:13:11:48 -0400] "GET /melancholiapastry_2047.beer HTTP/2" 404 5668 "-" "Mozilla/5.0 (compatible; bingbot/2.0; +http://www.bing.com/bingbot.htm)"
207.46.13.167 - - [04/Jul/2021:13:17:09 -0400] "GET /2207690415-convulsionary-titrant/ HTTP/2" 404 6951 "-" "Mozilla/5.0 (compatible; bingbot/2.0; +http://www.bing.com/bingbot.htm)"
40.77.167.45 - - [04/Jul/2021:13:21:48 -0400] "GET /?judgematicbeetleweed-2135173699_a4c0bbg.tips HTTP/2" 301 0 "-" "Mozilla/5.0 (compatible; bingbot/2.0; +http://www.bing.com/bingbot.htm)"
40.77.167.45 - - [04/Jul/2021:14:17:22 -0400] "GET /e72bb9ggamblemislabel_2211082863/ HTTP/2" 404 6951 "-" "Mozilla/5.0 (compatible; bingbot/2.0; +http://www.bing.com/bingbot.htm)"
5.255.231.154 - - [04/Jul/2021:14:35:02 -0400] "GET / HTTP/1.1" 200 16813 "-" "Mozilla/5.0 (compatible; YandexBot/3.0; +http://yandex.com/bots)"
94.142.244.16 - - [04/Jul/2021:14:51:49 -0400] "GET / HTTP/1.0" 200 89816 "https://markeva.com.mx/" "Mozilla/5.0 (Windows NT 10.0; Win64; x64) AppleWebKit/537.36 (KHTML, like Gecko) Chrome/83.0.4087.0 Safari/537.36"
5.255.231.154 - - [04/Jul/2021:14:41:49 -0400] "GET / HTTP/1.1" 200 16812 "-" "Mozilla/5.0 (compatible; YandexBot/3.0; +http://yandex.com/bots)"
66.249.70.115 - - [04/Jul/2021:14:49:43 -0400] "GET /feed/ HTTP/1.1" 200 951 "-" "Mozilla/5.0 (compatible; Googlebot/2.1; +http://www.google.com/bot.html)"
207.46.13.6 - - [04/Jul/2021:14:56:52 -0400] "GET /robots.txt HTTP/2" 200 70 "-" "Mozilla/5.0 (compatible; bingbot/2.0; +http://www.bing.com/bingbot.htm)"
207.46.13.114 - - [04/Jul/2021:14:56:59 -0400] "GET /2102002848_hemipareticabbe/ HTTP/2" 404 6951 "-" "Mozilla/5.0 (compatible; bingbot/2.0; +http://www.bing.com/bingbot.htm)"
207.46.13.6 - - [04/Jul/2021:14:56:47 -0400] "GET /robots.txt HTTP/2" 200 70 "-" "Mozilla/5.0 (compatible; bingbot/2.0; +http://www.bing.com/bingbot.htm)"
207.46.13.167 - - [04/Jul/2021:15:09:30 -0400] "GET /?2102000331%2Finaptnessmasculinity%2F HTTP/2" 200 16834 "-" "Mozilla/5.0 (compatible; bingbot/2.0; +http://www.bing.com/bingbot.htm)"
207.46.13.114 - - [04/Jul/2021:15:25:54 -0400] "GET /?2197067903_yusho-atyusho/ HTTP/2" 301 0 "-" "Mozilla/5.0 (compatible; bingbot/2.0; +http://www.bing.com/bingbot.htm)"
184.171.242.15 - - [04/Jul/2021:15:57:45 -0400] "POST /wp-cron.php?doing_wp_cron=1625428665.9349389076232910156250 HTTP/1.1" 200 0 "https://markeva.com.mx/wp-cron.php?doing_wp_cron=1625428665.9349389076232910156250" "WordPress/5.7.2; https://markeva.com.mx"
207.46.13.114 - - [04/Jul/2021:15:57:40 -0400] "GET /wp-content/uploads/2016/12/especialidades-logos.png HTTP/2" 404 5668 "-" "Mozilla/5.0 (compatible; bingbot/2.0; +http://www.bing.com/bingbot.htm)"
40.77.167.45 - - [04/Jul/2021:16:07:52 -0400] "GET /retirant-2060_ptomaine.tips HTTP/2" 404 5668 "-" "Mozilla/5.0 (compatible; bingbot/2.0; +http://www.bing.com/bingbot.htm)"
207.46.13.187 - - [04/Jul/2021:16:14:02 -0400] "GET /equatorward_2210418171-josephequatorward/ HTTP/2" 404 6951 "-" "Mozilla/5.0 (compatible; bingbot/2.0; +http://www.bing.com/bingbot.htm)"
157.55.39.84 - - [04/Jul/2021:16:21:43 -0400] "GET /expectorate-2046_latviaexpectorate.construction HTTP/2" 404 6951 "-" "Mozilla/5.0 (compatible; bingbot/2.0; +http://www.bing.com/bingbot.htm)"
138.97.170.208 - - [04/Jul/2021:16:28:12 -0400] "GET /wp-includes/css/dist/block-library/style.min.css?ver=5.7.2 HTTP/2" 200 7922 "https://markeva.com.mx/" "Mozilla/5.0 (Macintosh; Intel Mac OS X 10_15_7) AppleWebKit/537.36 (KHTML, like Gecko) Chrome/90.0.4430.212 Safari/537.36"
138.97.170.208 - - [04/Jul/2021:16:28:12 -0400] "GET /wp-content/plugins/slider-images/Style/Rich-Web-Slider-Widget.css?ver=5.7.2 HTTP/2" 200 2051 "https://markeva.com.mx/" "Mozilla/5.0 (Macintosh; Intel Mac OS X 10_15_7) AppleWebKit/537.36 (KHTML, like Gecko) Chrome/90.0.4430.212 Safari/537.36"
138.97.170.208 - - [04/Jul/2021:16:28:12 -0400] "GET /wp-content/plugins/slider-images/Style/richwebicons.css?ver=5.7.2 HTTP/2" 200 6488 "https://markeva.com.mx/" "Mozilla/5.0 (Macintosh; Intel Mac OS X 10_15_7) AppleWebKit/537.36 (KHTML, like Gecko) Chrome/90.0.4430.212 Safari/537.36"
138.97.170.208 - - [04/Jul/2021:16:28:12 -0400] "GET /wp-content/uploads/useanyfont/uaf.css?ver=1625423702 HTTP/2" 200 163 "https://markeva.com.mx/" "Mozilla/5.0 (Macintosh; Intel Mac OS X 10_15_7) AppleWebKit/537.36 (KHTML, like Gecko) Chrome/90.0.4430.212 Safari/537.36"
138.97.170.208 - - [04/Jul/2021:16:28:12 -0400] "GET /wp-content/plugins/popups-for-divi/styles/front.min.css?ver=2.3.6 HTTP/2" 200 1533 "https://markeva.com.mx/" "Mozilla/5.0 (Macintosh; Intel Mac OS X 10_15_7) AppleWebKit/537.36 (KHTML, like Gecko) Chrome/90.0.4430.212 Safari/537.36"
138.97.170.208 - - [04/Jul/2021:16:28:12 -0400] "GET /wp-content/plugins/master-slider/public/assets/css/masterslider.main.css?ver=3.7.8 HTTP/2" 200 6861 "https://markeva.com.mx/" "Mozilla/5.0 (Macintosh; Intel Mac OS X 10_15_7) AppleWebKit/537.36 (KHTML, like Gecko) Chrome/90.0.4430.212 Safari/537.36"
138.97.170.208 - - [04/Jul/2021:16:28:12 -0400] "GET /wp-content/uploads/master-slider/custom.css?ver=5 HTTP/2" 200 147 "https://markeva.com.mx/" "Mozilla/5.0 (Macintosh; Intel Mac OS X 10_15_7) AppleWebKit/537.36 (KHTML, like Gecko) Chrome/90.0.4430.212 Safari/537.36"
138.97.170.208 - - [04/Jul/2021:16:28:12 -0400] "GET /wp-content/plugins/popups-for-divi/scripts/ie-compat.min.js?ver=2.3.6 HTTP/2" 200 3366 "https://markeva.com.mx/" "Mozilla/5.0 (Macintosh; Intel Mac OS X 10_15_7) AppleWebKit/537.36 (KHTML, like Gecko) Chrome/90.0.4430.212 Safari/537.36"
138.97.170.208 - - [04/Jul/2021:16:28:12 -0400] "GET /wp-includes/js/jquery/jquery-migrate.min.js?ver=3.3.2 HTTP/2" 200 3984 "https://markeva.com.mx/" "Mozilla/5.0 (Macintosh; Intel Mac OS X 10_15_7) AppleWebKit/537.36 (KHTML, like Gecko) Chrome/90.0.4430.212 Safari/537.36"
138.97.170.208 - - [04/Jul/2021:16:28:12 -0400] "GET /wp-includes/js/jquery/ui/core.min.js?ver=1.12.1 HTTP/2" 200 6548 "https://markeva.com.mx/" "Mozilla/5.0 (Macintosh; Intel Mac OS X 10_15_7) AppleWebKit/537.36 (KHTML, like Gecko) Chrome/90.0.4430.212 Safari/537.36"
138.97.170.208 - - [04/Jul/2021:16:28:12 -0400] "GET /wp-content/plugins/slider-images/Scripts/Rich-Web-Slider-Widget.js?ver=5.7.2 HTTP/2" 200 0 "https://markeva.com.mx/" "Mozilla/5.0 (Macintosh; Intel Mac OS X 10_15_7) AppleWebKit/537.36 (KHTML, like Gecko) Chrome/90.0.4430.212 Safari/537.36"
138.97.170.208 - - [04/Jul/2021:16:28:12 -0400] "GET /wp-content/plugins/slider-images/Scripts/jquery.easing.1.2.js?ver=5.7.2 HTTP/2" 200 824 "https://markeva.com.mx/" "Mozilla/5.0 (Macintosh; Intel Mac OS X 10_15_7) AppleWebKit/537.36 (KHTML, like Gecko) Chrome/90.0.4430.212 Safari/537.36"
138.97.170.208 - - [04/Jul/2021:16:28:12 -0400] "GET /wp-content/plugins/slider-images/Scripts/jquery.anythingslider.min.js?ver=5.7.2 HTTP/2" 200 188 "https://markeva.com.mx/" "Mozilla/5.0 (Macintosh; Intel Mac OS X 10_15_7) AppleWebKit/537.36 (KHTML, like Gecko) Chrome/90.0.4430.212 Safari/537.36"
66.249.70.111 - - [04/Jul/2021:16:24:57 -0400] "GET /feed/ HTTP/1.1" 200 951 "-" "Mozilla/5.0 (compatible; Googlebot/2.1; +http://www.google.com/bot.html)"
184.171.242.15 - - [04/Jul/2021:16:28:10 -0400] "POST /wp-cron.php?doing_wp_cron=1625430490.4791290760040283203125 HTTP/1.1" 200 0 "https://markeva.com.mx/wp-cron.php?doing_wp_cron=1625430490.4791290760040283203125" "WordPress/5.7.2; https://markeva.com.mx"
138.97.170.208 - - [04/Jul/2021:16:28:14 -0400] "GET /wp-content/plugins/master-slider/public/assets/css/blank.gif HTTP/1.1" 200 43 "https://markeva.com.mx/" "Mozilla/5.0 (Macintosh; Intel Mac OS X 10_15_7) AppleWebKit/537.36 (KHTML, like Gecko) Chrome/90.0.4430.212 Safari/537.36"
138.97.170.208 - - [04/Jul/2021:16:28:14 -0400] "GET /wp-content/uploads/2021/06/kisspng-computer-icons-desktop-wallpaper-seed-clip-art-5af86f9393d157.9929974015262309316055.png HTTP/1.1" 200 34149 "https://markeva.com.mx/" "Mozilla/5.0 (Macintosh; Intel Mac OS X 10_15_7) AppleWebKit/537.36 (KHTML, like Gecko) Chrome/90.0.4430.212 Safari/537.36"
138.97.170.208 - - [04/Jul/2021:16:28:14 -0400] "GET /wp-content/plugins/logo-carousel-free/public/assets/css/style.min.css?ver=3.3.3 HTTP/1.1" 200 335 "https://markeva.com.mx/" "Mozilla/5.0 (Macintosh; Intel Mac OS X 10_15_7) AppleWebKit/537.36 (KHTML, like Gecko) Chrome/90.0.4430.212 Safari/537.36"
138.97.170.208 - - [04/Jul/2021:16:28:14 -0400] "GET /wp-content/themes/Divi/core/admin/js/common.js?ver=4.9.7 HTTP/1.1" 200 491 "https://markeva.com.mx/" "Mozilla/5.0 (Macintosh; Intel Mac OS X 10_15_7) AppleWebKit/537.36 (KHTML, like Gecko) Chrome/90.0.4430.212 Safari/537.36"
138.97.170.208 - - [04/Jul/2021:16:28:14 -0400] "GET /wp-includes/js/wp-embed.min.js?ver=5.7.2 HTTP/1.1" 200 664 "https://markeva.com.mx/" "Mozilla/5.0 (Macintosh; Intel Mac OS X 10_15_7) AppleWebKit/537.36 (KHTML, like Gecko) Chrome/90.0.4430.212 Safari/537.36"
138.97.170.208 - - [04/Jul/2021:16:28:14 -0400] "GET /wp-content/plugins/logo-carousel-free/public/assets/js/splc-script.min.js?ver=3.3.3 HTTP/1.1" 200 654 "https://markeva.com.mx/" "Mozilla/5.0 (Macintosh; Intel Mac OS X 10_15_7) AppleWebKit/537.36 (KHTML, like Gecko) Chrome/90.0.4430.212 Safari/537.36"
138.97.170.208 - - [04/Jul/2021:16:28:14 -0400] "GET /wp-content/plugins/logo-carousel-free/public/assets/css/swiper-bundle.min.css?ver=3.3.3 HTTP/1.1" 200 3829 "https://markeva.com.mx/" "Mozilla/5.0 (Macintosh; Intel Mac OS X 10_15_7) AppleWebKit/537.36 (KHTML, like Gecko) Chrome/90.0.4430.212 Safari/537.36"
138.97.170.208 - - [04/Jul/2021:16:28:14 -0400] "GET /wp-content/uploads/2021/06/Sin-titulo-2-1.png HTTP/1.1" 200 17050 "https://markeva.com.mx/" "Mozilla/5.0 (Macintosh; Intel Mac OS X 10_15_7) AppleWebKit/537.36 (KHTML, like Gecko) Chrome/90.0.4430.212 Safari/537.36"
138.97.170.208 - - [04/Jul/2021:16:28:14 -0400] "GET /wp-content/uploads/2021/06/Chumaceras.jpg HTTP/1.1" 200 27976 "https://markeva.com.mx/" "Mozilla/5.0 (Macintosh; Intel Mac OS X 10_15_7) AppleWebKit/537.36 (KHTML, like Gecko) Chrome/90.0.4430.212 Safari/537.36"
138.97.170.208 - - [04/Jul/2021:16:28:14 -0400] "GET /wp-content/plugins/logo-carousel-free/public/assets/css/images/bx_loader.gif HTTP/1.1" 200 8581 "https://markeva.com.mx/" "Mozilla/5.0 (Macintosh; Intel Mac OS X 10_15_7) AppleWebKit/537.36 (KHTML, like Gecko) Chrome/90.0.4430.212 Safari/537.36"
138.97.170.208 - - [04/Jul/2021:16:28:14 -0400] "GET /wp-content/plugins/logo-carousel-free/public/assets/css/font-awesome.min.css?ver=3.3.3 HTTP/1.1" 200 6192 "https://markeva.com.mx/" "Mozilla/5.0 (Macintosh; Intel Mac OS X 10_15_7) AppleWebKit/537.36 (KHTML, like Gecko) Chrome/90.0.4430.212 Safari/537.36"
138.97.170.208 - - [04/Jul/2021:16:28:14 -0400] "GET /wp-content/plugins/master-slider/public/assets/js/jquery.easing.min.js?ver=3.7.8 HTTP/1.1" 200 1781 "https://markeva.com.mx/" "Mozilla/5.0 (Macintosh; Intel Mac OS X 10_15_7) AppleWebKit/537.36 (KHTML, like Gecko) Chrome/90.0.4430.212 Safari/537.36"
138.97.170.208 - - [04/Jul/2021:16:28:14 -0400] "GET /wp-content/uploads/2021/06/open-delivered-box.png HTTP/1.1" 200 17182 "https://markeva.com.mx/" "Mozilla/5.0 (Macintosh; Intel Mac OS X 10_15_7) AppleWebKit/537.36 (KHTML, like Gecko) Chrome/90.0.4430.212 Safari/537.36"
138.97.170.208 - - [04/Jul/2021:16:28:14 -0400] "GET /wp-content/uploads/2021/06/26143.png HTTP/1.1" 200 20409 "https://markeva.com.mx/" "Mozilla/5.0 (Macintosh; Intel Mac OS X 10_15_7) AppleWebKit/537.36 (KHTML, like Gecko) Chrome/90.0.4430.212 Safari/537.36"
138.97.170.208 - - [04/Jul/2021:16:28:14 -0400] "GET /wp-content/uploads/2021/06/manejo_de_fluidos.jpg HTTP/1.1" 200 28797 "https://markeva.com.mx/" "Mozilla/5.0 (Macintosh; Intel Mac OS X 10_15_7) AppleWebKit/537.36 (KHTML, like Gecko) Chrome/90.0.4430.212 Safari/537.36"
138.97.170.208 - - [04/Jul/2021:16:28:14 -0400] "GET /wp-content/plugins/popups-for-divi/scripts/front.min.js?ver=2.3.6 HTTP/1.1" 200 19092 "https://markeva.com.mx/" "Mozilla/5.0 (Macintosh; Intel Mac OS X 10_15_7) AppleWebKit/537.36 (KHTML, like Gecko) Chrome/90.0.4430.212 Safari/537.36"
138.97.170.208 - - [04/Jul/2021:16:28:14 -0400] "GET /wp-content/plugins/master-slider/public/assets/js/masterslider.min.js?ver=3.7.8 HTTP/1.1" 200 20444 "https://markeva.com.mx/" "Mozilla/5.0 (Macintosh; Intel Mac OS X 10_15_7) AppleWebKit/537.36 (KHTML, like Gecko) Chrome/90.0.4430.212 Safari/537.36"
138.97.170.208 - - [04/Jul/2021:16:28:14 -0400] "GET /wp-content/uploads/2021/06/klipartz.com_.png HTTP/1.1" 200 16654 "https://markeva.com.mx/" "Mozilla/5.0 (Macintosh; Intel Mac OS X 10_15_7) AppleWebKit/537.36 (KHTML, like Gecko) Chrome/90.0.4430.212 Safari/537.36"
138.97.170.208 - - [04/Jul/2021:16:28:14 -0400] "GET /wp-content/uploads/2021/06/bandas_de_trasmision.jpg HTTP/1.1" 200 37713 "https://markeva.com.mx/" "Mozilla/5.0 (Macintosh; Intel Mac OS X 10_15_7) AppleWebKit/537.36 (KHTML, like Gecko) Chrome/90.0.4430.212 Safari/537.36"
138.97.170.208 - - [04/Jul/2021:16:28:14 -0400] "GET /wp-content/uploads/2021/06/Material-Electrico.jpg HTTP/1.1" 200 35043 "https://markeva.com.mx/" "Mozilla/5.0 (Macintosh; Intel Mac OS X 10_15_7) AppleWebKit/537.36 (KHTML, like Gecko) Chrome/90.0.4430.212 Safari/537.36"
138.97.170.208 - - [04/Jul/2021:16:28:14 -0400] "GET /wp-content/plugins/logo-carousel-free/public/assets/js/swiper-bundle.min.js?ver=3.3.3 HTTP/1.1" 200 42283 "https://markeva.com.mx/" "Mozilla/5.0 (Macintosh; Intel Mac OS X 10_15_7) AppleWebKit/537.36 (KHTML, like Gecko) Chrome/90.0.4430.212 Safari/537.36"
138.97.170.208 - - [04/Jul/2021:16:28:14 -0400] "GET /wp-content/uploads/2021/06/Polimeros.jpg HTTP/1.1" 200 44728 "https://markeva.com.mx/" "Mozilla/5.0 (Macintosh; Intel Mac OS X 10_15_7) AppleWebKit/537.36 (KHTML, like Gecko) Chrome/90.0.4430.212 Safari/537.36"
138.97.170.208 - - [04/Jul/2021:16:28:14 -0400] "GET /wp-content/uploads/2021/06/13.png HTTP/1.1" 200 46781 "https://markeva.com.mx/" "Mozilla/5.0 (Macintosh; Intel Mac OS X 10_15_7) AppleWebKit/537.36 (KHTML, like Gecko) Chrome/90.0.4430.212 Safari/537.36"
138.97.170.208 - - [04/Jul/2021:16:28:14 -0400] "GET /wp-content/uploads/2021/06/transmisison_potencia-1.jpg HTTP/1.1" 200 93014 "https://markeva.com.mx/" "Mozilla/5.0 (Macintosh; Intel Mac OS X 10_15_7) AppleWebKit/537.36 (KHTML, like Gecko) Chrome/90.0.4430.212 Safari/537.36"
138.97.170.208 - - [04/Jul/2021:16:28:14 -0400] "GET /wp-content/uploads/2021/06/5.png HTTP/1.1" 200 68395 "https://markeva.com.mx/" "Mozilla/5.0 (Macintosh; Intel Mac OS X 10_15_7) AppleWebKit/537.36 (KHTML, like Gecko) Chrome/90.0.4430.212 Safari/537.36"
138.97.170.208 - - [04/Jul/2021:16:28:14 -0400] "GET /wp-content/uploads/2021/06/9.png HTTP/1.1" 200 101628 "https://markeva.com.mx/" "Mozilla/5.0 (Macintosh; Intel Mac OS X 10_15_7) AppleWebKit/537.36 (KHTML, like Gecko) Chrome/90.0.4430.212 Safari/537.36"
207.46.13.114 - - [04/Jul/2021:16:36:21 -0400] "GET /netop_2174704958/oviposit.construction HTTP/2" 404 6950 "-" "Mozilla/5.0 (compatible; bingbot/2.0; +http://www.bing.com/bingbot.htm)"
138.97.170.208 - - [04/Jul/2021:16:28:12 -0400] "GET /wp-content/plugins/slider-images/Scripts/jquery.colorbox-min.js?ver=5.7.2 HTTP/2" 200 4094 "https://markeva.com.mx/" "Mozilla/5.0 (Macintosh; Intel Mac OS X 10_15_7) AppleWebKit/537.36 (KHTML, like Gecko) Chrome/90.0.4430.212 Safari/537.36"
138.97.170.208 - - [04/Jul/2021:16:28:12 -0400] "GET /wp-content/et-cache/6/et-core-unified-6-16244753402415.min.css HTTP/2" 200 2886 "https://markeva.com.mx/" "Mozilla/5.0 (Macintosh; Intel Mac OS X 10_15_7) AppleWebKit/537.36 (KHTML, like Gecko) Chrome/90.0.4430.212 Safari/537.36"
138.97.170.208 - - [04/Jul/2021:16:28:12 -0400] "GET /wp-includes/js/jquery/jquery.min.js?ver=3.5.1 HTTP/2" 200 29967 "https://markeva.com.mx/" "Mozilla/5.0 (Macintosh; Intel Mac OS X 10_15_7) AppleWebKit/537.36 (KHTML, like Gecko) Chrome/90.0.4430.212 Safari/537.36"
138.97.170.208 - - [04/Jul/2021:16:28:12 -0400] "GET /wp-content/themes/Divi/style.css?ver=4.9.7 HTTP/2" 200 70623 "https://markeva.com.mx/" "Mozilla/5.0 (Macintosh; Intel Mac OS X 10_15_7) AppleWebKit/537.36 (KHTML, like Gecko) Chrome/90.0.4430.212 Safari/537.36"
138.97.170.208 - - [04/Jul/2021:16:28:12 -0400] "GET /wp-content/themes/Divi/core/admin/fonts/modules.ttf HTTP/2" 200 92400 "https://markeva.com.mx/" "Mozilla/5.0 (Macintosh; Intel Mac OS X 10_15_7) AppleWebKit/537.36 (KHTML, like Gecko) Chrome/90.0.4430.212 Safari/537.36"
138.97.170.208 - - [04/Jul/2021:16:28:12 -0400] "GET /wp-content/uploads/2021/06/logo.png HTTP/2" 200 185859 "https://markeva.com.mx/" "Mozilla/5.0 (Macintosh; Intel Mac OS X 10_15_7) AppleWebKit/537.36 (KHTML, like Gecko) Chrome/90.0.4430.212 Safari/537.36"
138.97.170.208 - - [04/Jul/2021:16:28:10 -0400] "GET / HTTP/2" 200 20259 "https://www.google.com/" "Mozilla/5.0 (Macintosh; Intel Mac OS X 10_15_7) AppleWebKit/537.36 (KHTML, like Gecko) Chrome/90.0.4430.212 Safari/537.36"
92.118.160.45 - - [04/Jul/2021:16:29:55 -0400] "GET / HTTP/1.1" 200 89808 "http://184.171.242.18:80/" "Go http package"
138.97.170.208 - - [04/Jul/2021:16:28:14 -0400] "GET /wp-content/themes/Divi/js/custom.unified.js?ver=4.9.7 HTTP/1.1" 200 128579 "https://markeva.com.mx/" "Mozilla/5.0 (Macintosh; Intel Mac OS X 10_15_7) AppleWebKit/537.36 (KHTML, like Gecko) Chrome/90.0.4430.212 Safari/537.36"
138.97.170.208 - - [04/Jul/2021:16:28:14 -0400] "GET /wp-content/uploads/2021/06/10.png HTTP/1.1" 200 272745 "https://markeva.com.mx/" "Mozilla/5.0 (Macintosh; Intel Mac OS X 10_15_7) AppleWebKit/537.36 (KHTML, like Gecko) Chrome/90.0.4430.212 Safari/537.36"
138.97.170.208 - - [04/Jul/2021:16:28:14 -0400] "GET /wp-content/uploads/2021/06/6.png HTTP/1.1" 200 629357 "https://markeva.com.mx/" "Mozilla/5.0 (Macintosh; Intel Mac OS X 10_15_7) AppleWebKit/537.36 (KHTML, like Gecko) Chrome/90.0.4430.212 Safari/537.36"
138.97.170.208 - - [04/Jul/2021:16:28:14 -0400] "GET /wp-content/uploads/2021/06/4.png HTTP/1.1" 200 245891 "https://markeva.com.mx/" "Mozilla/5.0 (Macintosh; Intel Mac OS X 10_15_7) AppleWebKit/537.36 (KHTML, like Gecko) Chrome/90.0.4430.212 Safari/537.36"
138.97.170.208 - - [04/Jul/2021:16:28:14 -0400] "GET /wp-content/uploads/2021/06/11.png HTTP/1.1" 200 270117 "https://markeva.com.mx/" "Mozilla/5.0 (Macintosh; Intel Mac OS X 10_15_7) AppleWebKit/537.36 (KHTML, like Gecko) Chrome/90.0.4430.212 Safari/537.36"
138.97.170.208 - - [04/Jul/2021:16:28:14 -0400] "GET /wp-content/uploads/2021/06/12.png HTTP/1.1" 200 211004 "https://markeva.com.mx/" "Mozilla/5.0 (Macintosh; Intel Mac OS X 10_15_7) AppleWebKit/537.36 (KHTML, like Gecko) Chrome/90.0.4430.212 Safari/537.36"
138.97.170.208 - - [04/Jul/2021:16:28:14 -0400] "GET /wp-content/uploads/2021/06/8.png HTTP/1.1" 200 203912 "https://markeva.com.mx/" "Mozilla/5.0 (Macintosh; Intel Mac OS X 10_15_7) AppleWebKit/537.36 (KHTML, like Gecko) Chrome/90.0.4430.212 Safari/537.36"
138.97.170.208 - - [04/Jul/2021:16:28:14 -0400] "GET /wp-content/uploads/2021/06/7.png HTTP/1.1" 200 261813 "https://markeva.com.mx/" "Mozilla/5.0 (Macintosh; Intel Mac OS X 10_15_7) AppleWebKit/537.36 (KHTML, like Gecko) Chrome/90.0.4430.212 Safari/537.36"
207.46.13.187 - - [04/Jul/2021:17:11:07 -0400] "GET /?2135558123-conjunctiva359514gborneanconjunctiva/ HTTP/2" 301 0 "-" "Mozilla/5.0 (compatible; bingbot/2.0; +http://www.bing.com/bingbot.htm)"
66.249.70.113 - - [04/Jul/2021:17:12:46 -0400] "GET /contacto/10628311_680597858699678_3637004638985860218_n/ HTTP/1.1" 404 7911 "-" "Mozilla/5.0 (compatible; Googlebot/2.1; +http://www.google.com/bot.html)"
184.171.242.15 - - [04/Jul/2021:17:39:47 -0400] "POST /wp-cron.php?doing_wp_cron=1625434787.5301160812377929687500 HTTP/1.1" 200 0 "https://markeva.com.mx/wp-cron.php?doing_wp_cron=1625434787.5301160812377929687500" "WordPress/5.7.2; https://markeva.com.mx"
207.46.13.6 - - [04/Jul/2021:17:39:49 -0400] "GET /robots.txt HTTP/2" 200 70 "-" "Mozilla/5.0 (compatible; bingbot/2.0; +http://www.bing.com/bingbot.htm)"
157.55.39.84 - - [04/Jul/2021:17:39:59 -0400] "GET /hypercautious/hypercautious-2204613717_mislabel/ HTTP/2" 404 6951 "-" "Mozilla/5.0 (compatible; bingbot/2.0; +http://www.bing.com/bingbot.htm)"
207.46.13.6 - - [04/Jul/2021:17:39:46 -0400] "GET /robots.txt HTTP/2" 200 70 "-" "Mozilla/5.0 (compatible; bingbot/2.0; +http://www.bing.com/bingbot.htm)"
207.46.13.60 - - [04/Jul/2021:17:59:35 -0400] "GET /2206156523-gaingivingwelshergaingiving/ HTTP/2" 404 6950 "-" "Mozilla/5.0 (compatible; bingbot/2.0; +http://www.bing.com/bingbot.htm)"
207.46.13.114 - - [04/Jul/2021:18:15:41 -0400] "GET /fiddlesticks/2102002830/statecraft/ HTTP/2" 404 6951 "-" "Mozilla/5.0 (compatible; bingbot/2.0; +http://www.bing.com/bingbot.htm)"
207.46.13.187 - - [04/Jul/2021:18:30:16 -0400] "GET /2183581679_zanthoxylum9cd747gmelolonthid.rent HTTP/2" 404 5668 "-" "Mozilla/5.0 (compatible; bingbot/2.0; +http://www.bing.com/bingbot.htm)"
52.26.52.139 - - [04/Jul/2021:18:33:39 -0400] "GET / HTTP/1.1" 200 16729 "-" "Mozilla/5.0 (X11; Linux x86_64) AppleWebKit/537.36 (KHTML, like Gecko) Chrome/83.0.4103.97 Safari/537.36"
52.26.52.139 - - [04/Jul/2021:18:33:41 -0400] "GET /wp-content/uploads/2021/06/cropped-favicon-32x32.png HTTP/1.1" 200 2407 "-" "Go-http-client/1.1"
184.171.242.15 - - [04/Jul/2021:18:28:36 -0400] "GET / HTTP/1.1" 200 18123 "https://markeva.com.mx/" "WordPress/5.7.2; https://markeva.com.mx"
184.171.242.15 - - [04/Jul/2021:18:28:41 -0400] "GET / HTTP/1.1" 200 20260 "https://markeva.com.mx/" "WordPress/5.7.2; https://markeva.com.mx"
18.237.47.168 - - [04/Jul/2021:18:33:07 -0400] "GET / HTTP/1.1" 200 16729 "-" "Mozilla/5.0 (X11; Linux x86_64) AppleWebKit/537.36 (KHTML, like Gecko) Chrome/83.0.4103.97 Safari/537.36"
221.141.251.58 - - [04/Jul/2021:18:33:09 -0400] "GET /wp-content/plugins/TOPXOH/wDR.php HTTP/1.1" 404 15956 "-" "Mozilla/5.0 (Windows NT 10.0; Win64; x64; rv:73.0) Gecko/20100101 Firefox/73.0"
52.26.52.139 - - [04/Jul/2021:18:33:35 -0400] "GET /favicon.ico HTTP/1.1" 404 708 "-" "Mozilla/5.0 (X11; Linux x86_64) AppleWebKit/537.36 (KHTML, like Gecko) Chrome/83.0.4103.97 Safari/537.36"
66.249.70.115 - - [04/Jul/2021:19:37:25 -0400] "GET /?/ HTTP/1.1" 301 0 "-" "Mozilla/5.0 (Linux; Android 6.0.1; Nexus 5X Build/MMB29P) AppleWebKit/537.36 (KHTML, like Gecko) Chrome/91.0.4472.90 Mobile Safari/537.36 (compatible; Googlebot/2.1; +http://www.google.com/bot.html)"
66.249.70.111 - - [04/Jul/2021:19:37:38 -0400] "GET /?%2F HTTP/1.1" 200 20265 "-" "Mozilla/5.0 (Linux; Android 6.0.1; Nexus 5X Build/MMB29P) AppleWebKit/537.36 (KHTML, like Gecko) Chrome/91.0.4472.90 Mobile Safari/537.36 (compatible; Googlebot/2.1; +http://www.google.com/bot.html)"
184.171.242.15 - - [04/Jul/2021:19:37:35 -0400] "POST /wp-cron.php?doing_wp_cron=1625441855.4198720455169677734375 HTTP/1.1" 200 0 "https://markeva.com.mx/wp-cron.php?doing_wp_cron=1625441855.4198720455169677734375" "WordPress/5.7.2; https://markeva.com.mx"
207.46.13.170 - - [04/Jul/2021:19:42:45 -0400] "GET /7741f5g-dissociative/2224508143-crimped/ HTTP/2" 404 6943 "-" "Mozilla/5.0 (compatible; bingbot/2.0; +http://www.bing.com/bingbot.htm)"
18.237.147.218 - - [04/Jul/2021:19:40:15 -0400] "GET / HTTP/1.1" 200 16725 "-" "Mozilla/5.0 (X11; Linux x86_64) AppleWebKit/537.36 (KHTML, like Gecko) Chrome/83.0.4103.97 Safari/537.36"
157.55.39.84 - - [04/Jul/2021:19:46:30 -0400] "GET /thyrotoxicosis-2131142964_organizer.audio HTTP/2" 404 6943 "-" "Mozilla/5.0 (compatible; bingbot/2.0; +http://www.bing.com/bingbot.htm)"
184.171.242.15 - - [04/Jul/2021:19:50:57 -0400] "POST /wp-cron.php?doing_wp_cron=1625442657.4112811088562011718750 HTTP/1.1" 200 0 "https://markeva.com.mx/wp-cron.php?doing_wp_cron=1625442657.4112811088562011718750" "WordPress/5.7.2; https://markeva.com.mx"
207.46.13.167 - - [04/Jul/2021:19:50:56 -0400] "GET /?inertialessinertialesschilkatdd7314g/2229934415/ HTTP/2" 301 0 "-" "Mozilla/5.0 (compatible; bingbot/2.0; +http://www.bing.com/bingbot.htm)"
92.118.160.45 - - [04/Jul/2021:20:09:23 -0400] "GET / HTTP/1.1" 200 89808 "-" "NetSystemsResearch studies the availability of various services across the internet. Our website is netsystemsresearch.com"
66.249.70.113 - - [04/Jul/2021:20:34:03 -0400] "GET / HTTP/1.1" 200 20260 "-" "Mozilla/5.0 (compatible; Googlebot/2.1; +http://www.google.com/bot.html)"
66.249.70.111 - - [04/Jul/2021:21:10:11 -0400] "GET /wp-includes/js/wp-embed.min.js?ver=5.7.2 HTTP/1.1" 200 664 "https://markeva.com.mx/" "Mozilla/5.0 (Linux; Android 6.0.1; Nexus 5X Build/MMB29P) AppleWebKit/537.36 (KHTML, like Gecko) Chrome/91.0.4472.90 Mobile Safari/537.36 (compatible; Googlebot/2.1; +http://www.google.com/bot.html)"
184.171.242.15 - - [04/Jul/2021:21:29:07 -0400] "POST /wp-cron.php?doing_wp_cron=1625448547.6182460784912109375000 HTTP/1.1" 200 0 "https://markeva.com.mx/wp-cron.php?doing_wp_cron=1625448547.6182460784912109375000" "WordPress/5.7.2; https://markeva.com.mx"
207.46.13.60 - - [04/Jul/2021:21:29:07 -0400] "GET /investigatory-2034-longipennate.audio HTTP/2" 404 6954 "-" "Mozilla/5.0 (compatible; bingbot/2.0; +http://www.bing.com/bingbot.htm)"
207.46.13.187 - - [04/Jul/2021:21:34:42 -0400] "GET /b07232gtechnics/2191193212_rainmaker.tips HTTP/2" 404 5668 "-" "Mozilla/5.0 (compatible; bingbot/2.0; +http://www.bing.com/bingbot.htm)"
207.46.13.167 - - [04/Jul/2021:21:48:09 -0400] "GET /tricentenary-hippolyta-2102002839-tricentenary/ HTTP/2" 404 6954 "-" "Mozilla/5.0 (compatible; bingbot/2.0; +http://www.bing.com/bingbot.htm)"
207.46.13.167 - - [04/Jul/2021:21:49:07 -0400] "GET /?maoriness-226678g_maoriness-quarterday-2110887064/ HTTP/2" 301 0 "-" "Mozilla/5.0 (compatible; bingbot/2.0; +http://www.bing.com/bingbot.htm)"
40.77.167.61 - - [04/Jul/2021:22:17:36 -0400] "GET /disorganizehydrocracker-2041/ HTTP/2" 404 6954 "-" "Mozilla/5.0 (compatible; bingbot/2.0; +http://www.bing.com/bingbot.htm)"
184.171.242.15 - - [04/Jul/2021:23:07:07 -0400] "POST /wp-cron.php?doing_wp_cron=1625454426.9420609474182128906250 HTTP/1.1" 200 0 "https://markeva.com.mx/wp-cron.php?doing_wp_cron=1625454426.9420609474182128906250" "WordPress/5.7.2; https://markeva.com.mx"
114.119.151.89 - - [04/Jul/2021:23:06:59 -0400] "GET /blog HTTP/1.1" 404 6954 "-" "Mozilla/5.0 (Linux; Android 7.0;) AppleWebKit/537.36 (KHTML, like Gecko) Mobile Safari/537.36 (compatible; PetalBot;+https://webmaster.petalsearch.com/site/petalbot)"
184.171.242.15 - - [04/Jul/2021:23:37:34 -0400] "POST /wp-cron.php?doing_wp_cron=1625456254.0468890666961669921875 HTTP/1.1" 200 0 "https://markeva.com.mx/wp-cron.php?doing_wp_cron=1625456254.0468890666961669921875" "WordPress/5.7.2; https://markeva.com.mx"
207.46.13.167 - - [04/Jul/2021:23:37:29 -0400] "GET /2105811608-gaingiving-cuisse/ HTTP/2" 404 6953 "-" "Mozilla/5.0 (compatible; bingbot/2.0; +http://www.bing.com/bingbot.htm)"
40.77.167.45 - - [04/Jul/2021:23:55:26 -0400] "GET /howtowdiepuckeryhowtowdie_2204420875.webcam HTTP/2" 404 6953 "-" "Mozilla/5.0 (compatible; bingbot/2.0; +http://www.bing.com/bingbot.htm)"
207.46.13.60 - - [05/Jul/2021:00:07:52 -0400] "GET /audiodontics-2111784055_wayangaudiodontics/ HTTP/2" 404 6953 "-" "Mozilla/5.0 (compatible; bingbot/2.0; +http://www.bing.com/bingbot.htm)"
92.118.160.45 - - [05/Jul/2021:00:15:47 -0400] "GET / HTTP/1.1" 200 89808 "http://184.171.242.18:80/" "Go http package"
40.77.167.61 - - [05/Jul/2021:00:16:49 -0400] "GET /rainmakerrecurved-2251372144/ HTTP/2" 404 6953 "-" "Mozilla/5.0 (compatible; bingbot/2.0; +http://www.bing.com/bingbot.htm)"
207.46.13.114 - - [05/Jul/2021:00:18:45 -0400] "GET /?overmark_2159998202/merganser/ HTTP/2" 301 0 "-" "Mozilla/5.0 (compatible; bingbot/2.0; +http://www.bing.com/bingbot.htm)"
176.106.247.22 - - [05/Jul/2021:00:39:16 -0400] "GET / HTTP/1.1" 200 16717 "http://markeva.com.mx" "Mozilla/5.0 (Windows NT 10.0; Win64; x64) AppleWebKit/537.36 (KHTML, like Gecko) Chrome/65.0.3325.181 Safari/537.36 OPR/52.0.2871.40,gzip(gfe)"
207.46.13.170 - - [05/Jul/2021:00:42:55 -0400] "GET /datchadatcha-2227313307_investigatory/ HTTP/2" 404 6953 "-" "Mozilla/5.0 (compatible; bingbot/2.0; +http://www.bing.com/bingbot.htm)"
176.106.247.22 - - [05/Jul/2021:00:39:19 -0400] "GET / HTTP/1.1" 200 16726 "http://markeva.com.mx" "Mozilla/5.0 (Windows NT 10.0; Win64; x64) AppleWebKit/537.36 (KHTML, like Gecko) Chrome/65.0.3325.181 Safari/537.36 OPR/52.0.2871.40,gzip(gfe)"
157.55.39.156 - - [05/Jul/2021:00:56:43 -0400] "GET /maoriness_2136014749-predynastic/ HTTP/2" 404 6953 "-" "Mozilla/5.0 (compatible; bingbot/2.0; +http://www.bing.com/bingbot.htm)"
207.46.13.170 - - [05/Jul/2021:01:11:53 -0400] "GET /Tag-encrustation-2127053042_merganser/ HTTP/2" 404 6953 "-" "Mozilla/5.0 (compatible; bingbot/2.0; +http://www.bing.com/bingbot.htm)"
184.171.242.15 - - [05/Jul/2021:02:17:24 -0400] "POST /wp-cron.php?doing_wp_cron=1625465844.8274269104003906250000 HTTP/1.1" 200 0 "https://markeva.com.mx/wp-cron.php?doing_wp_cron=1625465844.8274269104003906250000" "WordPress/5.7.2; https://markeva.com.mx"
