3.237.199.191 - - [30/Jun/2021:15:42:14 -0400] "GET /wp-content/themes/Divi/core/admin/fonts/modules.ttf HTTP/1.1" 200 92400 "-" "lua-resty-http/0.10 (Lua) ngx_lua/10019"
54.147.246.36 - - [30/Jun/2021:15:42:14 -0400] "GET /wp-includes/wlwmanifest.xml HTTP/1.1" 200 1045 "-" "lua-resty-http/0.10 (Lua) ngx_lua/10019"
54.87.192.249 - - [30/Jun/2021:15:42:14 -0400] "GET /feed/ HTTP/1.1" 200 2300 "-" "lua-resty-http/0.10 (Lua) ngx_lua/10019"
54.87.192.249 - - [30/Jun/2021:15:42:15 -0400] "GET /wp-content/uploads/2021/06/4-1.jpg&#x201D HTTP/1.1" 404 15948 "-" "lua-resty-http/0.10 (Lua) ngx_lua/10019"
54.147.246.36 - - [30/Jun/2021:15:42:17 -0400] "GET /author/webmasterguruc-com-mx/ HTTP/1.1" 301 0 "-" "lua-resty-http/0.10 (Lua) ngx_lua/10019"
3.238.44.255 - - [30/Jun/2021:15:41:59 -0400] "GET / HTTP/1.1" 200 89808 "-" "lua-resty-http/0.10 (Lua) ngx_lua/10019"
18.224.128.89 - - [30/Jun/2021:15:42:02 -0400] "GET / HTTP/1.1" 200 89812 "-" "Mozilla/5.0 (Macintosh; Intel Mac OS X 10_13_4) AppleWebKit/605.1.15 (KHTML, like Gecko) Version/11.1 Safari/605.1.15"
18.224.128.89 - - [30/Jun/2021:15:42:05 -0400] "GET /comments/feed/ HTTP/1.1" 200 1713 "-" "Mozilla/5.0 (Macintosh; Intel Mac OS X 10_13_4) AppleWebKit/605.1.15 (KHTML, like Gecko) Version/11.1 Safari/605.1.15"
18.206.199.142 - - [30/Jun/2021:15:42:06 -0400] "GET / HTTP/1.1" 200 89808 "-" "lua-resty-http/0.10 (Lua) ngx_lua/10019"
18.224.128.89 - - [30/Jun/2021:15:42:09 -0400] "GET /xmlrpc.php?rsd HTTP/1.1" 200 798 "-" "Mozilla/5.0 (Macintosh; Intel Mac OS X 10_13_4) AppleWebKit/605.1.15 (KHTML, like Gecko) Version/11.1 Safari/605.1.15"
54.87.192.249 - - [30/Jun/2021:15:42:10 -0400] "GET / HTTP/1.1" 200 89808 "-" "lua-resty-http/0.10 (Lua) ngx_lua/10019"
18.224.128.89 - - [30/Jun/2021:15:42:12 -0400] "GET / HTTP/1.1" 200 89812 "-" "Mozilla/5.0 (Macintosh; Intel Mac OS X 10_13_4) AppleWebKit/605.1.15 (KHTML, like Gecko) Version/11.1 Safari/605.1.15"
18.206.199.142 - - [30/Jun/2021:15:42:14 -0400] "GET /wp-json/oembed/1.0/embed?url=https%253A%252F%252Fmarkeva.com.mx%252F&format=xml HTTP/1.1" 404 132 "-" "lua-resty-http/0.10 (Lua) ngx_lua/10019"
18.224.128.89 - - [30/Jun/2021:15:42:15 -0400] "GET /wp-json/oembed/1.0/embed?url=https%3A%2F%2Fmarkeva.com.mx%2F&format=xml HTTP/1.1" 200 4877 "-" "Mozilla/5.0 (Macintosh; Intel Mac OS X 10_13_4) AppleWebKit/605.1.15 (KHTML, like Gecko) Version/11.1 Safari/605.1.15"
3.91.194.240 - - [30/Jun/2021:15:42:16 -0400] "GET /wp-content/uploads/2021/06/fondo.jpg&#x201D HTTP/1.1" 404 15948 "-" "lua-resty-http/0.10 (Lua) ngx_lua/10019"
3.237.199.191 - - [30/Jun/2021:15:42:20 -0400] "GET /wp-content/uploads/2021/06/Carrusel_Markeva_BELLGOSSETT.jpg&#x201D HTTP/1.1" 404 15948 "-" "lua-resty-http/0.10 (Lua) ngx_lua/10019"
3.238.44.255 - - [30/Jun/2021:15:42:21 -0400] "GET /wp-json/oembed/1.0/embed?url=https%253A%252F%252Fmarkeva.com.mx%252F HTTP/1.1" 404 73 "-" "lua-resty-http/0.10 (Lua) ngx_lua/10019"
3.91.194.240 - - [30/Jun/2021:15:42:26 -0400] "GET / HTTP/1.1" 200 89808 "-" "lua-resty-http/0.10 (Lua) ngx_lua/10019"
18.225.25.214 - - [30/Jun/2021:15:42:29 -0400] "GET / HTTP/1.1" 200 89812 "-" "Mozilla/5.0 (Macintosh; Intel Mac OS X 10_13_4) AppleWebKit/605.1.15 (KHTML, like Gecko) Version/11.1 Safari/605.1.15"
54.147.246.36 - - [30/Jun/2021:15:42:30 -0400] "GET /comments/feed/ HTTP/1.1" 200 1713 "-" "lua-resty-http/0.10 (Lua) ngx_lua/10019"
18.225.25.214 - - [30/Jun/2021:15:42:31 -0400] "GET /comments/feed/ HTTP/1.1" 200 1713 "-" "Mozilla/5.0 (Macintosh; Intel Mac OS X 10_13_4) AppleWebKit/605.1.15 (KHTML, like Gecko) Version/11.1 Safari/605.1.15"
18.225.25.214 - - [30/Jun/2021:15:42:35 -0400] "GET /xmlrpc.php?rsd HTTP/1.1" 200 798 "-" "Mozilla/5.0 (Macintosh; Intel Mac OS X 10_13_4) AppleWebKit/605.1.15 (KHTML, like Gecko) Version/11.1 Safari/605.1.15"
3.239.45.78 - - [30/Jun/2021:15:42:36 -0400] "GET /wp-json/ HTTP/1.1" 200 131072 "-" "lua-resty-http/0.10 (Lua) ngx_lua/10019"
54.147.246.36 - - [30/Jun/2021:15:42:36 -0400] "GET /xmlrpc.php HTTP/1.1" 405 42 "-" "lua-resty-http/0.10 (Lua) ngx_lua/10019"
18.225.25.214 - - [30/Jun/2021:15:42:39 -0400] "GET / HTTP/1.1" 200 89812 "-" "Mozilla/5.0 (Macintosh; Intel Mac OS X 10_13_4) AppleWebKit/605.1.15 (KHTML, like Gecko) Version/11.1 Safari/605.1.15"
54.87.192.249 - - [30/Jun/2021:15:42:41 -0400] "GET /wp-includes/wlwmanifest.xml HTTP/1.1" 200 1045 "-" "lua-resty-http/0.10 (Lua) ngx_lua/10019"
18.225.25.214 - - [30/Jun/2021:15:42:42 -0400] "GET /wp-json/oembed/1.0/embed?url=https%3A%2F%2Fmarkeva.com.mx%2F&format=xml HTTP/1.1" 200 4877 "-" "Mozilla/5.0 (Macintosh; Intel Mac OS X 10_13_4) AppleWebKit/605.1.15 (KHTML, like Gecko) Version/11.1 Safari/605.1.15"
54.87.192.249 - - [30/Jun/2021:15:42:42 -0400] "GET /wp-content/uploads/2021/06/4-1.jpg&#x201D HTTP/1.1" 404 15948 "-" "lua-resty-http/0.10 (Lua) ngx_lua/10019"
3.239.45.78 - - [30/Jun/2021:15:42:44 -0400] "GET /author/webmasterguruc-com-mx/ HTTP/1.1" 301 0 "-" "lua-resty-http/0.10 (Lua) ngx_lua/10019"
3.239.45.78 - - [30/Jun/2021:15:42:44 -0400] "GET / HTTP/1.1" 200 89808 "-" "lua-resty-http/0.10 (Lua) ngx_lua/10019"
54.147.246.36 - - [30/Jun/2021:15:42:46 -0400] "GET /wp-content/uploads/2021/06/Carrusel_Markeva_BELLGOSSETT.jpg&#x201D HTTP/1.1" 404 15948 "-" "lua-resty-http/0.10 (Lua) ngx_lua/10019"
54.147.246.36 - - [30/Jun/2021:15:42:18 -0400] "GET / HTTP/1.1" 200 89808 "-" "lua-resty-http/0.10 (Lua) ngx_lua/10019"
3.239.45.78 - - [30/Jun/2021:15:42:20 -0400] "GET /wp-content/uploads/2021/06/14-2.png&#x201D HTTP/1.1" 404 15948 "-" "lua-resty-http/0.10 (Lua) ngx_lua/10019"
18.224.128.89 - - [30/Jun/2021:15:42:22 -0400] "GET /wp-json/oembed/1.0/embed?url=https%3A%2F%2Fmarkeva.com.mx%2F HTTP/1.1" 200 4706 "-" "Mozilla/5.0 (Macintosh; Intel Mac OS X 10_13_4) AppleWebKit/605.1.15 (KHTML, like Gecko) Version/11.1 Safari/605.1.15"
54.87.192.249 - - [30/Jun/2021:15:42:33 -0400] "GET / HTTP/1.1" 200 89808 "-" "lua-resty-http/0.10 (Lua) ngx_lua/10019"
54.147.246.36 - - [30/Jun/2021:15:42:35 -0400] "GET /xmlrpc.php?rsd HTTP/1.1" 200 798 "-" "lua-resty-http/0.10 (Lua) ngx_lua/10019"
3.91.194.240 - - [30/Jun/2021:15:42:37 -0400] "GET / HTTP/1.1" 200 89808 "-" "lua-resty-http/0.10 (Lua) ngx_lua/10019"
54.147.246.36 - - [30/Jun/2021:15:42:40 -0400] "GET /wp-content/themes/Divi/core/admin/fonts/modules.ttf HTTP/1.1" 200 92400 "-" "lua-resty-http/0.10 (Lua) ngx_lua/10019"
54.147.246.36 - - [30/Jun/2021:15:42:41 -0400] "GET /feed/ HTTP/1.1" 200 2300 "-" "lua-resty-http/0.10 (Lua) ngx_lua/10019"
34.234.215.244 - - [30/Jun/2021:15:42:41 -0400] "GET /wp-json/oembed/1.0/embed?url=https%253A%252F%252Fmarkeva.com.mx%252F&format=xml HTTP/1.1" 404 132 "-" "lua-resty-http/0.10 (Lua) ngx_lua/10019"
3.239.45.78 - - [30/Jun/2021:15:42:43 -0400] "GET /wp-content/uploads/2021/06/fondo.jpg&#x201D HTTP/1.1" 404 15948 "-" "lua-resty-http/0.10 (Lua) ngx_lua/10019"
54.87.192.249 - - [30/Jun/2021:15:42:47 -0400] "GET /wp-content/uploads/2021/06/14-2.png&#x201D HTTP/1.1" 404 15948 "-" "lua-resty-http/0.10 (Lua) ngx_lua/10019"
54.147.246.36 - - [30/Jun/2021:15:42:48 -0400] "GET /wp-json/oembed/1.0/embed?url=https%253A%252F%252Fmarkeva.com.mx%252F HTTP/1.1" 404 73 "-" "lua-resty-http/0.10 (Lua) ngx_lua/10019"
18.225.25.214 - - [30/Jun/2021:15:42:48 -0400] "GET /wp-json/oembed/1.0/embed?url=https%3A%2F%2Fmarkeva.com.mx%2F HTTP/1.1" 200 4706 "-" "Mozilla/5.0 (Macintosh; Intel Mac OS X 10_13_4) AppleWebKit/605.1.15 (KHTML, like Gecko) Version/11.1 Safari/605.1.15"
185.220.101.211 - - [30/Jun/2021:15:45:21 -0400] "GET /contacto/ HTTP/1.0" 404 19142 "https://markeva.com.mx/contacto/" "Mozilla/5.0 (Windows NT 6.1; Win64; x64) AppleWebKit/537.36 (KHTML, like Gecko) Chrome/83.0.4093.3 Safari/537.36"
185.220.101.211 - - [30/Jun/2021:15:45:27 -0400] "POST / HTTP/1.0" 200 87321 "https://markeva.com.mx/" "Mozilla/5.0 (Windows NT 6.1; Win64; x64) AppleWebKit/537.36 (KHTML, like Gecko) Chrome/83.0.4093.3 Safari/537.36"
185.220.101.211 - - [30/Jun/2021:15:45:24 -0400] "GET / HTTP/1.0" 200 89816 "https://markeva.com.mx/" "Mozilla/5.0 (Windows NT 6.1; Win64; x64) AppleWebKit/537.36 (KHTML, like Gecko) Chrome/83.0.4093.3 Safari/537.36"
40.77.167.45 - - [30/Jun/2021:16:00:12 -0400] "GET /2102043494_magistralmaquisard/ HTTP/2" 404 6952 "-" "Mozilla/5.0 (compatible; bingbot/2.0; +http://www.bing.com/bingbot.htm)"
157.55.39.30 - - [30/Jun/2021:16:12:25 -0400] "GET /?2180059396-viscosityanend_loan HTTP/2" 200 16826 "-" "Mozilla/5.0 (compatible; bingbot/2.0; +http://www.bing.com/bingbot.htm)"
184.171.242.15 - - [30/Jun/2021:16:46:34 -0400] "POST /wp-cron.php?doing_wp_cron=1625085994.6314010620117187500000 HTTP/1.1" 200 0 "https://markeva.com.mx/wp-cron.php?doing_wp_cron=1625085994.6314010620117187500000" "WordPress/5.7.2; https://markeva.com.mx"
40.77.167.45 - - [30/Jun/2021:16:46:33 -0400] "GET /665865gmortality-2191183254-metacenter/ HTTP/2" 404 6952 "-" "Mozilla/5.0 (compatible; bingbot/2.0; +http://www.bing.com/bingbot.htm)"
207.46.13.60 - - [30/Jun/2021:17:06:38 -0400] "GET /Tag-2211319810_fetor-briefing/ HTTP/2" 404 6952 "-" "Mozilla/5.0 (compatible; bingbot/2.0; +http://www.bing.com/bingbot.htm)"
207.46.13.170 - - [30/Jun/2021:17:25:42 -0400] "GET /masculinitymasculinityfreemason/2195703930.tips HTTP/2" 404 5668 "-" "Mozilla/5.0 (compatible; bingbot/2.0; +http://www.bing.com/bingbot.htm)"
184.171.242.15 - - [30/Jun/2021:17:34:37 -0400] "POST /wp-cron.php?doing_wp_cron=1625088877.3771550655364990234375 HTTP/1.1" 200 0 "https://markeva.com.mx/wp-cron.php?doing_wp_cron=1625088877.3771550655364990234375" "WordPress/5.7.2; https://markeva.com.mx"
207.46.13.187 - - [30/Jun/2021:17:34:37 -0400] "GET /chasmal_2193970596_soubresaut/ HTTP/2" 404 6952 "-" "Mozilla/5.0 (compatible; bingbot/2.0; +http://www.bing.com/bingbot.htm)"
207.46.13.187 - - [30/Jun/2021:17:41:49 -0400] "GET /embar_2198807650_exurbanite/ HTTP/2" 404 6952 "-" "Mozilla/5.0 (compatible; bingbot/2.0; +http://www.bing.com/bingbot.htm)"
157.55.39.30 - - [30/Jun/2021:17:43:06 -0400] "GET /productos/ HTTP/2" 404 6952 "-" "Mozilla/5.0 (compatible; bingbot/2.0; +http://www.bing.com/bingbot.htm)"
104.248.75.64 - - [30/Jun/2021:18:06:12 -0400] "HEAD / HTTP/2" 200 0 "-" "-"
157.55.39.84 - - [30/Jun/2021:18:16:58 -0400] "GET /sunfish-2105612442_longipennate/ HTTP/2" 404 6952 "-" "Mozilla/5.0 (compatible; bingbot/2.0; +http://www.bing.com/bingbot.htm)"
157.55.39.84 - - [30/Jun/2021:18:27:59 -0400] "GET /2218505937-graustarkswordsmanship/ HTTP/2" 404 6952 "-" "Mozilla/5.0 (compatible; bingbot/2.0; +http://www.bing.com/bingbot.htm)"
184.171.242.15 - - [30/Jun/2021:18:28:02 -0400] "POST /wp-cron.php?doing_wp_cron=1625092082.8647859096527099609375 HTTP/1.1" 200 0 "https://markeva.com.mx/wp-cron.php?doing_wp_cron=1625092082.8647859096527099609375" "WordPress/5.7.2; https://markeva.com.mx"
184.171.242.15 - - [30/Jun/2021:18:28:03 -0400] "GET / HTTP/1.1" 200 20257 "https://markeva.com.mx/" "WordPress/5.7.2; https://markeva.com.mx"
173.252.107.20 - - [30/Jun/2021:18:38:24 -0400] "GET / HTTP/1.1" 200 16812 "-" "facebookexternalhit/1.1 (+http://www.facebook.com/externalhit_uatext.php)"
69.171.249.15 - - [30/Jun/2021:18:38:27 -0400] "GET / HTTP/1.1" 200 16808 "-" "facebookexternalhit/1.1 (+http://www.facebook.com/externalhit_uatext.php)"
18.224.128.89 - - [30/Jun/2021:18:48:25 -0400] "GET / HTTP/1.1" 200 89812 "-" "Mozilla/5.0 (Macintosh; Intel Mac OS X 10_13_4) AppleWebKit/605.1.15 (KHTML, like Gecko) Version/11.1 Safari/605.1.15"
18.206.199.142 - - [30/Jun/2021:18:48:27 -0400] "GET /comments/feed/ HTTP/1.1" 200 1713 "-" "lua-resty-http/0.10 (Lua) ngx_lua/10019"
18.224.128.89 - - [30/Jun/2021:18:48:29 -0400] "GET /comments/feed/ HTTP/1.1" 200 1713 "-" "Mozilla/5.0 (Macintosh; Intel Mac OS X 10_13_4) AppleWebKit/605.1.15 (KHTML, like Gecko) Version/11.1 Safari/605.1.15"
18.224.128.89 - - [30/Jun/2021:18:48:32 -0400] "GET /xmlrpc.php?rsd HTTP/1.1" 200 798 "-" "Mozilla/5.0 (Macintosh; Intel Mac OS X 10_13_4) AppleWebKit/605.1.15 (KHTML, like Gecko) Version/11.1 Safari/605.1.15"
18.224.128.89 - - [30/Jun/2021:18:48:36 -0400] "GET / HTTP/1.1" 200 89812 "-" "Mozilla/5.0 (Macintosh; Intel Mac OS X 10_13_4) AppleWebKit/605.1.15 (KHTML, like Gecko) Version/11.1 Safari/605.1.15"
54.147.246.36 - - [30/Jun/2021:18:48:38 -0400] "GET /feed/ HTTP/1.1" 200 2300 "-" "lua-resty-http/0.10 (Lua) ngx_lua/10019"
18.224.128.89 - - [30/Jun/2021:18:48:39 -0400] "GET /wp-json/oembed/1.0/embed?url=https%3A%2F%2Fmarkeva.com.mx%2F&format=xml HTTP/1.1" 200 4877 "-" "Mozilla/5.0 (Macintosh; Intel Mac OS X 10_13_4) AppleWebKit/605.1.15 (KHTML, like Gecko) Version/11.1 Safari/605.1.15"
34.234.215.244 - - [30/Jun/2021:18:48:39 -0400] "GET /wp-content/uploads/2021/06/4-1.jpg&#x201D HTTP/1.1" 404 15948 "-" "lua-resty-http/0.10 (Lua) ngx_lua/10019"
3.237.199.191 - - [30/Jun/2021:18:48:41 -0400] "GET /author/webmasterguruc-com-mx/ HTTP/1.1" 301 0 "-" "lua-resty-http/0.10 (Lua) ngx_lua/10019"
3.237.199.191 - - [30/Jun/2021:18:48:41 -0400] "GET / HTTP/1.1" 200 89808 "-" "lua-resty-http/0.10 (Lua) ngx_lua/10019"
54.87.192.249 - - [30/Jun/2021:18:48:44 -0400] "GET /wp-content/uploads/2021/06/14-2.png&#x201D HTTP/1.1" 404 15948 "-" "lua-resty-http/0.10 (Lua) ngx_lua/10019"
3.91.194.240 - - [30/Jun/2021:18:48:45 -0400] "GET /wp-json/oembed/1.0/embed?url=https%253A%252F%252Fmarkeva.com.mx%252F HTTP/1.1" 404 73 "-" "lua-resty-http/0.10 (Lua) ngx_lua/10019"
18.224.128.89 - - [30/Jun/2021:18:48:46 -0400] "GET /wp-json/oembed/1.0/embed?url=https%3A%2F%2Fmarkeva.com.mx%2F HTTP/1.1" 200 4706 "-" "Mozilla/5.0 (Macintosh; Intel Mac OS X 10_13_4) AppleWebKit/605.1.15 (KHTML, like Gecko) Version/11.1 Safari/605.1.15"
54.176.163.143 - - [30/Jun/2021:18:48:51 -0400] "GET / HTTP/1.1" 200 89808 "-" "lua-resty-http/0.10 (Lua) ngx_lua/10019"
209.222.82.139 - - [30/Jun/2021:18:48:18 -0400] "GET / HTTP/1.0" 200 89816 "-" "Mozilla/4.0 (compatible; MSIE 8.0; Windows NT 6.1; WOW64; Trident/4.0; SLCC2; .NET CLR 2.0.50727; .NET CLR 3.5.30729; .NET CLR 3.0.30729)"
18.206.199.142 - - [30/Jun/2021:18:48:23 -0400] "GET / HTTP/1.1" 200 89808 "-" "lua-resty-http/0.10 (Lua) ngx_lua/10019"
18.206.199.142 - - [30/Jun/2021:18:48:30 -0400] "GET / HTTP/1.1" 200 89808 "-" "lua-resty-http/0.10 (Lua) ngx_lua/10019"
3.239.45.78 - - [30/Jun/2021:18:48:32 -0400] "GET /xmlrpc.php?rsd HTTP/1.1" 200 798 "-" "lua-resty-http/0.10 (Lua) ngx_lua/10019"
3.237.199.191 - - [30/Jun/2021:18:48:33 -0400] "GET /xmlrpc.php HTTP/1.1" 405 42 "-" "lua-resty-http/0.10 (Lua) ngx_lua/10019"
18.206.199.142 - - [30/Jun/2021:18:48:34 -0400] "GET / HTTP/1.1" 200 89808 "-" "lua-resty-http/0.10 (Lua) ngx_lua/10019"
34.234.215.244 - - [30/Jun/2021:18:48:37 -0400] "GET /wp-content/themes/Divi/core/admin/fonts/modules.ttf HTTP/1.1" 200 92400 "-" "lua-resty-http/0.10 (Lua) ngx_lua/10019"
3.239.45.78 - - [30/Jun/2021:18:48:37 -0400] "GET /wp-includes/wlwmanifest.xml HTTP/1.1" 200 1045 "-" "lua-resty-http/0.10 (Lua) ngx_lua/10019"
54.147.246.36 - - [30/Jun/2021:18:48:38 -0400] "GET /wp-json/oembed/1.0/embed?url=https%253A%252F%252Fmarkeva.com.mx%252F&format=xml HTTP/1.1" 404 132 "-" "lua-resty-http/0.10 (Lua) ngx_lua/10019"
3.91.194.240 - - [30/Jun/2021:18:48:40 -0400] "GET /wp-content/uploads/2021/06/fondo.jpg&#x201D HTTP/1.1" 404 15948 "-" "lua-resty-http/0.10 (Lua) ngx_lua/10019"
3.239.45.78 - - [30/Jun/2021:18:48:43 -0400] "GET /wp-content/uploads/2021/06/Carrusel_Markeva_BELLGOSSETT.jpg&#x201D HTTP/1.1" 404 15948 "-" "lua-resty-http/0.10 (Lua) ngx_lua/10019"
40.77.167.0 - - [30/Jun/2021:19:02:11 -0400] "GET /Tag-recombine-2235634452_convulsionarye2cd0eg.fyi HTTP/2" 404 5668 "-" "Mozilla/5.0 (compatible; bingbot/2.0; +http://www.bing.com/bingbot.htm)"
40.77.167.73 - - [30/Jun/2021:19:04:55 -0400] "GET /2226769463/01056dgheteronuclearskipjack_skipjack/ HTTP/2" 404 6952 "-" "Mozilla/5.0 (compatible; bingbot/2.0; +http://www.bing.com/bingbot.htm)"
54.36.148.119 - - [30/Jun/2021:19:16:11 -0400] "GET /robots.txt HTTP/2" 200 71 "-" "Mozilla/5.0 (compatible; AhrefsBot/7.0; +http://ahrefs.com/robot/)"
54.36.148.209 - - [30/Jun/2021:19:16:14 -0400] "GET / HTTP/2" 200 20255 "-" "Mozilla/5.0 (compatible; AhrefsBot/7.0; +http://ahrefs.com/robot/)"
184.171.242.15 - - [30/Jun/2021:19:41:19 -0400] "POST /wp-cron.php?doing_wp_cron=1625096479.3027939796447753906250 HTTP/1.1" 200 0 "https://markeva.com.mx/wp-cron.php?doing_wp_cron=1625096479.3027939796447753906250" "WordPress/5.7.2; https://markeva.com.mx"
184.171.242.15 - - [30/Jun/2021:19:51:16 -0400] "POST /wp-cron.php?doing_wp_cron=1625097076.0900681018829345703125 HTTP/1.1" 200 0 "https://markeva.com.mx/wp-cron.php?doing_wp_cron=1625097076.0900681018829345703125" "WordPress/5.7.2; https://markeva.com.mx"
66.249.70.115 - - [30/Jun/2021:19:51:15 -0400] "GET /robots.txt HTTP/1.1" 200 71 "-" "Mozilla/5.0 (compatible; Googlebot/2.1; +http://www.google.com/bot.html)"
66.249.70.115 - - [30/Jun/2021:19:51:19 -0400] "GET /inicio/manejo-de-materiales/ HTTP/1.1" 404 7914 "-" "Mozilla/5.0 (Linux; Android 6.0.1; Nexus 5X Build/MMB29P) AppleWebKit/537.36 (KHTML, like Gecko) Chrome/91.0.4472.90 Mobile Safari/537.36 (compatible; Googlebot/2.1; +http://www.google.com/bot.html)"
40.77.167.61 - - [30/Jun/2021:19:41:17 -0400] "GET /wp-content/uploads/2016/12/section-quienes-somos.jpg HTTP/2" 404 5668 "-" "Mozilla/5.0 (compatible; bingbot/2.0; +http://www.bing.com/bingbot.htm)"
207.46.13.187 - - [30/Jun/2021:19:44:29 -0400] "GET /mislabele61010g-2114767599_telescopic-telescopic/ HTTP/2" 404 6952 "-" "Mozilla/5.0 (compatible; bingbot/2.0; +http://www.bing.com/bingbot.htm)"
66.249.70.111 - - [30/Jun/2021:19:53:06 -0400] "GET /productos/ HTTP/1.1" 404 7914 "-" "Mozilla/5.0 (compatible; Googlebot/2.1; +http://www.google.com/bot.html)"
40.77.167.45 - - [30/Jun/2021:19:58:54 -0400] "GET /pluralizeurgaurga_2108203769.tips HTTP/2" 404 5668 "-" "Mozilla/5.0 (compatible; bingbot/2.0; +http://www.bing.com/bingbot.htm)"
157.55.39.30 - - [30/Jun/2021:19:59:28 -0400] "GET /considered_datto/2237884720/considered/ HTTP/2" 404 6952 "-" "Mozilla/5.0 (compatible; bingbot/2.0; +http://www.bing.com/bingbot.htm)"
40.77.167.73 - - [30/Jun/2021:20:12:08 -0400] "GET /?2105153108/710434gembolumretirant/ HTTP/2" 301 0 "-" "Mozilla/5.0 (compatible; bingbot/2.0; +http://www.bing.com/bingbot.htm)"
40.77.167.73 - - [30/Jun/2021:20:16:21 -0400] "GET /maquisardheaviness_2227401254/ HTTP/2" 404 6951 "-" "Mozilla/5.0 (compatible; bingbot/2.0; +http://www.bing.com/bingbot.htm)"
184.171.242.15 - - [30/Jun/2021:20:46:00 -0400] "POST /wp-cron.php?doing_wp_cron=1625100360.7431349754333496093750 HTTP/1.1" 200 0 "https://markeva.com.mx/wp-cron.php?doing_wp_cron=1625100360.7431349754333496093750" "WordPress/5.7.2; https://markeva.com.mx"
157.55.39.30 - - [30/Jun/2021:20:58:38 -0400] "GET /Tag-c7ccecginertialessvertices_2192014895/ HTTP/2" 404 6951 "-" "Mozilla/5.0 (compatible; bingbot/2.0; +http://www.bing.com/bingbot.htm)"
207.46.13.170 - - [30/Jun/2021:21:00:24 -0400] "GET /hola-mundo/ HTTP/2" 301 0 "-" "Mozilla/5.0 (compatible; bingbot/2.0; +http://www.bing.com/bingbot.htm)"
95.181.152.153 - - [30/Jun/2021:21:02:09 -0400] "GET /autodiscover/autodiscover.xml HTTP/1.1" 400 52 "-" "Mozilla/5.0 (Windows NT 6.2) AppleWebKit/537.36 (KHTML, like Gecko) Chrome/68.0.2789.41 Safari/537.36"
157.55.39.30 - - [30/Jun/2021:20:45:57 -0400] "GET /volosfetlock-2244293697/ HTTP/2" 404 6951 "-" "Mozilla/5.0 (compatible; bingbot/2.0; +http://www.bing.com/bingbot.htm)"
207.46.13.60 - - [30/Jun/2021:20:50:55 -0400] "GET /embarresolvablecf12a8g/2149705285-resolvable.beer HTTP/2" 404 5667 "-" "Mozilla/5.0 (compatible; bingbot/2.0; +http://www.bing.com/bingbot.htm)"
184.171.242.15 - - [30/Jun/2021:21:40:37 -0400] "POST /wp-cron.php?doing_wp_cron=1625103637.3884439468383789062500 HTTP/1.1" 200 0 "https://markeva.com.mx/wp-cron.php?doing_wp_cron=1625103637.3884439468383789062500" "WordPress/5.7.2; https://markeva.com.mx"
207.46.13.114 - - [30/Jun/2021:21:40:36 -0400] "GET /2102000360-e9bf60gbullmastiff_bullmastiffnitrocellulose.construction HTTP/2" 404 6951 "-" "Mozilla/5.0 (compatible; bingbot/2.0; +http://www.bing.com/bingbot.htm)"
114.119.136.175 - - [30/Jun/2021:21:53:36 -0400] "GET /robots.txt HTTP/1.1" 200 70 "-" "Mozilla/5.0 (compatible;PetalBot;+https://webmaster.petalsearch.com/site/petalbot)"
207.46.13.114 - - [30/Jun/2021:22:23:49 -0400] "GET /revealed/2149936007_35e29egbirthrate.jp HTTP/2" 404 5667 "-" "Mozilla/5.0 (compatible; bingbot/2.0; +http://www.bing.com/bingbot.htm)"
184.171.242.15 - - [30/Jun/2021:22:40:37 -0400] "POST /wp-cron.php?doing_wp_cron=1625107237.2972679138183593750000 HTTP/1.1" 200 0 "https://markeva.com.mx/wp-cron.php?doing_wp_cron=1625107237.2972679138183593750000" "WordPress/5.7.2; https://markeva.com.mx"
40.77.167.61 - - [30/Jun/2021:22:40:34 -0400] "GET /feed/ HTTP/2" 200 915 "-" "Mozilla/5.0 (compatible; bingbot/2.0; +http://www.bing.com/bingbot.htm)"
207.46.13.60 - - [30/Jun/2021:22:50:14 -0400] "GET /?2133390656_maquisard-maquisardptomaine/ HTTP/2" 301 0 "-" "Mozilla/5.0 (compatible; bingbot/2.0; +http://www.bing.com/bingbot.htm)"
114.119.129.163 - - [30/Jun/2021:22:51:38 -0400] "GET /author/webmasterguruc-com-mx/ HTTP/1.1" 301 0 "-" "Mozilla/5.0 (Linux; Android 7.0;) AppleWebKit/537.36 (KHTML, like Gecko) Mobile Safari/537.36 (compatible; PetalBot;+https://webmaster.petalsearch.com/site/petalbot)"
114.119.129.163 - - [30/Jun/2021:22:51:40 -0400] "GET / HTTP/1.1" 200 16728 "-" "Mozilla/5.0 (Linux; Android 7.0;) AppleWebKit/537.36 (KHTML, like Gecko) Mobile Safari/537.36 (compatible; PetalBot;+https://webmaster.petalsearch.com/site/petalbot)"
66.249.70.115 - - [30/Jun/2021:23:11:09 -0400] "GET /inicio/beneficios/ HTTP/1.1" 404 7914 "-" "Mozilla/5.0 (Linux; Android 6.0.1; Nexus 5X Build/MMB29P) AppleWebKit/537.36 (KHTML, like Gecko) Chrome/91.0.4472.90 Mobile Safari/537.36 (compatible; Googlebot/2.1; +http://www.google.com/bot.html)"
157.55.39.30 - - [30/Jun/2021:23:21:41 -0400] "GET /actinograph-2145036961-noblest/ HTTP/2" 404 6951 "-" "Mozilla/5.0 (compatible; bingbot/2.0; +http://www.bing.com/bingbot.htm)"
207.46.13.187 - - [30/Jun/2021:23:25:00 -0400] "GET /wp-content/uploads/2016/12/especialidades.png HTTP/2" 404 5667 "-" "Mozilla/5.0 (compatible; bingbot/2.0; +http://www.bing.com/bingbot.htm)"
184.171.242.15 - - [01/Jul/2021:00:31:47 -0400] "POST /wp-cron.php?doing_wp_cron=1625113907.2058429718017578125000 HTTP/1.1" 200 0 "https://markeva.com.mx/wp-cron.php?doing_wp_cron=1625113907.2058429718017578125000" "WordPress/5.7.2; https://markeva.com.mx"
114.119.129.14 - - [01/Jul/2021:00:31:38 -0400] "GET /robots.txt HTTP/1.1" 200 70 "-" "Mozilla/5.0 (compatible;PetalBot;+https://webmaster.petalsearch.com/site/petalbot)"
40.77.167.0 - - [01/Jul/2021:00:55:34 -0400] "GET /?fe_datto_2105153120%2F HTTP/2" 200 16825 "-" "Mozilla/5.0 (compatible; bingbot/2.0; +http://www.bing.com/bingbot.htm)"
40.77.167.61 - - [01/Jul/2021:01:15:29 -0400] "GET /triflingeugenicist_2241908093.tips HTTP/2" 404 5667 "-" "Mozilla/5.0 (compatible; bingbot/2.0; +http://www.bing.com/bingbot.htm)"
35.243.220.156 - - [01/Jul/2021:01:22:27 -0400] "GET / HTTP/1.0" 200 16818 "-" "ZoominfoBot (zoominfobot at zoominfo dot com)"
35.243.220.156 - - [01/Jul/2021:01:22:27 -0400] "GET /robots.txt HTTP/1.0" 200 70 "-" "ZoominfoBot (zoominfobot at zoominfo dot com)"
184.171.242.15 - - [01/Jul/2021:01:39:47 -0400] "POST /wp-cron.php?doing_wp_cron=1625117987.6188919544219970703125 HTTP/1.1" 200 0 "https://markeva.com.mx/wp-cron.php?doing_wp_cron=1625117987.6188919544219970703125" "WordPress/5.7.2; https://markeva.com.mx"
207.46.13.60 - - [01/Jul/2021:01:39:46 -0400] "GET /isacousticrailroader-2222185034_isacoustic/ HTTP/2" 404 6951 "-" "Mozilla/5.0 (compatible; bingbot/2.0; +http://www.bing.com/bingbot.htm)"
40.77.167.0 - - [01/Jul/2021:01:41:02 -0400] "GET /judgematic_2108203786-protopodite/ HTTP/2" 404 6951 "-" "Mozilla/5.0 (compatible; bingbot/2.0; +http://www.bing.com/bingbot.htm)"
66.249.70.111 - - [01/Jul/2021:02:07:34 -0400] "GET / HTTP/1.1" 200 20258 "-" "Mozilla/5.0 (compatible; Googlebot/2.1; +http://www.google.com/bot.html)"
157.55.39.30 - - [01/Jul/2021:02:16:39 -0400] "GET /typesetretractation-2102000366-7bf91ag.jp HTTP/2" 404 5667 "-" "Mozilla/5.0 (compatible; bingbot/2.0; +http://www.bing.com/bingbot.htm)"
207.46.13.114 - - [01/Jul/2021:02:51:37 -0400] "GET /spermaduct-spermaduct-2102002828_feedstock.construction HTTP/2" 404 6950 "-" "Mozilla/5.0 (compatible; bingbot/2.0; +http://www.bing.com/bingbot.htm)"
184.171.242.15 - - [01/Jul/2021:02:51:41 -0400] "POST /wp-cron.php?doing_wp_cron=1625122301.0679230690002441406250 HTTP/1.1" 200 0 "https://markeva.com.mx/wp-cron.php?doing_wp_cron=1625122301.0679230690002441406250" "WordPress/5.7.2; https://markeva.com.mx"
207.46.13.60 - - [01/Jul/2021:03:05:17 -0400] "GET /isacoustic-2230804469-isacousticptomaine/ HTTP/2" 404 6950 "-" "Mozilla/5.0 (compatible; bingbot/2.0; +http://www.bing.com/bingbot.htm)"
40.77.167.61 - - [01/Jul/2021:03:08:25 -0400] "GET /hexastich-2207000019_e759c1gkeltkelt/ HTTP/2" 404 6950 "-" "Mozilla/5.0 (compatible; bingbot/2.0; +http://www.bing.com/bingbot.htm)"
157.55.39.84 - - [01/Jul/2021:03:09:24 -0400] "GET /?2193464796_audioatoll_media HTTP/2" 200 16827 "-" "Mozilla/5.0 (compatible; bingbot/2.0; +http://www.bing.com/bingbot.htm)"
157.55.39.84 - - [01/Jul/2021:03:11:50 -0400] "GET /financing/financing_sermonic_2168643936.audio HTTP/2" 404 6950 "-" "Mozilla/5.0 (compatible; bingbot/2.0; +http://www.bing.com/bingbot.htm)"
207.46.13.6 - - [01/Jul/2021:03:13:55 -0400] "GET /robots.txt HTTP/2" 200 70 "-" "Mozilla/5.0 (compatible; bingbot/2.0; +http://www.bing.com/bingbot.htm)"
207.46.13.6 - - [01/Jul/2021:03:13:53 -0400] "GET /robots.txt HTTP/2" 301 0 "-" "Mozilla/5.0 (compatible; bingbot/2.0; +http://www.bing.com/bingbot.htm)"
157.55.39.30 - - [01/Jul/2021:03:14:04 -0400] "GET /2102000386_fetorstatusfetor/ HTTP/2" 301 0 "-" "Mozilla/5.0 (compatible; bingbot/2.0; +http://www.bing.com/bingbot.htm)"
207.46.13.170 - - [01/Jul/2021:03:22:43 -0400] "GET /Tag-2185027868_subinfeudation53d9f2g-maquisard/ HTTP/2" 404 6950 "-" "Mozilla/5.0 (compatible; bingbot/2.0; +http://www.bing.com/bingbot.htm)"
40.77.167.0 - - [01/Jul/2021:03:43:33 -0400] "GET /dialysable-tot-2238259992-2bb1e7g-dialysable/ HTTP/2" 404 6950 "-" "Mozilla/5.0 (compatible; bingbot/2.0; +http://www.bing.com/bingbot.htm)"
184.171.242.15 - - [01/Jul/2021:03:43:35 -0400] "POST /wp-cron.php?doing_wp_cron=1625125415.7433409690856933593750 HTTP/1.1" 200 0 "https://markeva.com.mx/wp-cron.php?doing_wp_cron=1625125415.7433409690856933593750" "WordPress/5.7.2; https://markeva.com.mx"
207.46.13.170 - - [01/Jul/2021:03:50:59 -0400] "GET /?tricentenary148437g_2111102391-thiophosphatetricentenary_tips HTTP/2" 200 16846 "-" "Mozilla/5.0 (compatible; bingbot/2.0; +http://www.bing.com/bingbot.htm)"
207.46.13.187 - - [01/Jul/2021:04:01:59 -0400] "GET /sitemap_index.xml HTTP/2" 200 327 "-" "Mozilla/5.0 (compatible; bingbot/2.0; +http://www.bing.com/bingbot.htm)"
40.77.167.73 - - [01/Jul/2021:04:15:30 -0400] "GET /2123002486-crusadostatus/crusado_d53322g.media HTTP/2" 404 6950 "-" "Mozilla/5.0 (compatible; bingbot/2.0; +http://www.bing.com/bingbot.htm)"
185.213.155.169 - - [01/Jul/2021:05:35:58 -0400] "GET /contacto/ HTTP/1.0" 404 19142 "https://markeva.com.mx/contacto/" "Mozilla/5.0 (Windows NT 10.0; Win64; x64) AppleWebKit/537.36 (KHTML, like Gecko) Chrome/83.0.4103.34 Safari/537.36 Edg/83.0.478.25"
184.171.242.15 - - [01/Jul/2021:05:36:07 -0400] "POST /wp-cron.php?doing_wp_cron=1625132167.3270409107208251953125 HTTP/1.1" 200 0 "https://markeva.com.mx/wp-cron.php?doing_wp_cron=1625132167.3270409107208251953125" "WordPress/5.7.2; https://markeva.com.mx"
207.46.13.187 - - [01/Jul/2021:05:52:40 -0400] "GET /quarterday-2249660503-incoherently/ HTTP/2" 404 6950 "-" "Mozilla/5.0 (compatible; bingbot/2.0; +http://www.bing.com/bingbot.htm)"
185.191.171.42 - - [01/Jul/2021:06:05:30 -0400] "GET /robots.txt HTTP/1.1" 200 70 "-" "Mozilla/5.0 (compatible; SemrushBot/7~bl; +http://www.semrush.com/bot.html)"
185.191.171.42 - - [01/Jul/2021:06:05:33 -0400] "GET /quienes-somos HTTP/1.1" 404 6950 "-" "Mozilla/5.0 (compatible; SemrushBot/7~bl; +http://www.semrush.com/bot.html)"
157.55.39.30 - - [01/Jul/2021:06:14:19 -0400] "GET /2193625129-maytimemaytimewayang.audio HTTP/2" 404 6950 "-" "Mozilla/5.0 (compatible; bingbot/2.0; +http://www.bing.com/bingbot.htm)"
40.77.167.45 - - [01/Jul/2021:06:20:34 -0400] "GET /?latvia-toothytoothy-2179582646/ HTTP/2" 301 0 "-" "Mozilla/5.0 (compatible; bingbot/2.0; +http://www.bing.com/bingbot.htm)"
66.249.70.115 - - [01/Jul/2021:06:55:24 -0400] "GET /5bfdb3v/2227654392-dialysabletotdialysable.tips HTTP/1.1" 404 6223 "-" "Mozilla/5.0 (Linux; Android 6.0.1; Nexus 5X Build/MMB29P) AppleWebKit/537.36 (KHTML, like Gecko) Chrome/91.0.4472.90 Mobile Safari/537.36 (compatible; Googlebot/2.1; +http://www.google.com/bot.html)"
66.249.70.115 - - [01/Jul/2021:06:54:45 -0400] "GET /5bfdb3v/2227654392-dialysabletotdialysable.tips HTTP/1.1" 404 6223 "-" "Mozilla/5.0 (Linux; Android 6.0.1; Nexus 5X Build/MMB29P) AppleWebKit/537.36 (KHTML, like Gecko) Chrome/91.0.4472.90 Mobile Safari/537.36 (compatible; Googlebot/2.1; +http://www.google.com/bot.html)"
184.171.242.15 - - [01/Jul/2021:06:54:50 -0400] "GET / HTTP/1.1" 200 20257 "https://markeva.com.mx/" "WordPress/5.7.2; https://markeva.com.mx"
184.171.242.15 - - [01/Jul/2021:06:54:50 -0400] "POST /wp-cron.php?doing_wp_cron=1625136890.3729000091552734375000 HTTP/1.1" 200 0 "https://markeva.com.mx/wp-cron.php?doing_wp_cron=1625136890.3729000091552734375000" "WordPress/5.7.2; https://markeva.com.mx"
40.77.167.61 - - [01/Jul/2021:06:59:44 -0400] "GET /d38a53g-clinometer_2171102798_voluminal.construction HTTP/2" 404 6950 "-" "Mozilla/5.0 (compatible; bingbot/2.0; +http://www.bing.com/bingbot.htm)"
207.46.13.187 - - [01/Jul/2021:07:11:58 -0400] "GET /howtowdie-howtowdie/2140582123/dynamics/ HTTP/2" 404 6950 "-" "Mozilla/5.0 (compatible; bingbot/2.0; +http://www.bing.com/bingbot.htm)"
66.249.70.113 - - [01/Jul/2021:07:21:07 -0400] "GET / HTTP/1.1" 200 20260 "-" "Mozilla/5.0 (Linux; Android 6.0.1; Nexus 5X Build/MMB29P) AppleWebKit/537.36 (KHTML, like Gecko) Chrome/91.0.4472.90 Mobile Safari/537.36 (compatible; Googlebot/2.1; +http://www.google.com/bot.html)"
157.55.39.84 - - [01/Jul/2021:07:22:25 -0400] "GET /freemason_uintathereuintathere_2102002842.media HTTP/2" 404 6950 "-" "Mozilla/5.0 (compatible; bingbot/2.0; +http://www.bing.com/bingbot.htm)"
185.191.171.45 - - [01/Jul/2021:07:22:30 -0400] "GET /robots.txt HTTP/1.1" 200 70 "-" "Mozilla/5.0 (compatible; SemrushBot/7~bl; +http://www.semrush.com/bot.html)"
185.191.171.15 - - [01/Jul/2021:07:22:33 -0400] "GET /quienes-somos/backg_/ HTTP/1.1" 404 6950 "-" "Mozilla/5.0 (compatible; SemrushBot/7~bl; +http://www.semrush.com/bot.html)"
184.171.242.15 - - [01/Jul/2021:08:33:15 -0400] "POST /wp-cron.php?doing_wp_cron=1625142795.2370529174804687500000 HTTP/1.1" 200 0 "https://markeva.com.mx/wp-cron.php?doing_wp_cron=1625142795.2370529174804687500000" "WordPress/5.7.2; https://markeva.com.mx"
185.191.171.40 - - [01/Jul/2021:08:54:43 -0400] "GET /robots.txt HTTP/1.1" 200 70 "-" "Mozilla/5.0 (compatible; SemrushBot/7~bl; +http://www.semrush.com/bot.html)"
40.77.167.0 - - [01/Jul/2021:08:07:48 -0400] "GET /financing/2171736300-freemason.webcam HTTP/2" 404 6952 "-" "Mozilla/5.0 (compatible; bingbot/2.0; +http://www.bing.com/bingbot.htm)"
207.46.13.170 - - [01/Jul/2021:08:33:06 -0400] "GET /2205832151-skipjack_merganser.jp HTTP/2" 404 5669 "-" "Mozilla/5.0 (compatible; bingbot/2.0; +http://www.bing.com/bingbot.htm)"
185.191.171.18 - - [01/Jul/2021:08:54:49 -0400] "GET /quienes-somos/backg/ HTTP/1.1" 404 6952 "-" "Mozilla/5.0 (compatible; SemrushBot/7~bl; +http://www.semrush.com/bot.html)"
207.46.13.114 - - [01/Jul/2021:09:18:15 -0400] "GET /sailfish_2129639882-732162g-semiaquatic/ HTTP/2" 404 6952 "-" "Mozilla/5.0 (compatible; bingbot/2.0; +http://www.bing.com/bingbot.htm)"
184.171.242.15 - - [01/Jul/2021:09:31:33 -0400] "POST /wp-cron.php?doing_wp_cron=1625146293.8160030841827392578125 HTTP/1.1" 200 0 "https://markeva.com.mx/wp-cron.php?doing_wp_cron=1625146293.8160030841827392578125" "WordPress/5.7.2; https://markeva.com.mx"
40.77.167.73 - - [01/Jul/2021:09:31:32 -0400] "GET /hereditism-2235963352_ab7936g-hereditismfloreat.media HTTP/2" 404 6952 "-" "Mozilla/5.0 (compatible; bingbot/2.0; +http://www.bing.com/bingbot.htm)"
188.74.18.12 - - [01/Jul/2021:09:40:41 -0400] "GET /wp-login.php HTTP/1.1" 200 2872 "https://markeva.com.mx/wp-login.php" "Mozilla/5.0 (Windows NT 6.1) AppleWebKit/537.36 (KHTML, like Gecko) Chrome/70.0.3538.77 Safari/537.36"
188.74.18.12 - - [01/Jul/2021:09:40:42 -0400] "POST /wp-login.php HTTP/1.1" 302 683 "http://concourseleganceautomobilegrignan.fr/administrator/" "Mozilla/5.0 (Windows NT 6.1) AppleWebKit/537.36 (KHTML, like Gecko) Chrome/70.0.3538.77 Safari/537.36"
40.77.167.0 - - [01/Jul/2021:09:46:57 -0400] "GET /gms-vertices/2102043495.media HTTP/2" 404 6952 "-" "Mozilla/5.0 (compatible; bingbot/2.0; +http://www.bing.com/bingbot.htm)"
157.55.39.30 - - [01/Jul/2021:09:47:03 -0400] "GET /productos/ HTTP/2" 404 6914 "-" "Mozilla/5.0 (compatible; bingbot/2.0; +http://www.bing.com/bingbot.htm)"
207.46.13.170 - - [01/Jul/2021:10:04:53 -0400] "GET /ablegate/4a395bghesitatinglyablegate-2102002849/ HTTP/2" 404 6952 "-" "Mozilla/5.0 (compatible; bingbot/2.0; +http://www.bing.com/bingbot.htm)"
69.171.251.120 - - [01/Jul/2021:09:57:26 -0400] "GET /wp-content/uploads/2021/06/logo.png HTTP/1.1" 200 185859 "-" "facebookexternalhit/1.1 (+http://www.facebook.com/externalhit_uatext.php)"
40.77.167.61 - - [01/Jul/2021:10:15:26 -0400] "GET /incoherently-2224282843_leporidincoherently/ HTTP/2" 404 6952 "-" "Mozilla/5.0 (compatible; bingbot/2.0; +http://www.bing.com/bingbot.htm)"
69.171.249.11 - - [01/Jul/2021:10:24:35 -0400] "GET / HTTP/1.1" 200 16811 "-" "facebookexternalhit/1.1 (+http://www.facebook.com/externalhit_uatext.php)"
40.77.167.73 - - [01/Jul/2021:10:47:08 -0400] "GET /financing-2184267918/sermonicfinancing/ HTTP/2" 404 6952 "-" "Mozilla/5.0 (compatible; bingbot/2.0; +http://www.bing.com/bingbot.htm)"
207.46.13.187 - - [01/Jul/2021:10:49:08 -0400] "GET /2153317561/disorganize_noblest/ HTTP/2" 404 6952 "-" "Mozilla/5.0 (compatible; bingbot/2.0; +http://www.bing.com/bingbot.htm)"
184.171.242.15 - - [01/Jul/2021:10:40:30 -0400] "POST /wp-cron.php?doing_wp_cron=1625150430.4066019058227539062500 HTTP/1.1" 200 0 "https://markeva.com.mx/wp-cron.php?doing_wp_cron=1625150430.4066019058227539062500" "WordPress/5.7.2; https://markeva.com.mx"
207.46.13.170 - - [01/Jul/2021:10:40:29 -0400] "GET /4b2539g_2162513905/lamingtonbelted.fyi HTTP/2" 404 5669 "-" "Mozilla/5.0 (compatible; bingbot/2.0; +http://www.bing.com/bingbot.htm)"
40.77.167.45 - - [01/Jul/2021:10:41:37 -0400] "GET /tactfullycuisse-2102002835_9ddef5g.beer HTTP/2" 404 5669 "-" "Mozilla/5.0 (compatible; bingbot/2.0; +http://www.bing.com/bingbot.htm)"
207.46.13.60 - - [01/Jul/2021:10:50:07 -0400] "GET /atollacetifyatoll-2117340924/ HTTP/2" 404 6952 "-" "Mozilla/5.0 (compatible; bingbot/2.0; +http://www.bing.com/bingbot.htm)"
40.77.167.61 - - [01/Jul/2021:10:57:01 -0400] "GET /photogrammetry-66-photogrammetry_parochialism-538f47g.loan HTTP/2" 404 5669 "-" "Mozilla/5.0 (compatible; bingbot/2.0; +http://www.bing.com/bingbot.htm)"
13.64.93.136 - - [01/Jul/2021:11:06:19 -0400] "GET / HTTP/1.1" 200 89816 "-" "Mozilla/5.0 (Windows NT 10.0; WOW64) AppleWebKit/537.36 (KHTML, like Gecko) Chrome/63.0.3239.84 Safari/537.36"
13.64.93.136 - - [01/Jul/2021:11:06:22 -0400] "GET /wp-content/uploads/2021/06/cropped-favicon-32x32.png HTTP/1.1" 200 2407 "-" "Mozilla/5.0 (Windows NT 10.0; WOW64) AppleWebKit/537.36 (KHTML, like Gecko) Chrome/63.0.3239.84 Safari/537.36"
34.210.147.187 - - [01/Jul/2021:11:06:21 -0400] "GET / HTTP/1.1" 200 89816 "-" "Mozilla/5.0 (Windows NT 6.1; Win64; x64) AppleWebKit/537.36 (KHTML, like Gecko) Chrome/72.0.3626.109 Safari/537.36"
40.77.167.0 - - [01/Jul/2021:11:09:55 -0400] "GET /sunfish/abbe-2185488360.webcam HTTP/2" 404 6952 "-" "Mozilla/5.0 (compatible; bingbot/2.0; +http://www.bing.com/bingbot.htm)"
54.186.203.222 - - [01/Jul/2021:11:06:23 -0400] "GET / HTTP/1.1" 200 89816 "-" "Mozilla/5.0 (Windows NT 6.1; Win64; x64) AppleWebKit/537.36 (KHTML, like Gecko) Chrome/72.0.3626.109 Safari/537.36"
207.46.13.60 - - [01/Jul/2021:11:06:33 -0400] "GET /bornean-2220399653_gaingiving/ HTTP/2" 404 6952 "-" "Mozilla/5.0 (compatible; bingbot/2.0; +http://www.bing.com/bingbot.htm)"
207.46.13.114 - - [01/Jul/2021:11:14:38 -0400] "GET /considered_gaoconsidereddf0cb5g_2032.tips HTTP/2" 404 5669 "-" "Mozilla/5.0 (compatible; bingbot/2.0; +http://www.bing.com/bingbot.htm)"
207.46.13.114 - - [01/Jul/2021:11:14:40 -0400] "GET /eugenicistrealtor-2191446077/ HTTP/2" 404 6952 "-" "Mozilla/5.0 (compatible; bingbot/2.0; +http://www.bing.com/bingbot.htm)"
34.210.73.30 - - [01/Jul/2021:11:18:07 -0400] "GET / HTTP/1.1" 200 89816 "-" "Mozilla/5.0 (Windows NT 6.1; Win64; x64) AppleWebKit/537.36 (KHTML, like Gecko) Chrome/72.0.3626.109 Safari/537.36"
52.10.52.243 - - [01/Jul/2021:11:14:46 -0400] "GET / HTTP/1.1" 200 89816 "-" "Mozilla/5.0 (Windows NT 6.1; Win64; x64) AppleWebKit/537.36 (KHTML, like Gecko) Chrome/72.0.3626.109 Safari/537.36"
52.12.246.11 - - [01/Jul/2021:11:17:07 -0400] "GET / HTTP/1.1" 200 89816 "-" "Mozilla/5.0 (Windows NT 6.1; Win64; x64) AppleWebKit/537.36 (KHTML, like Gecko) Chrome/72.0.3626.109 Safari/537.36"
52.24.246.14 - - [01/Jul/2021:11:23:09 -0400] "GET / HTTP/1.1" 200 89816 "-" "Mozilla/5.0 (Windows NT 6.1; Win64; x64) AppleWebKit/537.36 (KHTML, like Gecko) Chrome/72.0.3626.109 Safari/537.36"
54.188.97.79 - - [01/Jul/2021:11:29:17 -0400] "GET / HTTP/1.1" 200 89816 "-" "Mozilla/5.0 (Windows NT 6.1; Win64; x64) AppleWebKit/537.36 (KHTML, like Gecko) Chrome/72.0.3626.109 Safari/537.36"
54.190.158.10 - - [01/Jul/2021:11:37:08 -0400] "GET / HTTP/1.1" 200 89816 "-" "Mozilla/5.0 (Windows NT 6.1; Win64; x64) AppleWebKit/537.36 (KHTML, like Gecko) Chrome/72.0.3626.109 Safari/537.36"
66.249.70.115 - - [01/Jul/2021:11:42:31 -0400] "GET /category-sitemap.xml HTTP/1.1" 200 399 "-" "Mozilla/5.0 (compatible; Googlebot/2.1; +http://www.google.com/bot.html)"
40.77.167.61 - - [01/Jul/2021:11:53:22 -0400] "GET /liquidatortierce/2205307223-0ae8cdg-liquidator.jp HTTP/2" 404 5669 "-" "Mozilla/5.0 (compatible; bingbot/2.0; +http://www.bing.com/bingbot.htm)"
54.184.27.178 - - [01/Jul/2021:11:49:39 -0400] "GET / HTTP/1.1" 200 89816 "-" "Mozilla/5.0 (Windows NT 6.1; Win64; x64) AppleWebKit/537.36 (KHTML, like Gecko) Chrome/72.0.3626.109 Safari/537.36"
54.236.1.11 - - [01/Jul/2021:12:03:25 -0400] "GET / HTTP/1.1" 200 16806 "-" "Mozilla/5.0 (compatible; Pinterestbot/1.0; +http://www.pinterest.com/bot.html)"
209.222.82.141 - - [01/Jul/2021:12:14:06 -0400] "GET / HTTP/1.0" 200 89816 "-" "Mozilla/4.0 (compatible; MSIE 8.0; Windows NT 6.1; WOW64; Trident/4.0; SLCC2; .NET CLR 2.0.50727; .NET CLR 3.5.30729; .NET CLR 3.0.30729)"
18.225.25.214 - - [01/Jul/2021:12:14:14 -0400] "GET / HTTP/1.1" 200 89812 "-" "Mozilla/5.0 (Macintosh; Intel Mac OS X 10_13_4) AppleWebKit/605.1.15 (KHTML, like Gecko) Version/11.1 Safari/605.1.15"
3.239.45.78 - - [01/Jul/2021:12:14:16 -0400] "GET /comments/feed/ HTTP/1.1" 200 1713 "-" "lua-resty-http/0.10 (Lua) ngx_lua/10019"
18.225.25.214 - - [01/Jul/2021:12:14:17 -0400] "GET /comments/feed/ HTTP/1.1" 200 1713 "-" "Mozilla/5.0 (Macintosh; Intel Mac OS X 10_13_4) AppleWebKit/605.1.15 (KHTML, like Gecko) Version/11.1 Safari/605.1.15"
34.234.215.244 - - [01/Jul/2021:12:14:20 -0400] "GET /xmlrpc.php?rsd HTTP/1.1" 200 798 "-" "lua-resty-http/0.10 (Lua) ngx_lua/10019"
18.225.25.214 - - [01/Jul/2021:12:14:21 -0400] "GET /xmlrpc.php?rsd HTTP/1.1" 200 798 "-" "Mozilla/5.0 (Macintosh; Intel Mac OS X 10_13_4) AppleWebKit/605.1.15 (KHTML, like Gecko) Version/11.1 Safari/605.1.15"
18.206.199.142 - - [01/Jul/2021:12:14:21 -0400] "GET /wp-json/ HTTP/1.1" 200 65536 "-" "lua-resty-http/0.10 (Lua) ngx_lua/10019"
3.91.194.240 - - [01/Jul/2021:12:14:22 -0400] "GET /xmlrpc.php HTTP/1.1" 405 42 "-" "lua-resty-http/0.10 (Lua) ngx_lua/10019"
34.234.215.244 - - [01/Jul/2021:12:14:23 -0400] "GET / HTTP/1.1" 200 89808 "-" "lua-resty-http/0.10 (Lua) ngx_lua/10019"
18.225.25.214 - - [01/Jul/2021:12:14:25 -0400] "GET / HTTP/1.1" 200 89812 "-" "Mozilla/5.0 (Macintosh; Intel Mac OS X 10_13_4) AppleWebKit/605.1.15 (KHTML, like Gecko) Version/11.1 Safari/605.1.15"
54.87.192.249 - - [01/Jul/2021:12:14:27 -0400] "GET /wp-content/themes/Divi/core/admin/fonts/modules.ttf HTTP/1.1" 200 92400 "-" "lua-resty-http/0.10 (Lua) ngx_lua/10019"
54.87.192.249 - - [01/Jul/2021:12:14:27 -0400] "GET /wp-includes/wlwmanifest.xml HTTP/1.1" 200 1045 "-" "lua-resty-http/0.10 (Lua) ngx_lua/10019"
34.234.215.244 - - [01/Jul/2021:12:14:27 -0400] "GET /feed/ HTTP/1.1" 200 2300 "-" "lua-resty-http/0.10 (Lua) ngx_lua/10019"
18.225.25.214 - - [01/Jul/2021:12:14:28 -0400] "GET /wp-json/oembed/1.0/embed?url=https%3A%2F%2Fmarkeva.com.mx%2F&format=xml HTTP/1.1" 200 4877 "-" "Mozilla/5.0 (Macintosh; Intel Mac OS X 10_13_4) AppleWebKit/605.1.15 (KHTML, like Gecko) Version/11.1 Safari/605.1.15"
18.206.199.142 - - [01/Jul/2021:12:14:31 -0400] "GET /author/webmasterguruc-com-mx/ HTTP/1.1" 301 0 "-" "lua-resty-http/0.10 (Lua) ngx_lua/10019"
18.206.199.142 - - [01/Jul/2021:12:14:31 -0400] "GET / HTTP/1.1" 200 89808 "-" "lua-resty-http/0.10 (Lua) ngx_lua/10019"
3.238.44.255 - - [01/Jul/2021:12:14:33 -0400] "GET /wp-content/uploads/2021/06/Carrusel_Markeva_BELLGOSSETT.jpg&#x201D HTTP/1.1" 404 15948 "-" "lua-resty-http/0.10 (Lua) ngx_lua/10019"
3.91.194.240 - - [01/Jul/2021:12:14:34 -0400] "GET /wp-content/uploads/2021/06/14-2.png&#x201D HTTP/1.1" 404 15948 "-" "lua-resty-http/0.10 (Lua) ngx_lua/10019"
18.225.25.214 - - [01/Jul/2021:12:14:35 -0400] "GET /wp-json/oembed/1.0/embed?url=https%3A%2F%2Fmarkeva.com.mx%2F HTTP/1.1" 200 4706 "-" "Mozilla/5.0 (Macintosh; Intel Mac OS X 10_13_4) AppleWebKit/605.1.15 (KHTML, like Gecko) Version/11.1 Safari/605.1.15"
3.101.152.15 - - [01/Jul/2021:12:14:40 -0400] "GET / HTTP/1.1" 200 89808 "-" "lua-resty-http/0.10 (Lua) ngx_lua/10019"
40.77.167.61 - - [01/Jul/2021:12:17:17 -0400] "GET /incoagulable/2216705283_beata07a2f6gincoagulable.media HTTP/2" 404 6952 "-" "Mozilla/5.0 (compatible; bingbot/2.0; +http://www.bing.com/bingbot.htm)"
54.147.246.36 - - [01/Jul/2021:12:14:12 -0400] "GET / HTTP/1.1" 200 89808 "-" "lua-resty-http/0.10 (Lua) ngx_lua/10019"
3.238.44.255 - - [01/Jul/2021:12:14:18 -0400] "GET / HTTP/1.1" 200 89808 "-" "lua-resty-http/0.10 (Lua) ngx_lua/10019"
3.238.44.255 - - [01/Jul/2021:12:14:28 -0400] "GET /wp-json/oembed/1.0/embed?url=https%253A%252F%252Fmarkeva.com.mx%252F&format=xml HTTP/1.1" 404 132 "-" "lua-resty-http/0.10 (Lua) ngx_lua/10019"
3.91.194.240 - - [01/Jul/2021:12:14:29 -0400] "GET /wp-content/uploads/2021/06/4-1.jpg&#x201D HTTP/1.1" 404 15948 "-" "lua-resty-http/0.10 (Lua) ngx_lua/10019"
3.239.45.78 - - [01/Jul/2021:12:14:30 -0400] "GET /wp-content/uploads/2021/06/fondo.jpg&#x201D HTTP/1.1" 404 15948 "-" "lua-resty-http/0.10 (Lua) ngx_lua/10019"
54.147.246.36 - - [01/Jul/2021:12:14:35 -0400] "GET /wp-json/oembed/1.0/embed?url=https%253A%252F%252Fmarkeva.com.mx%252F HTTP/1.1" 404 73 "-" "lua-resty-http/0.10 (Lua) ngx_lua/10019"
207.46.13.114 - - [01/Jul/2021:12:48:46 -0400] "GET /?protopoditepaesano_2151509356/ HTTP/2" 301 0 "-" "Mozilla/5.0 (compatible; bingbot/2.0; +http://www.bing.com/bingbot.htm)"
184.171.242.15 - - [01/Jul/2021:12:48:50 -0400] "POST /wp-cron.php?doing_wp_cron=1625158130.3313279151916503906250 HTTP/1.1" 200 0 "https://markeva.com.mx/wp-cron.php?doing_wp_cron=1625158130.3313279151916503906250" "WordPress/5.7.2; https://markeva.com.mx"
18.237.161.253 - - [01/Jul/2021:12:55:27 -0400] "GET / HTTP/1.1" 200 6105 "-" "Mozilla/5.0 (X11; Linux x86_64) AppleWebKit/537.36 (KHTML, like Gecko) Chrome/83.0.4103.97 Safari/537.36"
34.215.168.5 - - [01/Jul/2021:12:57:29 -0400] "GET / HTTP/1.1" 200 16729 "-" "Mozilla/5.0 (X11; Linux x86_64) AppleWebKit/537.36 (KHTML, like Gecko) Chrome/83.0.4103.97 Safari/537.36"
34.221.228.148 - - [01/Jul/2021:12:57:55 -0400] "GET /favicon.ico HTTP/1.1" 404 708 "-" "Mozilla/5.0 (X11; Linux x86_64) AppleWebKit/537.36 (KHTML, like Gecko) Chrome/83.0.4103.97 Safari/537.36"
34.221.228.148 - - [01/Jul/2021:12:57:56 -0400] "GET / HTTP/1.1" 200 16730 "-" "Mozilla/5.0 (X11; Linux x86_64) AppleWebKit/537.36 (KHTML, like Gecko) Chrome/83.0.4103.97 Safari/537.36"
34.221.228.148 - - [01/Jul/2021:12:57:58 -0400] "GET /wp-content/uploads/2021/06/cropped-favicon-32x32.png HTTP/1.1" 200 2407 "-" "Go-http-client/1.1"
3.94.168.193 - - [01/Jul/2021:13:12:38 -0400] "GET / HTTP/1.1" 200 16732 "http://www.markeva.com.mx/" "Mozilla/5.0 (Windows NT 10.0; Win64; x64) AppleWebKit/537.36 (KHTML, like Gecko) Chrome/63.0.3239.84 Safari/537.36"
3.94.168.193 - - [01/Jul/2021:13:12:41 -0400] "GET /wp-content/uploads/2021/06/cropped-favicon-32x32.png HTTP/1.1" 200 2407 "-" "Mozilla/5.0 (Windows NT 10.0; Win64; x64) AppleWebKit/537.36 (KHTML, like Gecko) Chrome/63.0.3239.84 Safari/537.36"
69.171.249.24 - - [01/Jul/2021:13:19:53 -0400] "GET / HTTP/1.1" 200 16812 "-" "facebookexternalhit/1.1 (+http://www.facebook.com/externalhit_uatext.php)"
114.119.151.50 - - [01/Jul/2021:13:20:21 -0400] "GET /category/replica-watches/ HTTP/1.1" 404 6952 "-" "Mozilla/5.0 (Linux; Android 7.0;) AppleWebKit/537.36 (KHTML, like Gecko) Mobile Safari/537.36 (compatible; PetalBot;+https://webmaster.petalsearch.com/site/petalbot)"
189.178.14.75 - - [01/Jul/2021:13:29:49 -0400] "GET /wp-content/plugins/slider-images/Style/Rich-Web-Slider-Widget.css?ver=5.7.2 HTTP/1.1" 200 2051 "https://markeva.com.mx/" "Mozilla/5.0 (Windows NT 10.0; Win64; x64) AppleWebKit/537.36 (KHTML, like Gecko) Chrome/91.0.4472.124 Safari/537.36"
189.178.14.75 - - [01/Jul/2021:13:29:49 -0400] "GET /wp-includes/css/dist/block-library/style.min.css?ver=5.7.2 HTTP/1.1" 200 7922 "https://markeva.com.mx/" "Mozilla/5.0 (Windows NT 10.0; Win64; x64) AppleWebKit/537.36 (KHTML, like Gecko) Chrome/91.0.4472.124 Safari/537.36"
189.178.14.75 - - [01/Jul/2021:13:29:49 -0400] "GET /wp-content/plugins/slider-images/Style/richwebicons.css?ver=5.7.2 HTTP/1.1" 200 6488 "https://markeva.com.mx/" "Mozilla/5.0 (Windows NT 10.0; Win64; x64) AppleWebKit/537.36 (KHTML, like Gecko) Chrome/91.0.4472.124 Safari/537.36"
189.178.14.75 - - [01/Jul/2021:13:29:49 -0400] "GET /wp-content/uploads/master-slider/custom.css?ver=5 HTTP/1.1" 200 147 "https://markeva.com.mx/" "Mozilla/5.0 (Windows NT 10.0; Win64; x64) AppleWebKit/537.36 (KHTML, like Gecko) Chrome/91.0.4472.124 Safari/537.36"
189.178.14.75 - - [01/Jul/2021:13:29:49 -0400] "GET /wp-content/plugins/popups-for-divi/scripts/ie-compat.min.js?ver=2.3.6 HTTP/1.1" 200 3366 "https://markeva.com.mx/" "Mozilla/5.0 (Windows NT 10.0; Win64; x64) AppleWebKit/537.36 (KHTML, like Gecko) Chrome/91.0.4472.124 Safari/537.36"
189.178.14.75 - - [01/Jul/2021:13:29:49 -0400] "GET /wp-content/plugins/slider-images/Scripts/Rich-Web-Slider-Widget.js?ver=5.7.2 HTTP/1.1" 200 0 "https://markeva.com.mx/" "Mozilla/5.0 (Windows NT 10.0; Win64; x64) AppleWebKit/537.36 (KHTML, like Gecko) Chrome/91.0.4472.124 Safari/537.36"
189.178.14.75 - - [01/Jul/2021:13:29:49 -0400] "GET /wp-content/plugins/slider-images/Scripts/jquery.easing.1.2.js?ver=5.7.2 HTTP/1.1" 200 824 "https://markeva.com.mx/" "Mozilla/5.0 (Windows NT 10.0; Win64; x64) AppleWebKit/537.36 (KHTML, like Gecko) Chrome/91.0.4472.124 Safari/537.36"
189.178.14.75 - - [01/Jul/2021:13:29:49 -0400] "GET /wp-content/plugins/slider-images/Scripts/jquery.anythingslider.min.js?ver=5.7.2 HTTP/1.1" 200 188 "https://markeva.com.mx/" "Mozilla/5.0 (Windows NT 10.0; Win64; x64) AppleWebKit/537.36 (KHTML, like Gecko) Chrome/91.0.4472.124 Safari/537.36"
189.178.14.75 - - [01/Jul/2021:13:29:49 -0400] "GET /wp-content/uploads/useanyfont/uaf.css?ver=1625159994 HTTP/1.1" 200 163 "https://markeva.com.mx/" "Mozilla/5.0 (Windows NT 10.0; Win64; x64) AppleWebKit/537.36 (KHTML, like Gecko) Chrome/91.0.4472.124 Safari/537.36"
189.178.14.75 - - [01/Jul/2021:13:29:49 -0400] "GET /wp-includes/js/jquery/jquery.min.js?ver=3.5.1 HTTP/1.1" 200 29967 "https://markeva.com.mx/" "Mozilla/5.0 (Windows NT 10.0; Win64; x64) AppleWebKit/537.36 (KHTML, like Gecko) Chrome/91.0.4472.124 Safari/537.36"
189.178.14.75 - - [01/Jul/2021:13:29:49 -0400] "GET /wp-content/plugins/popups-for-divi/styles/front.min.css?ver=2.3.6 HTTP/1.1" 200 1533 "https://markeva.com.mx/" "Mozilla/5.0 (Windows NT 10.0; Win64; x64) AppleWebKit/537.36 (KHTML, like Gecko) Chrome/91.0.4472.124 Safari/537.36"
189.178.14.75 - - [01/Jul/2021:13:29:49 -0400] "GET /wp-content/et-cache/6/et-core-unified-6-16244753402415.min.css HTTP/1.1" 200 2886 "https://markeva.com.mx/" "Mozilla/5.0 (Windows NT 10.0; Win64; x64) AppleWebKit/537.36 (KHTML, like Gecko) Chrome/91.0.4472.124 Safari/537.36"
189.178.14.75 - - [01/Jul/2021:13:29:49 -0400] "GET /wp-includes/js/jquery/jquery-migrate.min.js?ver=3.3.2 HTTP/1.1" 200 3984 "https://markeva.com.mx/" "Mozilla/5.0 (Windows NT 10.0; Win64; x64) AppleWebKit/537.36 (KHTML, like Gecko) Chrome/91.0.4472.124 Safari/537.36"
189.178.14.75 - - [01/Jul/2021:13:29:49 -0400] "GET /wp-includes/js/jquery/ui/core.min.js?ver=1.12.1 HTTP/1.1" 200 6548 "https://markeva.com.mx/" "Mozilla/5.0 (Windows NT 10.0; Win64; x64) AppleWebKit/537.36 (KHTML, like Gecko) Chrome/91.0.4472.124 Safari/537.36"
189.178.14.75 - - [01/Jul/2021:13:29:49 -0400] "GET /wp-content/plugins/slider-images/Scripts/jquery.colorbox-min.js?ver=5.7.2 HTTP/1.1" 200 4094 "https://markeva.com.mx/" "Mozilla/5.0 (Windows NT 10.0; Win64; x64) AppleWebKit/537.36 (KHTML, like Gecko) Chrome/91.0.4472.124 Safari/537.36"
189.178.14.75 - - [01/Jul/2021:13:29:49 -0400] "GET /wp-content/plugins/master-slider/public/assets/css/masterslider.main.css?ver=3.7.8 HTTP/1.1" 200 6861 "https://markeva.com.mx/" "Mozilla/5.0 (Windows NT 10.0; Win64; x64) AppleWebKit/537.36 (KHTML, like Gecko) Chrome/91.0.4472.124 Safari/537.36"
