184.171.242.15 - - [02/Jul/2021:18:52:08 -0400] "GET / HTTP/1.1" 200 20258 "https://markeva.com.mx/" "WordPress/5.7.2; https://markeva.com.mx"
184.171.242.15 - - [02/Jul/2021:18:52:08 -0400] "POST /wp-cron.php?doing_wp_cron=1625266327.9244880676269531250000 HTTP/1.1" 200 0 "https://markeva.com.mx/wp-cron.php?doing_wp_cron=1625266327.9244880676269531250000" "WordPress/5.7.2; https://markeva.com.mx"
157.55.39.156 - - [02/Jul/2021:19:08:39 -0400] "GET /preamble-2196102692-tot.media HTTP/2" 404 6952 "-" "Mozilla/5.0 (compatible; bingbot/2.0; +http://www.bing.com/bingbot.htm)"
201.143.64.107 - - [02/Jul/2021:19:10:37 -0400] "GET /wp-content/uploads/useanyfont/uaf.css?ver=1625262387 HTTP/1.1" 200 163 "https://markeva.com.mx/" "Mozilla/5.0 (Windows NT 10.0; Win64; x64) AppleWebKit/537.36 (KHTML, like Gecko) Chrome/91.0.4472.124 Safari/537.36"
201.143.64.107 - - [02/Jul/2021:19:10:34 -0400] "GET / HTTP/2" 200 20261 "-" "Mozilla/5.0 (Windows NT 10.0; Win64; x64) AppleWebKit/537.36 (KHTML, like Gecko) Chrome/91.0.4472.124 Safari/537.36"
34.217.116.244 - - [02/Jul/2021:19:29:53 -0400] "GET /favicon.ico HTTP/1.1" 404 708 "-" "Mozilla/5.0 (X11; Linux x86_64) AppleWebKit/537.36 (KHTML, like Gecko) Chrome/83.0.4103.97 Safari/537.36"
34.217.116.244 - - [02/Jul/2021:19:29:55 -0400] "GET / HTTP/1.1" 200 16726 "-" "Mozilla/5.0 (X11; Linux x86_64) AppleWebKit/537.36 (KHTML, like Gecko) Chrome/83.0.4103.97 Safari/537.36"
34.217.116.244 - - [02/Jul/2021:19:29:57 -0400] "GET /wp-content/uploads/2021/06/cropped-favicon-32x32.png HTTP/1.1" 200 2407 "-" "Go-http-client/1.1"
107.150.52.194 - - [02/Jul/2021:19:43:33 -0400] "GET / HTTP/1.1" 200 16729 "http://www.google.com.hk" "Mozilla/5.0 (Windows NT 6.1; WOW64) AppleWebKit/537.36 (KHTML, like Gecko) Chrome/42.0.2311.90 Safari/537.36"
107.150.52.194 - - [02/Jul/2021:19:44:27 -0400] "GET //wp-content/plugins/fancy-product-designer/assets/css/fancy-product.css HTTP/1.1" 301 0 "-" "Mozilla/5.0 (Windows NT 6.1; WOW64) AppleWebKit/537.36 (KHTML, like Gecko) Chrome/36.0.1985.125 Safari/537.36"
184.171.242.15 - - [02/Jul/2021:19:29:22 -0400] "POST /wp-cron.php?doing_wp_cron=1625268562.3949968814849853515625 HTTP/1.1" 200 0 "https://markeva.com.mx/wp-cron.php?doing_wp_cron=1625268562.3949968814849853515625" "WordPress/5.7.2; https://markeva.com.mx"
34.221.4.253 - - [02/Jul/2021:19:29:21 -0400] "GET / HTTP/1.1" 200 16728 "-" "Mozilla/5.0 (X11; Linux x86_64) AppleWebKit/537.36 (KHTML, like Gecko) Chrome/83.0.4103.97 Safari/537.36"
107.150.52.194 - - [02/Jul/2021:19:42:50 -0400] "GET // HTTP/1.1" 301 0 "http://www.google.com.hk" "Mozilla/5.0 (Windows NT 6.1; WOW64) AppleWebKit/537.36 (KHTML, like Gecko) Chrome/42.0.2311.90 Safari/537.36"
107.150.52.194 - - [02/Jul/2021:19:45:20 -0400] "GET /wp-content/plugins/fancy-product-designer/assets/css/fancy-product.css HTTP/1.1" 404 5668 "-" "Mozilla/5.0 (Windows NT 6.1; WOW64) AppleWebKit/537.36 (KHTML, like Gecko) Chrome/36.0.1985.125 Safari/537.36"
181.167.149.169 - - [02/Jul/2021:19:45:22 -0400] "GET /wp-login.php HTTP/1.1" 200 2871 "https://markeva.com.mx/wp-login.php" "Mozilla/5.0 (Macintosh; Intel Mac OS X 10_12_6) AppleWebKit/605.1.15 (KHTML, like Gecko) Version/12.0.2 Safari/605.1.15"
181.167.149.169 - - [02/Jul/2021:19:45:23 -0400] "POST /wp-login.php HTTP/1.1" 302 683 "http://c.nusc.ir/wp-login.php" "Mozilla/5.0 (Macintosh; Intel Mac OS X 10_12_6) AppleWebKit/605.1.15 (KHTML, like Gecko) Version/12.0.2 Safari/605.1.15"
184.171.242.15 - - [02/Jul/2021:19:52:57 -0400] "POST /wp-cron.php?doing_wp_cron=1625269977.2431991100311279296875 HTTP/1.1" 200 0 "https://markeva.com.mx/wp-cron.php?doing_wp_cron=1625269977.2431991100311279296875" "WordPress/5.7.2; https://markeva.com.mx"
207.46.13.187 - - [02/Jul/2021:19:52:56 -0400] "GET /category/replica-watches/ HTTP/2" 404 6952 "-" "Mozilla/5.0 (compatible; bingbot/2.0; +http://www.bing.com/bingbot.htm)"
209.222.82.232 - - [02/Jul/2021:20:08:23 -0400] "GET / HTTP/1.0" 200 89816 "-" "Mozilla/4.0 (compatible; MSIE 8.0; Windows NT 6.1; WOW64; Trident/4.0; SLCC2; .NET CLR 2.0.50727; .NET CLR 3.5.30729; .NET CLR 3.0.30729)"
157.55.39.84 - - [02/Jul/2021:20:13:01 -0400] "GET /thermopile_2cfbf2g/2165017139-hippolyta/ HTTP/2" 404 6952 "-" "Mozilla/5.0 (compatible; bingbot/2.0; +http://www.bing.com/bingbot.htm)"
173.252.107.7 - - [02/Jul/2021:20:15:54 -0400] "HEAD / HTTP/1.1" 200 0 "-" "facebookexternalhit/1.1 (+http://www.facebook.com/externalhit_uatext.php)"
173.252.107.7 - - [02/Jul/2021:20:15:55 -0400] "GET /robots.txt HTTP/1.1" 200 70 "-" "facebookexternalhit/1.1 (+http://www.facebook.com/externalhit_uatext.php)"
173.252.107.3 - - [02/Jul/2021:20:15:55 -0400] "GET / HTTP/1.1" 200 16804 "-" "facebookexternalhit/1.1 (+http://www.facebook.com/externalhit_uatext.php)"
40.77.167.61 - - [02/Jul/2021:20:22:42 -0400] "GET /2152536939-scaldfishbcbc80ghippolyta/ HTTP/2" 404 6952 "-" "Mozilla/5.0 (compatible; bingbot/2.0; +http://www.bing.com/bingbot.htm)"
207.46.13.167 - - [02/Jul/2021:20:19:48 -0400] "GET /2102000376-ac364bgdialysabledialysable_rapt/ HTTP/2" 404 6952 "-" "Mozilla/5.0 (compatible; bingbot/2.0; +http://www.bing.com/bingbot.htm)"
184.171.242.15 - - [02/Jul/2021:21:00:46 -0400] "POST /wp-cron.php?doing_wp_cron=1625274046.5936930179595947265625 HTTP/1.1" 200 0 "https://markeva.com.mx/wp-cron.php?doing_wp_cron=1625274046.5936930179595947265625" "WordPress/5.7.2; https://markeva.com.mx"
185.191.171.35 - - [02/Jul/2021:21:00:39 -0400] "GET /robots.txt HTTP/1.1" 200 70 "-" "Mozilla/5.0 (compatible; SemrushBot/7~bl; +http://www.semrush.com/bot.html)"
185.191.171.1 - - [02/Jul/2021:21:00:49 -0400] "GET /inicio/manejo-de-materiales/ HTTP/1.1" 404 6952 "-" "Mozilla/5.0 (compatible; SemrushBot/7~bl; +http://www.semrush.com/bot.html)"
66.249.70.113 - - [02/Jul/2021:21:03:15 -0400] "GET /robots.txt HTTP/1.1" 200 71 "-" "Mozilla/5.0 (compatible; Googlebot/2.1; +http://www.google.com/bot.html)"
66.249.70.113 - - [02/Jul/2021:21:03:21 -0400] "GET /wp-content/themes/Divi/style.css?ver=4.9.7 HTTP/1.1" 200 70623 "https://markeva.com.mx/" "Mozilla/5.0 AppleWebKit/537.36 (KHTML, like Gecko; compatible; Googlebot/2.1; +http://www.google.com/bot.html) Chrome/91.0.4472.90 Safari/537.36"
66.249.70.111 - - [02/Jul/2021:21:03:21 -0400] "GET /wp-content/uploads/useanyfont/uaf.css?ver=1625184000 HTTP/1.1" 200 163 "https://markeva.com.mx/" "Mozilla/5.0 AppleWebKit/537.36 (KHTML, like Gecko; compatible; Googlebot/2.1; +http://www.google.com/bot.html) Chrome/91.0.4472.90 Safari/537.36"
66.249.70.111 - - [02/Jul/2021:21:03:21 -0400] "GET /wp-content/plugins/master-slider/public/assets/css/masterslider.main.css?ver=3.7.8 HTTP/1.1" 200 6861 "https://markeva.com.mx/" "Mozilla/5.0 AppleWebKit/537.36 (KHTML, like Gecko; compatible; Googlebot/2.1; +http://www.google.com/bot.html) Chrome/91.0.4472.90 Safari/537.36"
66.249.70.111 - - [02/Jul/2021:21:03:21 -0400] "GET /wp-content/plugins/slider-images/Scripts/jquery.easing.1.2.js?ver=5.7.2 HTTP/1.1" 200 824 "https://markeva.com.mx/" "Mozilla/5.0 AppleWebKit/537.36 (KHTML, like Gecko; compatible; Googlebot/2.1; +http://www.google.com/bot.html) Chrome/91.0.4472.90 Safari/537.36"
66.249.70.111 - - [02/Jul/2021:21:03:21 -0400] "GET /wp-includes/js/wp-emoji-release.min.js?ver=5.7.2 HTTP/1.1" 200 4268 "https://markeva.com.mx/" "Mozilla/5.0 AppleWebKit/537.36 (KHTML, like Gecko; compatible; Googlebot/2.1; +http://www.google.com/bot.html) Chrome/91.0.4472.90 Safari/537.36"
54.187.236.78 - - [02/Jul/2021:21:07:04 -0400] "GET / HTTP/1.1" 200 16729 "-" "Mozilla/5.0 (X11; Linux x86_64) AppleWebKit/537.36 (KHTML, like Gecko) Chrome/83.0.4103.97 Safari/537.36"
54.187.236.78 - - [02/Jul/2021:21:07:06 -0400] "GET /wp-content/uploads/2021/06/cropped-favicon-32x32.png HTTP/1.1" 200 2407 "-" "Go-http-client/1.1"
54.203.228.69 - - [02/Jul/2021:21:07:53 -0400] "GET /favicon.ico HTTP/1.1" 404 708 "-" "Mozilla/5.0 (X11; Linux x86_64) AppleWebKit/537.36 (KHTML, like Gecko) Chrome/83.0.4103.97 Safari/537.36"
54.203.228.69 - - [02/Jul/2021:21:07:56 -0400] "GET / HTTP/1.1" 200 16729 "-" "Mozilla/5.0 (X11; Linux x86_64) AppleWebKit/537.36 (KHTML, like Gecko) Chrome/83.0.4103.97 Safari/537.36"
54.203.228.69 - - [02/Jul/2021:21:07:58 -0400] "GET /wp-content/uploads/2021/06/cropped-favicon-32x32.png HTTP/1.1" 200 2407 "-" "Go-http-client/1.1"
66.249.70.115 - - [02/Jul/2021:21:03:15 -0400] "GET / HTTP/1.1" 200 20259 "-" "Mozilla/5.0 (compatible; Googlebot/2.1; +http://www.google.com/bot.html)"
34.219.198.169 - - [02/Jul/2021:21:06:44 -0400] "GET / HTTP/1.1" 200 16729 "-" "Mozilla/5.0 (X11; Linux x86_64) AppleWebKit/537.36 (KHTML, like Gecko) Chrome/83.0.4103.97 Safari/537.36"
54.187.236.78 - - [02/Jul/2021:21:07:01 -0400] "GET /favicon.ico HTTP/1.1" 404 708 "-" "Mozilla/5.0 (X11; Linux x86_64) AppleWebKit/537.36 (KHTML, like Gecko) Chrome/83.0.4103.97 Safari/537.36"
52.37.92.191 - - [02/Jul/2021:21:07:37 -0400] "GET / HTTP/1.1" 200 16728 "-" "Mozilla/5.0 (X11; Linux x86_64) AppleWebKit/537.36 (KHTML, like Gecko) Chrome/83.0.4103.97 Safari/537.36"
207.46.13.187 - - [02/Jul/2021:21:09:25 -0400] "GET /2133301497/sunfish4cfe38gwatershed/ HTTP/2" 404 6951 "-" "Mozilla/5.0 (compatible; bingbot/2.0; +http://www.bing.com/bingbot.htm)"
66.249.70.111 - - [02/Jul/2021:21:26:44 -0400] "GET / HTTP/1.1" 200 20259 "-" "Mozilla/5.0 (Linux; Android 6.0.1; Nexus 5X Build/MMB29P) AppleWebKit/537.36 (KHTML, like Gecko) Chrome/91.0.4472.90 Mobile Safari/537.36 (compatible; Googlebot/2.1; +http://www.google.com/bot.html)"
114.119.151.103 - - [02/Jul/2021:21:53:13 -0400] "GET /productos/transmicion-logos/ HTTP/1.1" 404 6951 "-" "Mozilla/5.0 (Linux; Android 7.0;) AppleWebKit/537.36 (KHTML, like Gecko) Mobile Safari/537.36 (compatible; PetalBot;+https://webmaster.petalsearch.com/site/petalbot)"
184.171.242.15 - - [02/Jul/2021:21:44:51 -0400] "POST /wp-cron.php?doing_wp_cron=1625276691.8880341053009033203125 HTTP/1.1" 200 0 "https://markeva.com.mx/wp-cron.php?doing_wp_cron=1625276691.8880341053009033203125" "WordPress/5.7.2; https://markeva.com.mx"
40.77.167.45 - - [02/Jul/2021:21:44:50 -0400] "GET /spiritualisation/hexastich/2148296421-spiritualisation/ HTTP/2" 404 6951 "-" "Mozilla/5.0 (compatible; bingbot/2.0; +http://www.bing.com/bingbot.htm)"
207.46.13.187 - - [02/Jul/2021:21:49:47 -0400] "GET /category/replica-watches/ HTTP/2" 404 6951 "-" "Mozilla/5.0 (compatible; bingbot/2.0; +http://www.bing.com/bingbot.htm)"
157.55.39.156 - - [02/Jul/2021:22:58:49 -0400] "GET /predynasticglutei-2138473891-272a39gglutei/ HTTP/2" 404 6951 "-" "Mozilla/5.0 (compatible; bingbot/2.0; +http://www.bing.com/bingbot.htm)"
184.171.242.15 - - [02/Jul/2021:22:58:56 -0400] "POST /wp-cron.php?doing_wp_cron=1625281136.7262179851531982421875 HTTP/1.1" 200 0 "https://markeva.com.mx/wp-cron.php?doing_wp_cron=1625281136.7262179851531982421875" "WordPress/5.7.2; https://markeva.com.mx"
207.46.13.60 - - [02/Jul/2021:23:25:18 -0400] "GET /2240905138-hyssophyperaction/ HTTP/2" 404 6951 "-" "Mozilla/5.0 (compatible; bingbot/2.0; +http://www.bing.com/bingbot.htm)"
207.46.13.60 - - [02/Jul/2021:23:18:03 -0400] "GET /semiaquatic-metacenter-2123147382/ HTTP/2" 404 6951 "-" "Mozilla/5.0 (compatible; bingbot/2.0; +http://www.bing.com/bingbot.htm)"
207.46.13.187 - - [02/Jul/2021:23:22:17 -0400] "GET /pleomorphous_2106322686_obstructionism.jp HTTP/2" 404 5668 "-" "Mozilla/5.0 (compatible; bingbot/2.0; +http://www.bing.com/bingbot.htm)"
184.171.242.15 - - [02/Jul/2021:23:40:39 -0400] "POST /wp-cron.php?doing_wp_cron=1625283639.0749199390411376953125 HTTP/1.1" 200 0 "https://markeva.com.mx/wp-cron.php?doing_wp_cron=1625283639.0749199390411376953125" "WordPress/5.7.2; https://markeva.com.mx"
207.46.13.60 - - [02/Jul/2021:23:40:38 -0400] "GET /trifling_2102043493/gambol/ HTTP/2" 404 6951 "-" "Mozilla/5.0 (compatible; bingbot/2.0; +http://www.bing.com/bingbot.htm)"
184.171.242.15 - - [03/Jul/2021:00:34:36 -0400] "POST /wp-cron.php?doing_wp_cron=1625286875.9723379611968994140625 HTTP/1.1" 200 0 "https://markeva.com.mx/wp-cron.php?doing_wp_cron=1625286875.9723379611968994140625" "WordPress/5.7.2; https://markeva.com.mx"
207.46.13.117 - - [03/Jul/2021:00:34:27 -0400] "GET /productos/ HTTP/2" 404 6951 "-" "Mozilla/5.0 (compatible; bingbot/2.0; +http://www.bing.com/bingbot.htm)"
207.46.13.114 - - [03/Jul/2021:00:49:25 -0400] "GET /144343gwatershed_2102000370-sermonic/ HTTP/2" 301 0 "-" "Mozilla/5.0 (compatible; bingbot/2.0; +http://www.bing.com/bingbot.htm)"
157.55.39.156 - - [03/Jul/2021:01:23:28 -0400] "GET /parochialism-photogrammetry-2114136066/ HTTP/2" 301 0 "-" "Mozilla/5.0 (compatible; bingbot/2.0; +http://www.bing.com/bingbot.htm)"
184.171.242.15 - - [03/Jul/2021:01:59:31 -0400] "POST /wp-cron.php?doing_wp_cron=1625291971.2375459671020507812500 HTTP/1.1" 200 0 "https://markeva.com.mx/wp-cron.php?doing_wp_cron=1625291971.2375459671020507812500" "WordPress/5.7.2; https://markeva.com.mx"
207.46.13.170 - - [03/Jul/2021:01:59:27 -0400] "GET /spirogyra-osteology1fb852g-2105846765.rent HTTP/2" 404 5668 "-" "Mozilla/5.0 (compatible; bingbot/2.0; +http://www.bing.com/bingbot.htm)"
207.46.13.117 - - [03/Jul/2021:02:16:58 -0400] "GET /toothy2e055ag/2243299478_toothy_relaunch.construction HTTP/2" 404 6948 "-" "Mozilla/5.0 (compatible; bingbot/2.0; +http://www.bing.com/bingbot.htm)"
184.171.242.15 - - [03/Jul/2021:02:30:12 -0400] "POST /wp-cron.php?doing_wp_cron=1625293812.6680901050567626953125 HTTP/1.1" 200 0 "https://markeva.com.mx/wp-cron.php?doing_wp_cron=1625293812.6680901050567626953125" "WordPress/5.7.2; https://markeva.com.mx"
40.77.167.61 - - [03/Jul/2021:02:30:12 -0400] "GET /?2192395996-enunciate_enunciateviscosityacde30g/ HTTP/2" 301 0 "-" "Mozilla/5.0 (compatible; bingbot/2.0; +http://www.bing.com/bingbot.htm)"
157.55.39.84 - - [03/Jul/2021:02:35:31 -0400] "GET /thermopile_2165923763/northumberlandthermopile.media HTTP/2" 404 6952 "-" "Mozilla/5.0 (compatible; bingbot/2.0; +http://www.bing.com/bingbot.htm)"
20.75.128.100 - - [03/Jul/2021:03:01:20 -0400] "GET /wp-content/uploads/2016/12/soluciones-de-bombeo.jpg HTTP/1.1" 404 5668 "-" "Mozilla/5.0 (Windows NT 10.0; Win64; x64) AppleWebKit/537.36 (KHTML, like Gecko) Chrome/76.0.3809.100 Safari/537.36"
66.249.70.113 - - [03/Jul/2021:02:51:38 -0400] "GET /wp-content/uploads/2017/01/logo-footer2.png HTTP/1.1" 404 5668 "-" "Googlebot-Image/1.0"
184.171.242.15 - - [03/Jul/2021:03:28:45 -0400] "POST /wp-cron.php?doing_wp_cron=1625297325.7988669872283935546875 HTTP/1.1" 200 0 "https://markeva.com.mx/wp-cron.php?doing_wp_cron=1625297325.7988669872283935546875" "WordPress/5.7.2; https://markeva.com.mx"
207.46.13.117 - - [03/Jul/2021:03:28:36 -0400] "GET /tierce/2102000378-amman/ammanad1fa5g/ HTTP/2" 404 6948 "-" "Mozilla/5.0 (compatible; bingbot/2.0; +http://www.bing.com/bingbot.htm)"
207.46.13.170 - - [03/Jul/2021:04:10:59 -0400] "GET /crinkle_878cbdg-2197363317_conicity/ HTTP/2" 404 6948 "-" "Mozilla/5.0 (compatible; bingbot/2.0; +http://www.bing.com/bingbot.htm)"
66.249.70.111 - - [03/Jul/2021:03:56:51 -0400] "GET /wp-content/uploads/2016/12/soluciones-de-bombeo.jpg HTTP/1.1" 404 5668 "-" "Googlebot-Image/1.0"
40.77.167.61 - - [03/Jul/2021:04:23:26 -0400] "GET /pragmatisticexpressiveness_2231063071/ HTTP/2" 404 6948 "-" "Mozilla/5.0 (compatible; bingbot/2.0; +http://www.bing.com/bingbot.htm)"
184.171.242.15 - - [03/Jul/2021:04:29:01 -0400] "POST /wp-cron.php?doing_wp_cron=1625300941.6981000900268554687500 HTTP/1.1" 200 0 "https://markeva.com.mx/wp-cron.php?doing_wp_cron=1625300941.6981000900268554687500" "WordPress/5.7.2; https://markeva.com.mx"
40.77.167.61 - - [03/Jul/2021:04:29:01 -0400] "GET /retirant6458c3g-2248418087_bardlet/ HTTP/2" 404 6948 "-" "Mozilla/5.0 (compatible; bingbot/2.0; +http://www.bing.com/bingbot.htm)"
157.55.39.156 - - [03/Jul/2021:04:36:16 -0400] "GET /quack-pukras-2102043513.construction HTTP/2" 404 6948 "-" "Mozilla/5.0 (compatible; bingbot/2.0; +http://www.bing.com/bingbot.htm)"
40.77.167.61 - - [03/Jul/2021:04:43:15 -0400] "GET /2216334143-bornean95276dgmaquisard.construction HTTP/2" 404 6948 "-" "Mozilla/5.0 (compatible; bingbot/2.0; +http://www.bing.com/bingbot.htm)"
34.96.130.31 - - [03/Jul/2021:05:41:04 -0400] "GET / HTTP/1.1" 301 0 "-" "Expanse, a Palo Alto Networks company, searches across the global IPv4 space multiple times per day to identify customers&#39; presences on the Internet. If you would like to be excluded from our scans, please send IP addresses/domains to: scaninfo@paloaltonetworks.com"
207.46.13.170 - - [03/Jul/2021:05:47:10 -0400] "GET /productos/materiales-logos/ HTTP/2" 404 6948 "-" "Mozilla/5.0 (compatible; bingbot/2.0; +http://www.bing.com/bingbot.htm)"
184.171.242.15 - - [03/Jul/2021:05:41:12 -0400] "POST /wp-cron.php?doing_wp_cron=1625305272.4186329841613769531250 HTTP/1.1" 200 0 "https://markeva.com.mx/wp-cron.php?doing_wp_cron=1625305272.4186329841613769531250" "WordPress/5.7.2; https://markeva.com.mx"
207.46.13.60 - - [03/Jul/2021:06:17:28 -0400] "GET /mescalmonosaccharide/2208242453/ HTTP/2" 404 6948 "-" "Mozilla/5.0 (compatible; bingbot/2.0; +http://www.bing.com/bingbot.htm)"
40.77.167.45 - - [03/Jul/2021:06:16:14 -0400] "GET /2237735655-maladministration_6f08a0gincoagulable/ HTTP/2" 404 6948 "-" "Mozilla/5.0 (compatible; bingbot/2.0; +http://www.bing.com/bingbot.htm)"
207.46.13.170 - - [03/Jul/2021:06:30:00 -0400] "GET /hola-mundo/ HTTP/2" 301 0 "-" "Mozilla/5.0 (compatible; bingbot/2.0; +http://www.bing.com/bingbot.htm)"
184.171.242.15 - - [03/Jul/2021:06:30:01 -0400] "POST /wp-cron.php?doing_wp_cron=1625308201.0842540264129638671875 HTTP/1.1" 200 0 "https://markeva.com.mx/wp-cron.php?doing_wp_cron=1625308201.0842540264129638671875" "WordPress/5.7.2; https://markeva.com.mx"
207.46.13.114 - - [03/Jul/2021:06:35:02 -0400] "GET /vivaciously-4a505agvivaciouslyisochar/2102002843/ HTTP/2" 404 6948 "-" "Mozilla/5.0 (compatible; bingbot/2.0; +http://www.bing.com/bingbot.htm)"
184.171.242.15 - - [03/Jul/2021:06:30:01 -0400] "GET / HTTP/1.1" 200 20258 "https://markeva.com.mx/" "WordPress/5.7.2; https://markeva.com.mx"
207.46.13.117 - - [03/Jul/2021:07:10:10 -0400] "GET /tribalismmanway_2115056088/ HTTP/2" 404 6944 "-" "Mozilla/5.0 (compatible; bingbot/2.0; +http://www.bing.com/bingbot.htm)"
207.46.13.60 - - [03/Jul/2021:07:13:15 -0400] "GET /expressiveness-2170577983/expressivenesssensorineural/ HTTP/2" 404 6944 "-" "Mozilla/5.0 (compatible; bingbot/2.0; +http://www.bing.com/bingbot.htm)"
157.55.39.84 - - [03/Jul/2021:07:23:28 -0400] "GET /recurvedresolvable-2102043517-resolvable/ HTTP/2" 404 6944 "-" "Mozilla/5.0 (compatible; bingbot/2.0; +http://www.bing.com/bingbot.htm)"
114.119.151.89 - - [03/Jul/2021:07:26:52 -0400] "GET /author/soporteguruc-com-mx/ HTTP/1.1" 404 6944 "-" "Mozilla/5.0 (Linux; Android 7.0;) AppleWebKit/537.36 (KHTML, like Gecko) Mobile Safari/537.36 (compatible; PetalBot;+https://webmaster.petalsearch.com/site/petalbot)"
184.171.242.15 - - [03/Jul/2021:08:15:22 -0400] "POST /wp-cron.php?doing_wp_cron=1625314522.0932190418243408203125 HTTP/1.1" 200 0 "https://markeva.com.mx/wp-cron.php?doing_wp_cron=1625314522.0932190418243408203125" "WordPress/5.7.2; https://markeva.com.mx"
66.249.70.113 - - [03/Jul/2021:08:19:00 -0400] "GET /page-sitemap.xml HTTP/1.1" 200 908 "-" "Mozilla/5.0 (compatible; Googlebot/2.1; +http://www.google.com/bot.html)"
207.46.13.117 - - [03/Jul/2021:08:15:13 -0400] "GET /audio_2239633521_roofscaperoofscape.rent HTTP/2" 404 5668 "-" "Mozilla/5.0 (compatible; bingbot/2.0; +http://www.bing.com/bingbot.htm)"
184.171.242.15 - - [03/Jul/2021:08:28:00 -0400] "POST /wp-cron.php?doing_wp_cron=1625315280.4255099296569824218750 HTTP/1.1" 200 0 "https://markeva.com.mx/wp-cron.php?doing_wp_cron=1625315280.4255099296569824218750" "WordPress/5.7.2; https://markeva.com.mx"
207.46.13.167 - - [03/Jul/2021:08:27:59 -0400] "GET /mezzorelievothiophosphatemezzorelievo-2164647991/ HTTP/2" 404 6943 "-" "Mozilla/5.0 (compatible; bingbot/2.0; +http://www.bing.com/bingbot.htm)"
40.77.167.61 - - [03/Jul/2021:08:32:39 -0400] "GET /2102043517-resolvable/resolvable-recurved/ HTTP/2" 404 6943 "-" "Mozilla/5.0 (compatible; bingbot/2.0; +http://www.bing.com/bingbot.htm)"
157.55.39.156 - - [03/Jul/2021:09:16:27 -0400] "GET /2126948962_8574eag-fetornoncellulosic/ HTTP/2" 404 6943 "-" "Mozilla/5.0 (compatible; bingbot/2.0; +http://www.bing.com/bingbot.htm)"
40.77.167.45 - - [03/Jul/2021:09:27:21 -0400] "GET /e9bf60gnitrocellulosebullmastiffbullmastiff-2102000360/ HTTP/2" 404 6943 "-" "Mozilla/5.0 (compatible; bingbot/2.0; +http://www.bing.com/bingbot.htm)"
184.171.242.15 - - [03/Jul/2021:09:27:22 -0400] "POST /wp-cron.php?doing_wp_cron=1625318842.2195250988006591796875 HTTP/1.1" 200 0 "https://markeva.com.mx/wp-cron.php?doing_wp_cron=1625318842.2195250988006591796875" "WordPress/5.7.2; https://markeva.com.mx"
157.55.39.84 - - [03/Jul/2021:09:31:50 -0400] "GET /2115059856-watershed_soubresautwatershed/ HTTP/2" 404 6943 "-" "Mozilla/5.0 (compatible; bingbot/2.0; +http://www.bing.com/bingbot.htm)"
66.249.70.113 - - [03/Jul/2021:09:52:19 -0400] "GET / HTTP/1.1" 200 20255 "-" "Mozilla/5.0 (compatible; Googlebot/2.1; +http://www.google.com/bot.html)"
66.249.70.113 - - [03/Jul/2021:09:53:07 -0400] "GET /wp-content/uploads/2021/06/5-1.png HTTP/1.1" 200 987512 "-" "Googlebot-Image/1.0"
66.249.70.113 - - [03/Jul/2021:09:53:07 -0400] "GET /wp-content/uploads/2021/06/Post-11.png HTTP/1.1" 200 671276 "-" "Googlebot-Image/1.0"
66.249.70.111 - - [03/Jul/2021:09:53:08 -0400] "GET /wp-content/uploads/2021/06/Sin-titulo-2-1.png HTTP/1.1" 200 17050 "-" "Googlebot-Image/1.0"
66.249.70.111 - - [03/Jul/2021:09:53:08 -0400] "GET /wp-content/uploads/2021/06/Post-6.png HTTP/1.1" 200 1074134 "-" "Googlebot-Image/1.0"
66.249.70.111 - - [03/Jul/2021:09:53:10 -0400] "GET /wp-content/uploads/2021/06/3-1.png HTTP/1.1" 200 601886 "-" "Googlebot-Image/1.0"
66.249.70.111 - - [03/Jul/2021:09:53:10 -0400] "GET /wp-content/uploads/2021/06/Post-16.png HTTP/1.1" 200 1184342 "-" "Googlebot-Image/1.0"
66.249.70.111 - - [03/Jul/2021:09:53:10 -0400] "GET /wp-content/uploads/2021/06/2-1.png HTTP/1.1" 200 854680 "-" "Googlebot-Image/1.0"
66.249.70.115 - - [03/Jul/2021:09:53:06 -0400] "GET /favicon.ico HTTP/1.1" 404 708 "-" "Googlebot-Image/1.0"
66.249.70.115 - - [03/Jul/2021:09:53:06 -0400] "GET /wp-content/uploads/2021/06/Post-17.png HTTP/1.1" 200 451630 "-" "Googlebot-Image/1.0"
66.249.70.115 - - [03/Jul/2021:09:53:07 -0400] "GET /wp-content/uploads/2021/06/1-1.png HTTP/1.1" 200 870933 "-" "Googlebot-Image/1.0"
66.249.70.115 - - [03/Jul/2021:09:53:08 -0400] "GET /wp-content/uploads/2021/06/Post-8.png HTTP/1.1" 200 1696299 "-" "Googlebot-Image/1.0"
66.249.70.115 - - [03/Jul/2021:09:53:11 -0400] "GET /wp-content/uploads/2021/06/11.png HTTP/1.1" 200 270117 "-" "Googlebot-Image/1.0"
207.46.13.187 - - [03/Jul/2021:09:58:38 -0400] "GET /torrifymaorinessmaoriness_2201531860.media HTTP/2" 404 6943 "-" "Mozilla/5.0 (compatible; bingbot/2.0; +http://www.bing.com/bingbot.htm)"
207.46.13.167 - - [03/Jul/2021:10:04:51 -0400] "GET /furunculosis_2173948102-protopodite/ HTTP/2" 404 6943 "-" "Mozilla/5.0 (compatible; bingbot/2.0; +http://www.bing.com/bingbot.htm)"
207.46.13.114 - - [03/Jul/2021:10:03:02 -0400] "GET /mergansertactfully_tactfully_2157918728/ HTTP/2" 404 6943 "-" "Mozilla/5.0 (compatible; bingbot/2.0; +http://www.bing.com/bingbot.htm)"
184.171.242.15 - - [03/Jul/2021:10:41:17 -0400] "POST /wp-cron.php?doing_wp_cron=1625323277.8445000648498535156250 HTTP/1.1" 200 0 "https://markeva.com.mx/wp-cron.php?doing_wp_cron=1625323277.8445000648498535156250" "WordPress/5.7.2; https://markeva.com.mx"
40.77.167.61 - - [03/Jul/2021:10:41:09 -0400] "GET /acetifypukrasb0c9dfg_2102002824.jp HTTP/2" 404 5668 "-" "Mozilla/5.0 (compatible; bingbot/2.0; +http://www.bing.com/bingbot.htm)"
207.46.13.114 - - [03/Jul/2021:10:51:13 -0400] "GET /ablegatecd6361g-2209413394-gleesome/ HTTP/2" 404 6943 "-" "Mozilla/5.0 (compatible; bingbot/2.0; +http://www.bing.com/bingbot.htm)"
40.77.167.61 - - [03/Jul/2021:11:02:13 -0400] "GET /fe/2102000384_sonly/ HTTP/2" 404 6923 "-" "Mozilla/5.0 (compatible; bingbot/2.0; +http://www.bing.com/bingbot.htm)"
207.46.13.187 - - [03/Jul/2021:11:06:55 -0400] "GET /2116008807-gamblehexastich/ HTTP/2" 404 6943 "-" "Mozilla/5.0 (compatible; bingbot/2.0; +http://www.bing.com/bingbot.htm)"
114.119.148.49 - - [03/Jul/2021:11:07:02 -0400] "GET /robots.txt HTTP/1.1" 200 70 "-" "Mozilla/5.0 (compatible;PetalBot;+https://webmaster.petalsearch.com/site/petalbot)"
184.171.242.15 - - [03/Jul/2021:11:42:46 -0400] "POST /wp-cron.php?doing_wp_cron=1625326966.4101500511169433593750 HTTP/1.1" 200 0 "https://markeva.com.mx/wp-cron.php?doing_wp_cron=1625326966.4101500511169433593750" "WordPress/5.7.2; https://markeva.com.mx"
157.55.39.84 - - [03/Jul/2021:11:42:44 -0400] "GET /graustarkoscine-2195679037/ HTTP/2" 404 6943 "-" "Mozilla/5.0 (compatible; bingbot/2.0; +http://www.bing.com/bingbot.htm)"
40.77.167.45 - - [03/Jul/2021:12:16:05 -0400] "GET /2102000367-uintathere-uintathererompish/ HTTP/2" 404 6943 "-" "Mozilla/5.0 (compatible; bingbot/2.0; +http://www.bing.com/bingbot.htm)"
207.46.13.187 - - [03/Jul/2021:12:21:42 -0400] "GET /sitemap_index.xml HTTP/2" 200 327 "-" "Mozilla/5.0 (compatible; bingbot/2.0; +http://www.bing.com/bingbot.htm)"
184.171.242.15 - - [03/Jul/2021:12:41:53 -0400] "POST /wp-cron.php?doing_wp_cron=1625330513.2091228961944580078125 HTTP/1.1" 200 0 "https://markeva.com.mx/wp-cron.php?doing_wp_cron=1625330513.2091228961944580078125" "WordPress/5.7.2; https://markeva.com.mx"
185.191.171.16 - - [03/Jul/2021:12:41:52 -0400] "GET /robots.txt HTTP/1.1" 200 70 "-" "Mozilla/5.0 (compatible; SemrushBot/7~bl; +http://www.semrush.com/bot.html)"
185.191.171.23 - - [03/Jul/2021:12:41:55 -0400] "GET /quienes-somos HTTP/1.1" 404 6943 "-" "Mozilla/5.0 (compatible; SemrushBot/7~bl; +http://www.semrush.com/bot.html)"
207.46.13.167 - - [03/Jul/2021:12:55:56 -0400] "GET /2102121112_undispersed08fafdg-cachaca/ HTTP/2" 404 6943 "-" "Mozilla/5.0 (compatible; bingbot/2.0; +http://www.bing.com/bingbot.htm)"
114.119.136.31 - - [03/Jul/2021:12:55:42 -0400] "GET /quienes-somos HTTP/1.1" 404 6943 "-" "Mozilla/5.0 (Linux; Android 7.0;) AppleWebKit/537.36 (KHTML, like Gecko) Mobile Safari/537.36 (compatible; PetalBot;+https://webmaster.petalsearch.com/site/petalbot)"
185.191.171.19 - - [03/Jul/2021:13:36:13 -0400] "GET / HTTP/1.1" 200 16805 "-" "Mozilla/5.0 (compatible; SemrushBot/7~bl; +http://www.semrush.com/bot.html)"
173.252.95.13 - - [03/Jul/2021:13:43:50 -0400] "GET /wp-content/uploads/2021/06/logo.png HTTP/1.1" 200 185859 "-" "facebookexternalhit/1.1 (+http://www.facebook.com/externalhit_uatext.php)"
173.252.87.12 - - [03/Jul/2021:13:56:01 -0400] "HEAD / HTTP/1.1" 200 0 "-" "facebookexternalhit/1.1 (+http://www.facebook.com/externalhit_uatext.php)"
173.252.87.12 - - [03/Jul/2021:13:56:02 -0400] "GET / HTTP/1.1" 200 16805 "-" "facebookexternalhit/1.1 (+http://www.facebook.com/externalhit_uatext.php)"
207.46.13.187 - - [03/Jul/2021:14:02:22 -0400] "GET /recoronation_2103657314-cuisserecoronation.audio HTTP/2" 404 6951 "-" "Mozilla/5.0 (compatible; bingbot/2.0; +http://www.bing.com/bingbot.htm)"
207.46.13.117 - - [03/Jul/2021:14:12:37 -0400] "GET /piercemelolonthid_2126214545/ HTTP/2" 404 6951 "-" "Mozilla/5.0 (compatible; bingbot/2.0; +http://www.bing.com/bingbot.htm)"
207.46.13.167 - - [03/Jul/2021:14:13:12 -0400] "GET /embar_kuweitkuweit-2241680119/ HTTP/2" 404 6951 "-" "Mozilla/5.0 (compatible; bingbot/2.0; +http://www.bing.com/bingbot.htm)"
184.171.242.15 - - [03/Jul/2021:14:28:50 -0400] "POST /wp-cron.php?doing_wp_cron=1625336930.1644499301910400390625 HTTP/1.1" 200 0 "https://markeva.com.mx/wp-cron.php?doing_wp_cron=1625336930.1644499301910400390625" "WordPress/5.7.2; https://markeva.com.mx"
66.249.70.111 - - [03/Jul/2021:14:28:55 -0400] "GET /wp-content/themes/Divi/style.css?ver=4.9.7 HTTP/1.1" 200 70623 "https://markeva.com.mx/" "Mozilla/5.0 (Linux; Android 6.0.1; Nexus 5X Build/MMB29P) AppleWebKit/537.36 (KHTML, like Gecko) Chrome/91.0.4472.90 Mobile Safari/537.36 (compatible; Googlebot/2.1; +http://www.google.com/bot.html)"
66.249.70.111 - - [03/Jul/2021:14:28:55 -0400] "GET /wp-includes/js/jquery/jquery-migrate.min.js?ver=3.3.2 HTTP/1.1" 200 3984 "https://markeva.com.mx/" "Mozilla/5.0 (Linux; Android 6.0.1; Nexus 5X Build/MMB29P) AppleWebKit/537.36 (KHTML, like Gecko) Chrome/91.0.4472.90 Mobile Safari/537.36 (compatible; Googlebot/2.1; +http://www.google.com/bot.html)"
66.249.70.115 - - [03/Jul/2021:14:29:03 -0400] "GET /wp-content/uploads/2021/06/1-1.png HTTP/1.1" 304 0 "-" "Googlebot-Image/1.0"
66.249.70.115 - - [03/Jul/2021:14:29:03 -0400] "GET /wp-content/uploads/2021/06/5-1.png HTTP/1.1" 304 0 "-" "Googlebot-Image/1.0"
66.249.70.111 - - [03/Jul/2021:14:29:03 -0400] "GET /wp-content/uploads/2021/06/Post-17.png HTTP/1.1" 304 0 "-" "Googlebot-Image/1.0"
66.249.70.115 - - [03/Jul/2021:14:29:04 -0400] "GET /wp-content/uploads/2021/06/Post-6.png HTTP/1.1" 304 0 "-" "Googlebot-Image/1.0"
66.249.70.115 - - [03/Jul/2021:14:29:04 -0400] "GET /wp-content/uploads/2021/06/Sin-titulo-2-1.png HTTP/1.1" 304 0 "-" "Googlebot-Image/1.0"
66.249.70.111 - - [03/Jul/2021:14:29:04 -0400] "GET /wp-content/uploads/2021/06/Post-8.png HTTP/1.1" 304 0 "-" "Googlebot-Image/1.0"
66.249.70.115 - - [03/Jul/2021:14:28:48 -0400] "GET / HTTP/1.1" 200 20259 "-" "Mozilla/5.0 (Linux; Android 6.0.1; Nexus 5X Build/MMB29P) AppleWebKit/537.36 (KHTML, like Gecko) Chrome/91.0.4472.90 Mobile Safari/537.36 (compatible; Googlebot/2.1; +http://www.google.com/bot.html)"
66.249.70.113 - - [03/Jul/2021:14:29:03 -0400] "GET /wp-content/uploads/2021/06/2-1.png HTTP/1.1" 304 0 "-" "Googlebot-Image/1.0"
66.249.70.113 - - [03/Jul/2021:14:29:03 -0400] "GET /wp-content/uploads/2021/06/3-1.png HTTP/1.1" 304 0 "-" "Googlebot-Image/1.0"
66.249.70.113 - - [03/Jul/2021:14:29:04 -0400] "GET /wp-content/uploads/2021/06/Post-16.png HTTP/1.1" 304 0 "-" "Googlebot-Image/1.0"
66.249.70.113 - - [03/Jul/2021:14:29:04 -0400] "GET /wp-content/uploads/2021/06/8.png HTTP/1.1" 200 203912 "-" "Googlebot-Image/1.0"
207.46.13.187 - - [03/Jul/2021:14:58:27 -0400] "GET /inicio/soluciones-de-bombeo/ HTTP/2" 404 6951 "-" "Mozilla/5.0 (compatible; bingbot/2.0; +http://www.bing.com/bingbot.htm)"
69.171.251.116 - - [03/Jul/2021:14:46:00 -0400] "GET /wp-content/uploads/2021/06/logo.png HTTP/1.1" 200 185859 "-" "facebookexternalhit/1.1 (+http://www.facebook.com/externalhit_uatext.php)"
66.249.70.111 - - [03/Jul/2021:15:02:38 -0400] "GET / HTTP/1.1" 200 20256 "-" "Mozilla/5.0 (compatible; Googlebot/2.1; +http://www.google.com/bot.html)"
66.249.70.113 - - [03/Jul/2021:15:04:51 -0400] "GET / HTTP/1.1" 200 20259 "-" "Mozilla/5.0 (Linux; Android 6.0.1; Nexus 5X Build/MMB29P) AppleWebKit/537.36 (KHTML, like Gecko) Chrome/91.0.4472.90 Mobile Safari/537.36 (compatible; Googlebot/2.1; +http://www.google.com/bot.html)"
185.191.171.18 - - [03/Jul/2021:15:13:55 -0400] "GET /robots.txt HTTP/1.1" 200 70 "-" "Mozilla/5.0 (compatible; SemrushBot/7~bl; +http://www.semrush.com/bot.html)"
185.191.171.1 - - [03/Jul/2021:15:13:57 -0400] "GET /quienes-somos/backg/ HTTP/1.1" 404 6951 "-" "Mozilla/5.0 (compatible; SemrushBot/7~bl; +http://www.semrush.com/bot.html)"
184.171.242.15 - - [03/Jul/2021:15:39:34 -0400] "POST /wp-cron.php?doing_wp_cron=1625341174.4207439422607421875000 HTTP/1.1" 200 0 "https://markeva.com.mx/wp-cron.php?doing_wp_cron=1625341174.4207439422607421875000" "WordPress/5.7.2; https://markeva.com.mx"
207.46.13.114 - - [03/Jul/2021:15:39:33 -0400] "GET /Tag-57b38bgmarezzo-2208674351/inertialess-inertialess/ HTTP/2" 404 6951 "-" "Mozilla/5.0 (compatible; bingbot/2.0; +http://www.bing.com/bingbot.htm)"
185.191.171.26 - - [03/Jul/2021:15:42:50 -0400] "GET /inicio/beneficios/ HTTP/1.1" 404 6951 "-" "Mozilla/5.0 (compatible; SemrushBot/7~bl; +http://www.semrush.com/bot.html)"
207.46.13.60 - - [03/Jul/2021:16:08:26 -0400] "GET /2102002847-heavinesseec0dbg/zoogeographic-zoogeographic/ HTTP/2" 404 6951 "-" "Mozilla/5.0 (compatible; bingbot/2.0; +http://www.bing.com/bingbot.htm)"
58.242.194.173 - - [03/Jul/2021:16:15:40 -0400] "GET / HTTP/1.1" 301 0 "-" "Mozilla/5.0 (Linux; Android 9; Nexus 10 Build/LMY48M) AppleWebKit/537.36 (KHTML, like Gecko) Chrome/65.0.3325.146 Safari/537.31"
58.242.194.173 - - [03/Jul/2021:16:15:53 -0400] "GET / HTTP/1.1" 200 16805 "http://www.markeva.com.mx" "UCWEB/2.0 (Java; U; MIDP-2.0; Nokia203/20.37) U2/1.0.0 UCMini/11.5.2.1188 (SpeedMode; Proxy; Android 5.0; SM-G600FY ) U2/1.0.0 Mobile"
184.171.242.15 - - [03/Jul/2021:16:45:42 -0400] "POST /wp-cron.php?doing_wp_cron=1625345142.4520580768585205078125 HTTP/1.1" 200 0 "https://markeva.com.mx/wp-cron.php?doing_wp_cron=1625345142.4520580768585205078125" "WordPress/5.7.2; https://markeva.com.mx"
207.46.13.170 - - [03/Jul/2021:16:45:41 -0400] "GET /marezzocuret-d16dc0g-2148232151/curet/ HTTP/2" 404 6951 "-" "Mozilla/5.0 (compatible; bingbot/2.0; +http://www.bing.com/bingbot.htm)"
207.46.13.117 - - [03/Jul/2021:16:52:59 -0400] "GET /?acceptaccept/phoneticise-2106125112/ HTTP/2" 301 0 "-" "Mozilla/5.0 (compatible; bingbot/2.0; +http://www.bing.com/bingbot.htm)"
184.171.242.15 - - [03/Jul/2021:17:46:15 -0400] "POST /wp-cron.php?doing_wp_cron=1625348775.8001708984375000000000 HTTP/1.1" 200 0 "https://markeva.com.mx/wp-cron.php?doing_wp_cron=1625348775.8001708984375000000000" "WordPress/5.7.2; https://markeva.com.mx"
40.77.167.61 - - [03/Jul/2021:17:46:08 -0400] "GET /pentachlorophenol3aef06gpentachlorophenol_2124799844-railroader/ HTTP/2" 404 6950 "-" "Mozilla/5.0 (compatible; bingbot/2.0; +http://www.bing.com/bingbot.htm)"
104.155.85.43 - - [03/Jul/2021:18:09:55 -0400] "GET /wp-content/plugins/slider-images/Scripts/Rich-Web-Slider-Widget.js?ver=5.7.2 HTTP/1.1" 200 0 "-" "Mozilla/5.0 (Macintosh; Intel Mac OS X 10.11; rv:52.0) Gecko/20100101 Firefox/52.0"
104.155.85.43 - - [03/Jul/2021:18:10:22 -0400] "GET /wp-content/plugins/logo-carousel-free/public/assets/js/splc-script.min.js?ver=3.3.3 HTTP/1.1" 200 763 "-" "Mozilla/5.0 (Macintosh; Intel Mac OS X 10.11; rv:52.0) Gecko/20100101 Firefox/52.0"
104.155.85.43 - - [03/Jul/2021:18:10:22 -0400] "GET /wp-content/plugins/logo-carousel-free/public/assets/js/swiper-bundle.min.js?ver=3.3.3 HTTP/1.1" 200 54294 "-" "Mozilla/5.0 (Macintosh; Intel Mac OS X 10.11; rv:52.0) Gecko/20100101 Firefox/52.0"
104.155.85.43 - - [03/Jul/2021:18:10:37 -0400] "GET /wp-content/plugins/slider-images/Scripts/jquery.colorbox-min.js?ver=5.7.2 HTTP/1.1" 200 4507 "-" "Mozilla/5.0 (Macintosh; Intel Mac OS X 10.11; rv:52.0) Gecko/20100101 Firefox/52.0"
104.155.85.43 - - [03/Jul/2021:18:10:37 -0400] "GET /wp-content/themes/Divi/core/admin/js/common.js?ver=4.9.7 HTTP/1.1" 200 603 "-" "Mozilla/5.0 (Macintosh; Intel Mac OS X 10.11; rv:52.0) Gecko/20100101 Firefox/52.0"
104.155.85.43 - - [03/Jul/2021:18:10:38 -0400] "GET /wp-includes/js/jquery/jquery-migrate.min.js?ver=3.3.2 HTTP/1.1" 200 4461 "-" "Mozilla/5.0 (Macintosh; Intel Mac OS X 10.11; rv:52.0) Gecko/20100101 Firefox/52.0"
104.155.85.43 - - [03/Jul/2021:18:11:00 -0400] "GET /wp-includes/js/jquery/ui/core.min.js?ver=1.12.1 HTTP/1.1" 200 7477 "-" "Mozilla/5.0 (Macintosh; Intel Mac OS X 10.11; rv:52.0) Gecko/20100101 Firefox/52.0"
104.155.85.43 - - [03/Jul/2021:18:11:03 -0400] "GET / HTTP/1.1" 200 16805 "-" "Python/3.8 aiohttp/3.7.4.post0"
173.252.111.18 - - [03/Jul/2021:18:16:37 -0400] "GET / HTTP/1.1" 200 16805 "-" "facebookexternalhit/1.1 (+http://www.facebook.com/externalhit_uatext.php)"
207.46.13.167 - - [03/Jul/2021:18:19:58 -0400] "GET /abbe-2102043537_wickerwork.fyi HTTP/2" 404 5668 "-" "Mozilla/5.0 (compatible; bingbot/2.0; +http://www.bing.com/bingbot.htm)"
54.189.12.115 - - [03/Jul/2021:18:21:20 -0400] "GET /favicon.ico HTTP/1.1" 404 708 "-" "Mozilla/5.0 (X11; Linux x86_64) AppleWebKit/537.36 (KHTML, like Gecko) Chrome/83.0.4103.97 Safari/537.36"
54.189.12.115 - - [03/Jul/2021:18:21:24 -0400] "GET / HTTP/1.1" 200 16723 "-" "Mozilla/5.0 (X11; Linux x86_64) AppleWebKit/537.36 (KHTML, like Gecko) Chrome/83.0.4103.97 Safari/537.36"
104.155.85.43 - - [03/Jul/2021:18:09:47 -0400] "GET /contacto/ HTTP/1.1" 404 6949 "-" "Mozilla/5.0 (Macintosh; Intel Mac OS X 10.11; rv:52.0) Gecko/20100101 Firefox/52.0"
104.155.85.43 - - [03/Jul/2021:18:09:51 -0400] "GET /wp-content/plugins/popups-for-divi/scripts/front.min.js?ver=2.3.6 HTTP/1.1" 200 22380 "-" "Mozilla/5.0 (Macintosh; Intel Mac OS X 10.11; rv:52.0) Gecko/20100101 Firefox/52.0"
104.155.85.43 - - [03/Jul/2021:18:09:50 -0400] "GET / HTTP/1.1" 301 0 "-" "Mozilla/5.0 (Macintosh; Intel Mac OS X 10.11; rv:52.0) Gecko/20100101 Firefox/52.0"
104.155.85.43 - - [03/Jul/2021:18:09:52 -0400] "GET /wp-content/plugins/popups-for-divi/scripts/ie-compat.min.js?ver=2.3.6 HTTP/1.1" 200 3799 "-" "Mozilla/5.0 (Macintosh; Intel Mac OS X 10.11; rv:52.0) Gecko/20100101 Firefox/52.0"
104.155.85.43 - - [03/Jul/2021:18:09:50 -0400] "GET / HTTP/1.1" 200 16722 "-" "Mozilla/5.0 (Macintosh; Intel Mac OS X 10.11; rv:52.0) Gecko/20100101 Firefox/52.0"
104.155.85.43 - - [03/Jul/2021:18:10:22 -0400] "GET /wp-content/plugins/master-slider/public/assets/js/jquery.easing.min.js?ver=3.7.8 HTTP/1.1" 200 2005 "-" "Mozilla/5.0 (Macintosh; Intel Mac OS X 10.11; rv:52.0) Gecko/20100101 Firefox/52.0"
104.155.85.43 - - [03/Jul/2021:18:10:37 -0400] "GET /wp-content/plugins/master-slider/public/assets/js/masterslider.min.js?ver=3.7.8 HTTP/1.1" 200 25939 "-" "Mozilla/5.0 (Macintosh; Intel Mac OS X 10.11; rv:52.0) Gecko/20100101 Firefox/52.0"
104.155.85.43 - - [03/Jul/2021:18:10:37 -0400] "GET /wp-content/plugins/slider-images/Scripts/jquery.anythingslider.min.js?ver=5.7.2 HTTP/1.1" 200 188 "-" "Mozilla/5.0 (Macintosh; Intel Mac OS X 10.11; rv:52.0) Gecko/20100101 Firefox/52.0"
104.155.85.43 - - [03/Jul/2021:18:10:37 -0400] "GET /wp-content/plugins/slider-images/Scripts/jquery.easing.1.2.js?ver=5.7.2 HTTP/1.1" 200 1005 "-" "Mozilla/5.0 (Macintosh; Intel Mac OS X 10.11; rv:52.0) Gecko/20100101 Firefox/52.0"
104.155.85.43 - - [03/Jul/2021:18:10:38 -0400] "GET /wp-content/themes/Divi/js/custom.unified.js?ver=4.9.7 HTTP/1.1" 200 161058 "-" "Mozilla/5.0 (Macintosh; Intel Mac OS X 10.11; rv:52.0) Gecko/20100101 Firefox/52.0"
104.155.85.43 - - [03/Jul/2021:18:10:38 -0400] "GET /wp-includes/js/jquery/jquery.min.js?ver=3.5.1 HTTP/1.1" 200 34817 "-" "Mozilla/5.0 (Macintosh; Intel Mac OS X 10.11; rv:52.0) Gecko/20100101 Firefox/52.0"
104.155.85.43 - - [03/Jul/2021:18:11:00 -0400] "GET /wp-includes/js/wp-embed.min.js?ver=5.7.2 HTTP/1.1" 200 778 "-" "Mozilla/5.0 (Macintosh; Intel Mac OS X 10.11; rv:52.0) Gecko/20100101 Firefox/52.0"
104.155.85.43 - - [03/Jul/2021:18:11:00 -0400] "GET /wp-content/themes/Divi/js/%25url%25 HTTP/1.1" 404 5667 "-" "Mozilla/5.0 (Macintosh; Intel Mac OS X 10.11; rv:52.0) Gecko/20100101 Firefox/52.0"
104.155.85.43 - - [03/Jul/2021:18:11:01 -0400] "GET / HTTP/1.1" 200 16806 "-" "Python/3.8 aiohttp/3.7.4.post0"
104.155.85.43 - - [03/Jul/2021:18:11:02 -0400] "GET / HTTP/1.1" 200 16805 "-" "Python/3.8 aiohttp/3.7.4.post0"
52.26.179.168 - - [03/Jul/2021:18:20:47 -0400] "GET / HTTP/1.1" 200 16725 "-" "Mozilla/5.0 (X11; Linux x86_64) AppleWebKit/537.36 (KHTML, like Gecko) Chrome/83.0.4103.97 Safari/537.36"
207.46.13.60 - - [03/Jul/2021:18:50:22 -0400] "GET /2106920900-pecuniosity_51c216gfacto/ HTTP/2" 404 6951 "-" "Mozilla/5.0 (compatible; bingbot/2.0; +http://www.bing.com/bingbot.htm)"
184.171.242.15 - - [03/Jul/2021:18:50:23 -0400] "GET / HTTP/1.1" 200 20256 "https://markeva.com.mx/" "WordPress/5.7.2; https://markeva.com.mx"
184.171.242.15 - - [03/Jul/2021:18:50:22 -0400] "POST /wp-cron.php?doing_wp_cron=1625352622.8680429458618164062500 HTTP/1.1" 200 0 "https://markeva.com.mx/wp-cron.php?doing_wp_cron=1625352622.8680429458618164062500" "WordPress/5.7.2; https://markeva.com.mx"
157.55.39.84 - - [03/Jul/2021:19:00:46 -0400] "GET /predynastic/2132250520/act/ HTTP/2" 404 6951 "-" "Mozilla/5.0 (compatible; bingbot/2.0; +http://www.bing.com/bingbot.htm)"
51.81.42.96 - - [03/Jul/2021:19:06:31 -0400] "GET / HTTP/1.0" 200 17040 "-" "-"
51.81.42.96 - - [03/Jul/2021:19:06:26 -0400] "GET / HTTP/1.0" 301 0 "-" "-"
51.81.42.96 - - [03/Jul/2021:19:07:17 -0400] "GET / HTTP/1.0" 301 0 "-" "-"
51.81.42.96 - - [03/Jul/2021:19:07:17 -0400] "GET / HTTP/1.0" 200 17040 "-" "-"
66.249.70.113 - - [03/Jul/2021:19:32:28 -0400] "GET /productos/soluciones-bombeo/ HTTP/1.1" 404 7909 "-" "Mozilla/5.0 (compatible; Googlebot/2.1; +http://www.google.com/bot.html)"
184.171.242.15 - - [03/Jul/2021:19:32:33 -0400] "POST /wp-cron.php?doing_wp_cron=1625355153.8475809097290039062500 HTTP/1.1" 200 0 "https://markeva.com.mx/wp-cron.php?doing_wp_cron=1625355153.8475809097290039062500" "WordPress/5.7.2; https://markeva.com.mx"
157.55.39.156 - - [03/Jul/2021:19:35:08 -0400] "GET /remembrance/2217158241/maladministration_remembrance/ HTTP/2" 404 6951 "-" "Mozilla/5.0 (compatible; bingbot/2.0; +http://www.bing.com/bingbot.htm)"
184.171.242.15 - - [03/Jul/2021:19:54:00 -0400] "POST /wp-cron.php?doing_wp_cron=1625356440.6559729576110839843750 HTTP/1.1" 200 0 "https://markeva.com.mx/wp-cron.php?doing_wp_cron=1625356440.6559729576110839843750" "WordPress/5.7.2; https://markeva.com.mx"
40.77.167.45 - - [03/Jul/2021:19:54:00 -0400] "GET /gi-2102002844-unshirtedunshirted.audio HTTP/2" 404 6951 "-" "Mozilla/5.0 (compatible; bingbot/2.0; +http://www.bing.com/bingbot.htm)"
66.249.70.113 - - [03/Jul/2021:20:08:38 -0400] "GET /?%2F HTTP/1.1" 200 20261 "-" "Mozilla/5.0 (Linux; Android 6.0.1; Nexus 5X Build/MMB29P) AppleWebKit/537.36 (KHTML, like Gecko) Chrome/91.0.4472.90 Mobile Safari/537.36 (compatible; Googlebot/2.1; +http://www.google.com/bot.html)"
66.249.70.111 - - [03/Jul/2021:20:08:28 -0400] "GET /?/ HTTP/1.1" 301 0 "-" "Mozilla/5.0 (Linux; Android 6.0.1; Nexus 5X Build/MMB29P) AppleWebKit/537.36 (KHTML, like Gecko) Chrome/91.0.4472.90 Mobile Safari/537.36 (compatible; Googlebot/2.1; +http://www.google.com/bot.html)"
66.249.70.111 - - [03/Jul/2021:20:08:42 -0400] "GET /wp-content/plugins/slider-images/Scripts/Rich-Web-Slider-Widget.js?ver=5.7.2 HTTP/1.1" 200 0 "https://markeva.com.mx/?%2F" "Mozilla/5.0 (Linux; Android 6.0.1; Nexus 5X Build/MMB29P) AppleWebKit/537.36 (KHTML, like Gecko) Chrome/91.0.4472.90 Mobile Safari/537.36 (compatible; Googlebot/2.1; +http://www.google.com/bot.html)"
66.249.70.111 - - [03/Jul/2021:20:08:42 -0400] "GET /wp-content/plugins/logo-carousel-free/public/assets/css/font-awesome.min.css?ver=3.3.3 HTTP/1.1" 200 6192 "https://markeva.com.mx/?%2F" "Mozilla/5.0 (Linux; Android 6.0.1; Nexus 5X Build/MMB29P) AppleWebKit/537.36 (KHTML, like Gecko) Chrome/91.0.4472.90 Mobile Safari/537.36 (compatible; Googlebot/2.1; +http://www.google.com/bot.html)"
66.249.70.111 - - [03/Jul/2021:20:08:43 -0400] "GET /wp-includes/js/wp-embed.min.js?ver=5.7.2 HTTP/1.1" 200 664 "https://markeva.com.mx/?%2F" "Mozilla/5.0 (Linux; Android 6.0.1; Nexus 5X Build/MMB29P) AppleWebKit/537.36 (KHTML, like Gecko) Chrome/91.0.4472.90 Mobile Safari/537.36 (compatible; Googlebot/2.1; +http://www.google.com/bot.html)"
66.249.70.111 - - [03/Jul/2021:20:08:43 -0400] "GET /wp-content/plugins/master-slider/public/assets/js/jquery.easing.min.js?ver=3.7.8 HTTP/1.1" 200 1781 "https://markeva.com.mx/?%2F" "Mozilla/5.0 (Linux; Android 6.0.1; Nexus 5X Build/MMB29P) AppleWebKit/537.36 (KHTML, like Gecko) Chrome/91.0.4472.90 Mobile Safari/537.36 (compatible; Googlebot/2.1; +http://www.google.com/bot.html)"
207.46.13.117 - - [03/Jul/2021:20:16:38 -0400] "GET /earwax_thiophosphate_acdeccg_2203049691/ HTTP/2" 301 0 "-" "Mozilla/5.0 (compatible; bingbot/2.0; +http://www.bing.com/bingbot.htm)"
184.171.242.15 - - [03/Jul/2021:20:36:46 -0400] "POST /wp-cron.php?doing_wp_cron=1625359005.9306919574737548828125 HTTP/1.1" 200 0 "https://markeva.com.mx/wp-cron.php?doing_wp_cron=1625359005.9306919574737548828125" "WordPress/5.7.2; https://markeva.com.mx"
207.46.13.117 - - [03/Jul/2021:20:36:41 -0400] "GET /productos/ HTTP/2" 404 6951 "-" "Mozilla/5.0 (compatible; bingbot/2.0; +http://www.bing.com/bingbot.htm)"
157.55.39.156 - - [03/Jul/2021:20:40:02 -0400] "GET /dattodialysable_2232525720_2ebac3gdialysable/ HTTP/2" 404 6951 "-" "Mozilla/5.0 (compatible; bingbot/2.0; +http://www.bing.com/bingbot.htm)"
114.119.156.132 - - [03/Jul/2021:20:47:58 -0400] "GET /2020/07/ HTTP/1.1" 404 6951 "-" "Mozilla/5.0 (Linux; Android 7.0;) AppleWebKit/537.36 (KHTML, like Gecko) Mobile Safari/537.36 (compatible; PetalBot;+https://webmaster.petalsearch.com/site/petalbot)"
207.46.13.6 - - [03/Jul/2021:21:00:22 -0400] "GET /robots.txt HTTP/2" 301 0 "-" "Mozilla/5.0 (compatible; bingbot/2.0; +http://www.bing.com/bingbot.htm)"
207.46.13.6 - - [03/Jul/2021:21:00:24 -0400] "GET /robots.txt HTTP/2" 200 70 "-" "Mozilla/5.0 (compatible; bingbot/2.0; +http://www.bing.com/bingbot.htm)"
40.77.167.45 - - [03/Jul/2021:21:00:37 -0400] "GET /contactenos/12-ventas/5-ernesto-castro-mendez.html HTTP/2" 301 0 "-" "Mozilla/5.0 (compatible; bingbot/2.0; +http://www.bing.com/bingbot.htm)"
207.46.13.187 - - [03/Jul/2021:21:10:52 -0400] "GET /trifling/2122016093-eugenicist.beer HTTP/2" 404 5667 "-" "Mozilla/5.0 (compatible; bingbot/2.0; +http://www.bing.com/bingbot.htm)"
157.55.39.84 - - [03/Jul/2021:21:22:40 -0400] "GET /iconicityiconicity1a866dg-zanthoxylum-2187844505/ HTTP/2" 404 6951 "-" "Mozilla/5.0 (compatible; bingbot/2.0; +http://www.bing.com/bingbot.htm)"
184.171.242.15 - - [03/Jul/2021:21:29:04 -0400] "POST /wp-cron.php?doing_wp_cron=1625362144.6140720844268798828125 HTTP/1.1" 200 0 "https://markeva.com.mx/wp-cron.php?doing_wp_cron=1625362144.6140720844268798828125" "WordPress/5.7.2; https://markeva.com.mx"
40.77.167.61 - - [03/Jul/2021:21:29:03 -0400] "GET /exquisitely_vivaciously_2173352827.fyi HTTP/2" 404 5667 "-" "Mozilla/5.0 (compatible; bingbot/2.0; +http://www.bing.com/bingbot.htm)"
207.46.13.187 - - [03/Jul/2021:21:33:13 -0400] "GET /sermonic/2229696360-incoagulable/ HTTP/2" 404 6951 "-" "Mozilla/5.0 (compatible; bingbot/2.0; +http://www.bing.com/bingbot.htm)"
207.46.13.187 - - [03/Jul/2021:21:38:34 -0400] "GET /pleomorphouspleomorphous-2224348308/unrelenting.jp HTTP/2" 404 5667 "-" "Mozilla/5.0 (compatible; bingbot/2.0; +http://www.bing.com/bingbot.htm)"
207.46.13.187 - - [03/Jul/2021:22:01:36 -0400] "GET /predynastice11be5gdissociative_2131956112/ HTTP/2" 404 6951 "-" "Mozilla/5.0 (compatible; bingbot/2.0; +http://www.bing.com/bingbot.htm)"
40.77.167.61 - - [03/Jul/2021:21:54:02 -0400] "GET /hypobarism_2152883063_maquisard/ HTTP/2" 404 6951 "-" "Mozilla/5.0 (compatible; bingbot/2.0; +http://www.bing.com/bingbot.htm)"
207.46.13.167 - - [03/Jul/2021:21:48:17 -0400] "GET /Tag-recombine-2235634452_convulsionarye2cd0eg.fyi HTTP/2" 404 5667 "-" "Mozilla/5.0 (compatible; bingbot/2.0; +http://www.bing.com/bingbot.htm)"
40.77.167.45 - - [03/Jul/2021:22:05:17 -0400] "GET /2250892273-lamingtonprophetess.tips HTTP/2" 404 5667 "-" "Mozilla/5.0 (compatible; bingbot/2.0; +http://www.bing.com/bingbot.htm)"
207.46.13.167 - - [03/Jul/2021:22:22:30 -0400] "GET /2102043511_predynasticprotopodite/ HTTP/2" 404 6951 "-" "Mozilla/5.0 (compatible; bingbot/2.0; +http://www.bing.com/bingbot.htm)"
184.171.242.15 - - [03/Jul/2021:22:57:12 -0400] "POST /wp-cron.php?doing_wp_cron=1625367432.7965369224548339843750 HTTP/1.1" 200 0 "https://markeva.com.mx/wp-cron.php?doing_wp_cron=1625367432.7965369224548339843750" "WordPress/5.7.2; https://markeva.com.mx"
207.46.13.60 - - [03/Jul/2021:22:57:05 -0400] "GET /butylene-2102043511_mezzorelievo/ HTTP/2" 404 6951 "-" "Mozilla/5.0 (compatible; bingbot/2.0; +http://www.bing.com/bingbot.htm)"
184.171.242.15 - - [03/Jul/2021:23:36:10 -0400] "POST /wp-cron.php?doing_wp_cron=1625369770.5662040710449218750000 HTTP/1.1" 200 0 "https://markeva.com.mx/wp-cron.php?doing_wp_cron=1625369770.5662040710449218750000" "WordPress/5.7.2; https://markeva.com.mx"
207.46.13.170 - - [03/Jul/2021:23:36:02 -0400] "GET /iconicityattic_2121075836-iconicity/ HTTP/2" 404 6951 "-" "Mozilla/5.0 (compatible; bingbot/2.0; +http://www.bing.com/bingbot.htm)"
207.46.13.114 - - [04/Jul/2021:00:08:32 -0400] "GET /productos/especialidades/ HTTP/2" 404 6951 "-" "Mozilla/5.0 (compatible; bingbot/2.0; +http://www.bing.com/bingbot.htm)"
157.55.39.84 - - [04/Jul/2021:00:06:55 -0400] "GET /rainmaker/2128081504_rainmaker-0df0e9gwayang/ HTTP/2" 404 6951 "-" "Mozilla/5.0 (compatible; bingbot/2.0; +http://www.bing.com/bingbot.htm)"
27.71.121.32 - - [04/Jul/2021:00:21:10 -0400] "GET /wp-login.php HTTP/1.1" 200 2872 "https://markeva.com.mx/wp-login.php" "Mozilla/5.0 (X11; Ubuntu; Linux x86_64; rv:63.0) Gecko/20100101 Firefox/63.0"
27.71.121.32 - - [04/Jul/2021:00:21:11 -0400] "POST /wp-login.php HTTP/1.1" 302 683 "http://www.progebat.be/wp-login.php" "Mozilla/5.0 (X11; Ubuntu; Linux x86_64; rv:63.0) Gecko/20100101 Firefox/63.0"
184.171.242.15 - - [04/Jul/2021:00:35:42 -0400] "POST /wp-cron.php?doing_wp_cron=1625373342.8805620670318603515625 HTTP/1.1" 200 0 "https://markeva.com.mx/wp-cron.php?doing_wp_cron=1625373342.8805620670318603515625" "WordPress/5.7.2; https://markeva.com.mx"
185.191.171.19 - - [04/Jul/2021:00:35:40 -0400] "GET /robots.txt HTTP/1.1" 200 70 "-" "Mozilla/5.0 (compatible; SemrushBot/7~bl; +http://www.semrush.com/bot.html)"
185.191.171.45 - - [04/Jul/2021:00:35:45 -0400] "GET /project/ HTTP/1.1" 200 7169 "-" "Mozilla/5.0 (compatible; SemrushBot/7~bl; +http://www.semrush.com/bot.html)"
207.46.13.170 - - [04/Jul/2021:00:54:19 -0400] "GET /2162873374_malcontent-resolvable736f4ag-resolvable/ HTTP/2" 404 6951 "-" "Mozilla/5.0 (compatible; bingbot/2.0; +http://www.bing.com/bingbot.htm)"
185.191.171.8 - - [04/Jul/2021:01:15:44 -0400] "GET /productos/ HTTP/1.1" 404 6951 "-" "Mozilla/5.0 (compatible; SemrushBot/7~bl; +http://www.semrush.com/bot.html)"
207.46.13.170 - - [04/Jul/2021:01:13:08 -0400] "GET /crimpedkinemometer_2147074924.construction HTTP/2" 404 6951 "-" "Mozilla/5.0 (compatible; bingbot/2.0; +http://www.bing.com/bingbot.htm)"
157.55.39.84 - - [04/Jul/2021:01:18:12 -0400] "GET /disdainful_2108912421_pregame/ HTTP/2" 404 6951 "-" "Mozilla/5.0 (compatible; bingbot/2.0; +http://www.bing.com/bingbot.htm)"
