204.44.10.4 - - [30/Jun/2021:08:16:13 -0400] "GET /wp-content/plugins/slider-images/Style/richwebicons.css?ver=5.7.2 HTTP/1.1" 200 6488 "https://markeva.com.mx/" "Mozilla/5.0 (Windows NT 6.1; Win64; x64) AppleWebKit/537.36 (KHTML, like Gecko) Chrome/91.0.4472.77 Safari/537.36"
204.44.10.4 - - [30/Jun/2021:08:16:16 -0400] "GET /wp-content/uploads/useanyfont/uaf.css?ver=1625055369 HTTP/1.1" 200 210 "https://markeva.com.mx/" "Mozilla/5.0 (Windows NT 6.1; Win64; x64) AppleWebKit/537.36 (KHTML, like Gecko) Chrome/91.0.4472.77 Safari/537.36"
204.44.10.4 - - [30/Jun/2021:08:16:16 -0400] "GET /wp-includes/js/jquery/ui/core.min.js?ver=1.12.1 HTTP/1.1" 200 6548 "https://markeva.com.mx/" "Mozilla/5.0 (Windows NT 6.1; Win64; x64) AppleWebKit/537.36 (KHTML, like Gecko) Chrome/91.0.4472.77 Safari/537.36"
35.225.82.182 - - [30/Jun/2021:08:16:15 -0400] "GET / HTTP/1.1" 200 8338 "-" "Mozilla/5.0 (Windows NT 6.1; Win64; x64) AppleWebKit/537.36 (KHTML, like Gecko) Chrome/91.0.4472.77 Safari/537.36"
35.225.82.182 - - [30/Jun/2021:08:16:15 -0400] "GET / HTTP/1.1" 200 8338 "-" "Mozilla/5.0 (Windows NT 6.1; Win64; x64) AppleWebKit/537.36 (KHTML, like Gecko) Chrome/91.0.4472.77 Safari/537.36"
35.225.82.182 - - [30/Jun/2021:08:16:15 -0400] "GET / HTTP/1.1" 200 89816 "-" "Mozilla/5.0 (Windows NT 6.1; Win64; x64) AppleWebKit/537.36 (KHTML, like Gecko) Chrome/91.0.4472.77 Safari/537.36"
35.225.82.182 - - [30/Jun/2021:08:16:14 -0400] "GET / HTTP/1.1" 200 17048 "-" "Mozilla/5.0 (Windows NT 6.1; Win64; x64) AppleWebKit/537.36 (KHTML, like Gecko) Chrome/91.0.4472.77 Safari/537.36"
207.46.13.114 - - [30/Jun/2021:08:26:09 -0400] "GET /hydrocracker_996358g_disorganizedisorganize-2041/ HTTP/2" 404 6944 "-" "Mozilla/5.0 (compatible; bingbot/2.0; +http://www.bing.com/bingbot.htm)"
207.46.13.187 - - [30/Jun/2021:08:02:13 -0400] "GET /sitemap_index.xml HTTP/2" 200 327 "-" "Mozilla/5.0 (compatible; bingbot/2.0; +http://www.bing.com/bingbot.htm)"
204.44.10.4 - - [30/Jun/2021:08:16:07 -0400] "GET / HTTP/1.1" 200 20262 "https://www.google.com/" "Mozilla/5.0 (Windows NT 6.1; Win64; x64) AppleWebKit/537.36 (KHTML, like Gecko) Chrome/91.0.4472.77 Safari/537.36"
204.44.10.4 - - [30/Jun/2021:08:16:12 -0400] "GET /wp-content/plugins/popups-for-divi/styles/front.min.css?ver=2.3.6 HTTP/1.1" 200 1533 "https://markeva.com.mx/" "Mozilla/5.0 (Windows NT 6.1; Win64; x64) AppleWebKit/537.36 (KHTML, like Gecko) Chrome/91.0.4472.77 Safari/537.36"
204.44.10.4 - - [30/Jun/2021:08:16:12 -0400] "GET /wp-content/plugins/slider-images/Style/Rich-Web-Slider-Widget.css?ver=5.7.2 HTTP/1.1" 200 2051 "https://markeva.com.mx/" "Mozilla/5.0 (Windows NT 6.1; Win64; x64) AppleWebKit/537.36 (KHTML, like Gecko) Chrome/91.0.4472.77 Safari/537.36"
204.44.10.4 - - [30/Jun/2021:08:16:12 -0400] "GET /wp-content/themes/Divi/style.css?ver=4.9.7 HTTP/1.1" 200 70623 "https://markeva.com.mx/" "Mozilla/5.0 (Windows NT 6.1; Win64; x64) AppleWebKit/537.36 (KHTML, like Gecko) Chrome/91.0.4472.77 Safari/537.36"
204.44.10.4 - - [30/Jun/2021:08:16:12 -0400] "GET /wp-content/plugins/master-slider/public/assets/css/masterslider.main.css?ver=3.7.8 HTTP/1.1" 200 6861 "https://markeva.com.mx/" "Mozilla/5.0 (Windows NT 6.1; Win64; x64) AppleWebKit/537.36 (KHTML, like Gecko) Chrome/91.0.4472.77 Safari/537.36"
204.44.10.4 - - [30/Jun/2021:08:16:13 -0400] "GET /wp-content/plugins/popups-for-divi/scripts/ie-compat.min.js?ver=2.3.6 HTTP/1.1" 200 3366 "https://markeva.com.mx/" "Mozilla/5.0 (Windows NT 6.1; Win64; x64) AppleWebKit/537.36 (KHTML, like Gecko) Chrome/91.0.4472.77 Safari/537.36"
204.44.10.4 - - [30/Jun/2021:08:16:16 -0400] "GET /wp-includes/css/dist/block-library/style.min.css?ver=5.7.2 HTTP/1.1" 200 7922 "https://markeva.com.mx/" "Mozilla/5.0 (Windows NT 6.1; Win64; x64) AppleWebKit/537.36 (KHTML, like Gecko) Chrome/91.0.4472.77 Safari/537.36"
204.44.10.4 - - [30/Jun/2021:08:16:16 -0400] "GET /wp-includes/js/jquery/jquery.min.js?ver=3.5.1 HTTP/1.1" 200 29967 "https://markeva.com.mx/" "Mozilla/5.0 (Windows NT 6.1; Win64; x64) AppleWebKit/537.36 (KHTML, like Gecko) Chrome/91.0.4472.77 Safari/537.36"
204.44.10.4 - - [30/Jun/2021:08:16:16 -0400] "GET /wp-includes/js/jquery/jquery-migrate.min.js?ver=3.3.2 HTTP/1.1" 200 3984 "https://markeva.com.mx/" "Mozilla/5.0 (Windows NT 6.1; Win64; x64) AppleWebKit/537.36 (KHTML, like Gecko) Chrome/91.0.4472.77 Safari/537.36"
204.44.10.4 - - [30/Jun/2021:08:16:17 -0400] "GET /wp-content/uploads/master-slider/custom.css?ver=5 HTTP/1.1" 200 147 "https://markeva.com.mx/" "Mozilla/5.0 (Windows NT 6.1; Win64; x64) AppleWebKit/537.36 (KHTML, like Gecko) Chrome/91.0.4472.77 Safari/537.36"
35.225.82.182 - - [30/Jun/2021:08:16:13 -0400] "GET / HTTP/1.1" 200 89816 "-" "Mozilla/5.0 (Windows NT 6.1; Win64; x64) AppleWebKit/537.36 (KHTML, like Gecko) Chrome/91.0.4472.77 Safari/537.36"
35.225.82.182 - - [30/Jun/2021:08:16:15 -0400] "GET / HTTP/1.1" 200 17048 "-" "Mozilla/5.0 (Windows NT 6.1; Win64; x64) AppleWebKit/537.36 (KHTML, like Gecko) Chrome/91.0.4472.77 Safari/537.36"
184.171.242.15 - - [30/Jun/2021:08:35:04 -0400] "POST /wp-cron.php?doing_wp_cron=1625056503.9164888858795166015625 HTTP/1.1" 200 0 "https://markeva.com.mx/wp-cron.php?doing_wp_cron=1625056503.9164888858795166015625" "WordPress/5.7.2; https://markeva.com.mx"
163.172.29.30 - - [30/Jun/2021:08:35:01 -0400] "GET /contacto/ HTTP/1.0" 404 19142 "https://markeva.com.mx/contacto/" "Mozilla/5.0 (Windows NT 10.0; Win64; x64) AppleWebKit/537.36 (KHTML, like Gecko) Chrome/83.0.4103.14 Safari/537.36"
157.55.39.84 - - [30/Jun/2021:09:06:53 -0400] "GET /2102000376-rapt_ac364bg/dialysable.media HTTP/2" 404 6944 "-" "Mozilla/5.0 (compatible; bingbot/2.0; +http://www.bing.com/bingbot.htm)"
207.46.13.170 - - [30/Jun/2021:09:08:31 -0400] "GET /2102043517_recurvedresolvable.media HTTP/2" 404 6944 "-" "Mozilla/5.0 (compatible; bingbot/2.0; +http://www.bing.com/bingbot.htm)"
184.171.242.15 - - [30/Jun/2021:09:30:23 -0400] "POST /wp-cron.php?doing_wp_cron=1625059823.2209000587463378906250 HTTP/1.1" 200 0 "https://markeva.com.mx/wp-cron.php?doing_wp_cron=1625059823.2209000587463378906250" "WordPress/5.7.2; https://markeva.com.mx"
40.77.167.73 - - [30/Jun/2021:09:30:20 -0400] "GET /hottestbilabiatehottest_2224047306/ HTTP/2" 301 0 "-" "Mozilla/5.0 (compatible; bingbot/2.0; +http://www.bing.com/bingbot.htm)"
157.55.39.30 - - [30/Jun/2021:09:47:01 -0400] "GET /melolonthid_2102043497-mamillated/ HTTP/2" 404 6944 "-" "Mozilla/5.0 (compatible; bingbot/2.0; +http://www.bing.com/bingbot.htm)"
40.77.167.73 - - [30/Jun/2021:10:20:36 -0400] "GET /2190592922/dismembermentduchenne/duchenneca0e90g/ HTTP/2" 404 6952 "-" "Mozilla/5.0 (compatible; bingbot/2.0; +http://www.bing.com/bingbot.htm)"
40.77.167.61 - - [30/Jun/2021:10:06:54 -0400] "GET /niocaliteniocalite-chilkat_2102043515/ HTTP/2" 404 6952 "-" "Mozilla/5.0 (compatible; bingbot/2.0; +http://www.bing.com/bingbot.htm)"
184.171.242.15 - - [30/Jun/2021:10:27:23 -0400] "POST /wp-cron.php?doing_wp_cron=1625063242.9659969806671142578125 HTTP/1.1" 200 0 "https://markeva.com.mx/wp-cron.php?doing_wp_cron=1625063242.9659969806671142578125" "WordPress/5.7.2; https://markeva.com.mx"
40.77.167.0 - - [30/Jun/2021:10:27:20 -0400] "GET /tennerphotogrammetry_2187712290_photogrammetry.media HTTP/2" 404 6952 "-" "Mozilla/5.0 (compatible; bingbot/2.0; +http://www.bing.com/bingbot.htm)"
34.96.130.11 - - [30/Jun/2021:10:38:24 -0400] "GET / HTTP/1.1" 301 0 "-" "Expanse, a Palo Alto Networks company, searches across the global IPv4 space multiple times per day to identify customers&#39; presences on the Internet. If you would like to be excluded from our scans, please send IP addresses/domains to: scaninfo@paloaltonetworks.com"
69.171.249.18 - - [30/Jun/2021:10:48:21 -0400] "GET / HTTP/1.1" 200 16810 "-" "facebookexternalhit/1.1 (+http://www.facebook.com/externalhit_uatext.php)"
157.55.39.30 - - [30/Jun/2021:11:04:35 -0400] "GET /considered_pentaprism_2102000368.webcam HTTP/2" 404 6952 "-" "Mozilla/5.0 (compatible; bingbot/2.0; +http://www.bing.com/bingbot.htm)"
207.46.13.114 - - [30/Jun/2021:11:23:54 -0400] "GET /2121664307/thermopilethermopilebirthrate.webcam HTTP/2" 404 6952 "-" "Mozilla/5.0 (compatible; bingbot/2.0; +http://www.bing.com/bingbot.htm)"
207.46.13.6 - - [30/Jun/2021:11:50:12 -0400] "GET /robots.txt HTTP/2" 200 70 "-" "Mozilla/5.0 (compatible; bingbot/2.0; +http://www.bing.com/bingbot.htm)"
184.171.242.15 - - [30/Jun/2021:11:50:09 -0400] "POST /wp-cron.php?doing_wp_cron=1625068209.4586360454559326171875 HTTP/1.1" 200 0 "https://markeva.com.mx/wp-cron.php?doing_wp_cron=1625068209.4586360454559326171875" "WordPress/5.7.2; https://markeva.com.mx"
207.46.13.6 - - [30/Jun/2021:11:50:06 -0400] "GET /robots.txt HTTP/2" 200 70 "-" "Mozilla/5.0 (compatible; bingbot/2.0; +http://www.bing.com/bingbot.htm)"
207.46.13.114 - - [30/Jun/2021:11:50:19 -0400] "GET /2102000378_duchenne_relaunch.construction HTTP/2" 404 6952 "-" "Mozilla/5.0 (compatible; bingbot/2.0; +http://www.bing.com/bingbot.htm)"
34.212.66.52 - - [30/Jun/2021:11:55:23 -0400] "GET / HTTP/1.1" 200 89816 "-" "Mozilla/5.0 (Windows NT 6.1; Win64; x64) AppleWebKit/537.36 (KHTML, like Gecko) Chrome/72.0.3626.109 Safari/537.36"
13.64.93.136 - - [30/Jun/2021:11:55:23 -0400] "GET / HTTP/1.1" 200 89816 "-" "Mozilla/5.0 (Windows NT 10.0; WOW64) AppleWebKit/537.36 (KHTML, like Gecko) Chrome/63.0.3239.84 Safari/537.36"
13.64.93.136 - - [30/Jun/2021:11:55:27 -0400] "GET /wp-content/uploads/2021/06/cropped-favicon-32x32.png HTTP/1.1" 200 2407 "-" "Mozilla/5.0 (Windows NT 10.0; WOW64) AppleWebKit/537.36 (KHTML, like Gecko) Chrome/63.0.3239.84 Safari/537.36"
34.222.79.47 - - [30/Jun/2021:12:07:54 -0400] "GET / HTTP/1.1" 200 89816 "-" "Mozilla/5.0 (Windows NT 6.1; Win64; x64) AppleWebKit/537.36 (KHTML, like Gecko) Chrome/72.0.3626.109 Safari/537.36"
184.171.242.15 - - [30/Jun/2021:12:33:30 -0400] "POST /wp-cron.php?doing_wp_cron=1625070810.7112030982971191406250 HTTP/1.1" 200 0 "https://markeva.com.mx/wp-cron.php?doing_wp_cron=1625070810.7112030982971191406250" "WordPress/5.7.2; https://markeva.com.mx"
207.46.13.6 - - [30/Jun/2021:12:33:31 -0400] "GET /robots.txt HTTP/2" 200 70 "-" "Mozilla/5.0 (compatible; bingbot/2.0; +http://www.bing.com/bingbot.htm)"
207.46.13.6 - - [30/Jun/2021:12:33:28 -0400] "GET /robots.txt HTTP/2" 200 70 "-" "Mozilla/5.0 (compatible; bingbot/2.0; +http://www.bing.com/bingbot.htm)"
40.77.167.0 - - [30/Jun/2021:12:33:44 -0400] "GET /2102000374-stovepipeablegateablegate/ HTTP/2" 404 6951 "-" "Mozilla/5.0 (compatible; bingbot/2.0; +http://www.bing.com/bingbot.htm)"
54.200.161.217 - - [30/Jun/2021:12:41:10 -0400] "GET / HTTP/1.1" 200 89816 "-" "Mozilla/5.0 (Windows NT 6.1; Win64; x64) AppleWebKit/537.36 (KHTML, like Gecko) Chrome/72.0.3626.109 Safari/537.36"
157.55.39.84 - - [30/Jun/2021:12:36:53 -0400] "GET /2158768567-c2245egmezzorelievopeacekeeping.audio HTTP/2" 404 6951 "-" "Mozilla/5.0 (compatible; bingbot/2.0; +http://www.bing.com/bingbot.htm)"
35.160.213.18 - - [30/Jun/2021:12:41:06 -0400] "GET / HTTP/1.1" 200 89816 "-" "Mozilla/5.0 (Windows NT 6.1; Win64; x64) AppleWebKit/537.36 (KHTML, like Gecko) Chrome/72.0.3626.109 Safari/537.36"
13.64.93.136 - - [30/Jun/2021:12:41:06 -0400] "GET / HTTP/1.1" 200 89816 "-" "Mozilla/5.0 (Windows NT 10.0; WOW64) AppleWebKit/537.36 (KHTML, like Gecko) Chrome/63.0.3239.84 Safari/537.36"
13.64.93.136 - - [30/Jun/2021:12:41:09 -0400] "GET /wp-content/uploads/2021/06/cropped-favicon-32x32.png HTTP/1.1" 200 2407 "-" "Mozilla/5.0 (Windows NT 10.0; WOW64) AppleWebKit/537.36 (KHTML, like Gecko) Chrome/63.0.3239.84 Safari/537.36"
157.55.39.84 - - [30/Jun/2021:12:51:58 -0400] "GET /2102000375-abrasesubinfeudationabrase1757ecg.beer HTTP/2" 404 5668 "-" "Mozilla/5.0 (compatible; bingbot/2.0; +http://www.bing.com/bingbot.htm)"
35.164.155.147 - - [30/Jun/2021:12:56:22 -0400] "GET / HTTP/1.1" 200 89816 "-" "Mozilla/5.0 (Windows NT 6.1; Win64; x64) AppleWebKit/537.36 (KHTML, like Gecko) Chrome/72.0.3626.109 Safari/537.36"
109.70.100.52 - - [30/Jun/2021:13:03:30 -0400] "GET /contacto/ HTTP/1.0" 404 19142 "https://markeva.com.mx/contacto/" "Mozilla/5.0 (Windows NT 10.0; Win64; x64) AppleWebKit/537.36 (KHTML, like Gecko) Chrome/83.0.4103.44 Safari/537.36 OPR/69.0.3686.7 (Edition beta)"
109.70.100.52 - - [30/Jun/2021:13:03:33 -0400] "GET / HTTP/1.0" 200 89816 "https://markeva.com.mx/" "Mozilla/5.0 (Windows NT 10.0; Win64; x64) AppleWebKit/537.36 (KHTML, like Gecko) Chrome/83.0.4103.44 Safari/537.36 OPR/69.0.3686.7 (Edition beta)"
109.70.100.52 - - [30/Jun/2021:13:03:38 -0400] "POST / HTTP/1.0" 200 87321 "https://markeva.com.mx/" "Mozilla/5.0 (Windows NT 10.0; Win64; x64) AppleWebKit/537.36 (KHTML, like Gecko) Chrome/83.0.4103.44 Safari/537.36 OPR/69.0.3686.7 (Edition beta)"
109.70.100.52 - - [30/Jun/2021:13:03:47 -0400] "GET / HTTP/1.0" 200 89816 "https://markeva.com.mx/" "Mozilla/5.0 (Windows NT 10.0; Win64; x64) AppleWebKit/537.36 (KHTML, like Gecko) Chrome/83.0.4103.44 Safari/537.36 OPR/69.0.3686.7 (Edition beta)"
54.184.27.178 - - [30/Jun/2021:13:07:16 -0400] "GET / HTTP/1.1" 200 89816 "-" "Mozilla/5.0 (Windows NT 6.1; Win64; x64) AppleWebKit/537.36 (KHTML, like Gecko) Chrome/72.0.3626.109 Safari/537.36"
54.244.65.248 - - [30/Jun/2021:13:08:33 -0400] "GET / HTTP/1.1" 200 89816 "-" "Mozilla/5.0 (Windows NT 6.1; Win64; x64) AppleWebKit/537.36 (KHTML, like Gecko) Chrome/72.0.3626.109 Safari/537.36"
157.55.39.30 - - [30/Jun/2021:13:21:13 -0400] "GET /dialysable-2237884728_d4b52dgdialysablefeedstock/ HTTP/2" 404 6952 "-" "Mozilla/5.0 (compatible; bingbot/2.0; +http://www.bing.com/bingbot.htm)"
207.46.13.170 - - [30/Jun/2021:13:44:52 -0400] "GET /2195833646_floweretskipjack/ HTTP/2" 404 6952 "-" "Mozilla/5.0 (compatible; bingbot/2.0; +http://www.bing.com/bingbot.htm)"
184.171.242.15 - - [30/Jun/2021:14:30:44 -0400] "POST /wp-cron.php?doing_wp_cron=1625077844.5176799297332763671875 HTTP/1.1" 200 0 "https://markeva.com.mx/wp-cron.php?doing_wp_cron=1625077844.5176799297332763671875" "WordPress/5.7.2; https://markeva.com.mx"
207.46.13.114 - - [30/Jun/2021:14:23:04 -0400] "GET /2126214540/longipennateb6aa27gobstructionism/ HTTP/2" 404 6952 "-" "Mozilla/5.0 (compatible; bingbot/2.0; +http://www.bing.com/bingbot.htm)"
207.46.13.170 - - [30/Jun/2021:14:24:25 -0400] "GET /vivaciously/exquisitely-2195833627/vivaciously/ HTTP/2" 404 6952 "-" "Mozilla/5.0 (compatible; bingbot/2.0; +http://www.bing.com/bingbot.htm)"
40.77.167.73 - - [30/Jun/2021:14:30:43 -0400] "GET /2102000378-duchenne-duchennerelaunch.tips HTTP/2" 404 5668 "-" "Mozilla/5.0 (compatible; bingbot/2.0; +http://www.bing.com/bingbot.htm)"
189.222.61.98 - - [30/Jun/2021:15:02:38 -0400] "GET / HTTP/2" 200 20261 "https://www.google.com/" "Mozilla/5.0 (Windows NT 6.1; Win64; x64) AppleWebKit/537.36 (KHTML, like Gecko) Chrome/91.0.4472.124 Safari/537.36"
189.222.61.98 - - [30/Jun/2021:15:02:45 -0400] "GET /wp-content/plugins/slider-images/Style/Rich-Web-Slider-Widget.css?ver=5.7.2 HTTP/2" 200 2051 "https://markeva.com.mx/" "Mozilla/5.0 (Windows NT 6.1; Win64; x64) AppleWebKit/537.36 (KHTML, like Gecko) Chrome/91.0.4472.124 Safari/537.36"
189.222.61.98 - - [30/Jun/2021:15:02:45 -0400] "GET /wp-content/uploads/useanyfont/uaf.css?ver=1625075093 HTTP/2" 200 163 "https://markeva.com.mx/" "Mozilla/5.0 (Windows NT 6.1; Win64; x64) AppleWebKit/537.36 (KHTML, like Gecko) Chrome/91.0.4472.124 Safari/537.36"
189.222.61.98 - - [30/Jun/2021:15:02:45 -0400] "GET /wp-content/plugins/popups-for-divi/styles/front.min.css?ver=2.3.6 HTTP/2" 200 1533 "https://markeva.com.mx/" "Mozilla/5.0 (Windows NT 6.1; Win64; x64) AppleWebKit/537.36 (KHTML, like Gecko) Chrome/91.0.4472.124 Safari/537.36"
189.222.61.98 - - [30/Jun/2021:15:02:45 -0400] "GET /wp-content/uploads/master-slider/custom.css?ver=5 HTTP/2" 200 147 "https://markeva.com.mx/" "Mozilla/5.0 (Windows NT 6.1; Win64; x64) AppleWebKit/537.36 (KHTML, like Gecko) Chrome/91.0.4472.124 Safari/537.36"
189.222.61.98 - - [30/Jun/2021:15:02:45 -0400] "GET /wp-content/plugins/popups-for-divi/scripts/ie-compat.min.js?ver=2.3.6 HTTP/2" 200 3366 "https://markeva.com.mx/" "Mozilla/5.0 (Windows NT 6.1; Win64; x64) AppleWebKit/537.36 (KHTML, like Gecko) Chrome/91.0.4472.124 Safari/537.36"
189.222.61.98 - - [30/Jun/2021:15:02:45 -0400] "GET /wp-content/plugins/slider-images/Scripts/Rich-Web-Slider-Widget.js?ver=5.7.2 HTTP/2" 200 0 "https://markeva.com.mx/" "Mozilla/5.0 (Windows NT 6.1; Win64; x64) AppleWebKit/537.36 (KHTML, like Gecko) Chrome/91.0.4472.124 Safari/537.36"
189.222.61.98 - - [30/Jun/2021:15:02:45 -0400] "GET /wp-includes/css/dist/block-library/style.min.css?ver=5.7.2 HTTP/2" 200 7922 "https://markeva.com.mx/" "Mozilla/5.0 (Windows NT 6.1; Win64; x64) AppleWebKit/537.36 (KHTML, like Gecko) Chrome/91.0.4472.124 Safari/537.36"
189.222.61.98 - - [30/Jun/2021:15:02:45 -0400] "GET /wp-content/plugins/slider-images/Style/richwebicons.css?ver=5.7.2 HTTP/2" 200 6488 "https://markeva.com.mx/" "Mozilla/5.0 (Windows NT 6.1; Win64; x64) AppleWebKit/537.36 (KHTML, like Gecko) Chrome/91.0.4472.124 Safari/537.36"
189.222.61.98 - - [30/Jun/2021:15:02:45 -0400] "GET /wp-content/plugins/master-slider/public/assets/css/masterslider.main.css?ver=3.7.8 HTTP/2" 200 6861 "https://markeva.com.mx/" "Mozilla/5.0 (Windows NT 6.1; Win64; x64) AppleWebKit/537.36 (KHTML, like Gecko) Chrome/91.0.4472.124 Safari/537.36"
189.222.61.98 - - [30/Jun/2021:15:02:53 -0400] "GET /wp-content/plugins/master-slider/public/assets/css/blank.gif HTTP/1.1" 200 43 "https://markeva.com.mx/" "Mozilla/5.0 (Windows NT 6.1; Win64; x64) AppleWebKit/537.36 (KHTML, like Gecko) Chrome/91.0.4472.124 Safari/537.36"
189.222.61.98 - - [30/Jun/2021:15:02:53 -0400] "GET /wp-content/uploads/2021/06/kisspng-computer-icons-desktop-wallpaper-seed-clip-art-5af86f9393d157.9929974015262309316055.png HTTP/1.1" 200 34149 "https://markeva.com.mx/" "Mozilla/5.0 (Windows NT 6.1; Win64; x64) AppleWebKit/537.36 (KHTML, like Gecko) Chrome/91.0.4472.124 Safari/537.36"
189.222.61.98 - - [30/Jun/2021:15:02:53 -0400] "GET /wp-content/plugins/logo-carousel-free/public/assets/css/style.min.css?ver=3.3.3 HTTP/1.1" 200 335 "https://markeva.com.mx/" "Mozilla/5.0 (Windows NT 6.1; Win64; x64) AppleWebKit/537.36 (KHTML, like Gecko) Chrome/91.0.4472.124 Safari/537.36"
189.222.61.98 - - [30/Jun/2021:15:02:53 -0400] "GET /wp-content/themes/Divi/core/admin/js/common.js?ver=4.9.7 HTTP/1.1" 200 491 "https://markeva.com.mx/" "Mozilla/5.0 (Windows NT 6.1; Win64; x64) AppleWebKit/537.36 (KHTML, like Gecko) Chrome/91.0.4472.124 Safari/537.36"
189.222.61.98 - - [30/Jun/2021:15:02:53 -0400] "GET /wp-includes/js/wp-embed.min.js?ver=5.7.2 HTTP/1.1" 200 664 "https://markeva.com.mx/" "Mozilla/5.0 (Windows NT 6.1; Win64; x64) AppleWebKit/537.36 (KHTML, like Gecko) Chrome/91.0.4472.124 Safari/537.36"
189.222.61.98 - - [30/Jun/2021:15:02:53 -0400] "GET /wp-content/plugins/logo-carousel-free/public/assets/js/splc-script.min.js?ver=3.3.3 HTTP/1.1" 200 654 "https://markeva.com.mx/" "Mozilla/5.0 (Windows NT 6.1; Win64; x64) AppleWebKit/537.36 (KHTML, like Gecko) Chrome/91.0.4472.124 Safari/537.36"
189.222.61.98 - - [30/Jun/2021:15:02:53 -0400] "GET /wp-content/uploads/2021/06/open-delivered-box.png HTTP/1.1" 200 17182 "https://markeva.com.mx/" "Mozilla/5.0 (Windows NT 6.1; Win64; x64) AppleWebKit/537.36 (KHTML, like Gecko) Chrome/91.0.4472.124 Safari/537.36"
189.222.61.98 - - [30/Jun/2021:15:02:53 -0400] "GET /wp-content/uploads/2021/06/26143.png HTTP/1.1" 200 20409 "https://markeva.com.mx/" "Mozilla/5.0 (Windows NT 6.1; Win64; x64) AppleWebKit/537.36 (KHTML, like Gecko) Chrome/91.0.4472.124 Safari/537.36"
189.222.61.98 - - [30/Jun/2021:15:02:53 -0400] "GET /wp-content/uploads/2021/06/klipartz.com_.png HTTP/1.1" 200 16654 "https://markeva.com.mx/" "Mozilla/5.0 (Windows NT 6.1; Win64; x64) AppleWebKit/537.36 (KHTML, like Gecko) Chrome/91.0.4472.124 Safari/537.36"
189.222.61.98 - - [30/Jun/2021:15:02:53 -0400] "GET /wp-content/plugins/logo-carousel-free/public/assets/css/swiper-bundle.min.css?ver=3.3.3 HTTP/1.1" 200 3829 "https://markeva.com.mx/" "Mozilla/5.0 (Windows NT 6.1; Win64; x64) AppleWebKit/537.36 (KHTML, like Gecko) Chrome/91.0.4472.124 Safari/537.36"
189.222.61.98 - - [30/Jun/2021:15:02:53 -0400] "GET /wp-content/plugins/master-slider/public/assets/js/jquery.easing.min.js?ver=3.7.8 HTTP/1.1" 200 1781 "https://markeva.com.mx/" "Mozilla/5.0 (Windows NT 6.1; Win64; x64) AppleWebKit/537.36 (KHTML, like Gecko) Chrome/91.0.4472.124 Safari/537.36"
189.222.61.98 - - [30/Jun/2021:15:02:53 -0400] "GET /wp-content/plugins/logo-carousel-free/public/assets/css/font-awesome.min.css?ver=3.3.3 HTTP/1.1" 200 6192 "https://markeva.com.mx/" "Mozilla/5.0 (Windows NT 6.1; Win64; x64) AppleWebKit/537.36 (KHTML, like Gecko) Chrome/91.0.4472.124 Safari/537.36"
189.222.61.98 - - [30/Jun/2021:15:02:53 -0400] "GET /wp-content/uploads/2021/06/Sin-titulo-2-1.png HTTP/1.1" 200 17050 "https://markeva.com.mx/" "Mozilla/5.0 (Windows NT 6.1; Win64; x64) AppleWebKit/537.36 (KHTML, like Gecko) Chrome/91.0.4472.124 Safari/537.36"
189.222.61.98 - - [30/Jun/2021:15:02:45 -0400] "GET /wp-includes/js/jquery/jquery.min.js?ver=3.5.1 HTTP/2" 200 29967 "https://markeva.com.mx/" "Mozilla/5.0 (Windows NT 6.1; Win64; x64) AppleWebKit/537.36 (KHTML, like Gecko) Chrome/91.0.4472.124 Safari/537.36"
189.222.61.98 - - [30/Jun/2021:15:02:54 -0400] "GET /wp-includes/js/jquery/jquery-migrate.min.js?ver=3.3.2 HTTP/2" 200 3984 "https://markeva.com.mx/" "Mozilla/5.0 (Windows NT 6.1; Win64; x64) AppleWebKit/537.36 (KHTML, like Gecko) Chrome/91.0.4472.124 Safari/537.36"
189.222.61.98 - - [30/Jun/2021:15:02:53 -0400] "GET /wp-content/plugins/logo-carousel-free/public/assets/css/images/bx_loader.gif HTTP/1.1" 200 8581 "https://markeva.com.mx/" "Mozilla/5.0 (Windows NT 6.1; Win64; x64) AppleWebKit/537.36 (KHTML, like Gecko) Chrome/91.0.4472.124 Safari/537.36"
189.222.61.98 - - [30/Jun/2021:15:02:53 -0400] "GET /wp-content/plugins/popups-for-divi/scripts/front.min.js?ver=2.3.6 HTTP/1.1" 200 19092 "https://markeva.com.mx/" "Mozilla/5.0 (Windows NT 6.1; Win64; x64) AppleWebKit/537.36 (KHTML, like Gecko) Chrome/91.0.4472.124 Safari/537.36"
189.222.61.98 - - [30/Jun/2021:15:02:53 -0400] "GET /wp-content/plugins/master-slider/public/assets/js/masterslider.min.js?ver=3.7.8 HTTP/1.1" 200 20444 "https://markeva.com.mx/" "Mozilla/5.0 (Windows NT 6.1; Win64; x64) AppleWebKit/537.36 (KHTML, like Gecko) Chrome/91.0.4472.124 Safari/537.36"
189.222.61.98 - - [30/Jun/2021:15:02:54 -0400] "GET /wp-content/plugins/slider-images/Scripts/jquery.easing.1.2.js?ver=5.7.2 HTTP/2" 200 824 "https://markeva.com.mx/" "Mozilla/5.0 (Windows NT 6.1; Win64; x64) AppleWebKit/537.36 (KHTML, like Gecko) Chrome/91.0.4472.124 Safari/537.36"
189.222.61.98 - - [30/Jun/2021:15:02:54 -0400] "GET /wp-content/plugins/slider-images/Scripts/jquery.anythingslider.min.js?ver=5.7.2 HTTP/2" 200 188 "https://markeva.com.mx/" "Mozilla/5.0 (Windows NT 6.1; Win64; x64) AppleWebKit/537.36 (KHTML, like Gecko) Chrome/91.0.4472.124 Safari/537.36"
189.222.61.98 - - [30/Jun/2021:15:02:54 -0400] "GET /wp-content/plugins/slider-images/Scripts/jquery.colorbox-min.js?ver=5.7.2 HTTP/2" 200 4094 "https://markeva.com.mx/" "Mozilla/5.0 (Windows NT 6.1; Win64; x64) AppleWebKit/537.36 (KHTML, like Gecko) Chrome/91.0.4472.124 Safari/537.36"
189.222.61.98 - - [30/Jun/2021:15:02:54 -0400] "GET /wp-content/et-cache/6/et-core-unified-6-16244753402415.min.css HTTP/2" 200 2886 "https://markeva.com.mx/" "Mozilla/5.0 (Windows NT 6.1; Win64; x64) AppleWebKit/537.36 (KHTML, like Gecko) Chrome/91.0.4472.124 Safari/537.36"
189.222.61.98 - - [30/Jun/2021:15:02:54 -0400] "GET /wp-includes/js/jquery/ui/core.min.js?ver=1.12.1 HTTP/2" 200 6548 "https://markeva.com.mx/" "Mozilla/5.0 (Windows NT 6.1; Win64; x64) AppleWebKit/537.36 (KHTML, like Gecko) Chrome/91.0.4472.124 Safari/537.36"
189.222.61.98 - - [30/Jun/2021:15:02:53 -0400] "GET /wp-content/uploads/2021/06/manejo_de_fluidos.jpg HTTP/1.1" 200 28797 "https://markeva.com.mx/" "Mozilla/5.0 (Windows NT 6.1; Win64; x64) AppleWebKit/537.36 (KHTML, like Gecko) Chrome/91.0.4472.124 Safari/537.36"
189.222.61.98 - - [30/Jun/2021:15:02:53 -0400] "GET /wp-content/uploads/2021/06/Chumaceras.jpg HTTP/1.1" 200 27976 "https://markeva.com.mx/" "Mozilla/5.0 (Windows NT 6.1; Win64; x64) AppleWebKit/537.36 (KHTML, like Gecko) Chrome/91.0.4472.124 Safari/537.36"
189.222.61.98 - - [30/Jun/2021:15:02:53 -0400] "GET /wp-content/uploads/2021/06/Material-Electrico.jpg HTTP/1.1" 200 35043 "https://markeva.com.mx/" "Mozilla/5.0 (Windows NT 6.1; Win64; x64) AppleWebKit/537.36 (KHTML, like Gecko) Chrome/91.0.4472.124 Safari/537.36"
189.222.61.98 - - [30/Jun/2021:15:02:45 -0400] "GET /wp-content/themes/Divi/style.css?ver=4.9.7 HTTP/2" 200 70623 "https://markeva.com.mx/" "Mozilla/5.0 (Windows NT 6.1; Win64; x64) AppleWebKit/537.36 (KHTML, like Gecko) Chrome/91.0.4472.124 Safari/537.36"
189.222.61.98 - - [30/Jun/2021:15:02:53 -0400] "GET /wp-content/uploads/2021/06/bandas_de_trasmision.jpg HTTP/1.1" 200 37713 "https://markeva.com.mx/" "Mozilla/5.0 (Windows NT 6.1; Win64; x64) AppleWebKit/537.36 (KHTML, like Gecko) Chrome/91.0.4472.124 Safari/537.36"
189.222.61.98 - - [30/Jun/2021:15:02:53 -0400] "GET /wp-content/uploads/2021/06/Polimeros.jpg HTTP/1.1" 200 44728 "https://markeva.com.mx/" "Mozilla/5.0 (Windows NT 6.1; Win64; x64) AppleWebKit/537.36 (KHTML, like Gecko) Chrome/91.0.4472.124 Safari/537.36"
189.222.61.98 - - [30/Jun/2021:15:02:53 -0400] "GET /wp-content/plugins/logo-carousel-free/public/assets/js/swiper-bundle.min.js?ver=3.3.3 HTTP/1.1" 200 42283 "https://markeva.com.mx/" "Mozilla/5.0 (Windows NT 6.1; Win64; x64) AppleWebKit/537.36 (KHTML, like Gecko) Chrome/91.0.4472.124 Safari/537.36"
189.222.61.98 - - [30/Jun/2021:15:02:54 -0400] "GET /wp-content/themes/Divi/core/admin/fonts/modules.ttf HTTP/2" 200 92400 "https://markeva.com.mx/" "Mozilla/5.0 (Windows NT 6.1; Win64; x64) AppleWebKit/537.36 (KHTML, like Gecko) Chrome/91.0.4472.124 Safari/537.36"
189.222.61.98 - - [30/Jun/2021:15:02:53 -0400] "GET /wp-content/uploads/2021/06/13.png HTTP/1.1" 200 46781 "https://markeva.com.mx/" "Mozilla/5.0 (Windows NT 6.1; Win64; x64) AppleWebKit/537.36 (KHTML, like Gecko) Chrome/91.0.4472.124 Safari/537.36"
189.222.61.98 - - [30/Jun/2021:15:02:53 -0400] "GET /wp-content/uploads/2021/06/5.png HTTP/1.1" 200 68395 "https://markeva.com.mx/" "Mozilla/5.0 (Windows NT 6.1; Win64; x64) AppleWebKit/537.36 (KHTML, like Gecko) Chrome/91.0.4472.124 Safari/537.36"
207.46.13.170 - - [30/Jun/2021:14:53:14 -0400] "GET /fiddlesticks_statecraft_2102002830/ HTTP/2" 404 6952 "-" "Mozilla/5.0 (compatible; bingbot/2.0; +http://www.bing.com/bingbot.htm)"
189.222.61.98 - - [30/Jun/2021:15:02:54 -0400] "GET /wp-content/uploads/2021/06/logo.png HTTP/2" 200 185859 "https://markeva.com.mx/" "Mozilla/5.0 (Windows NT 6.1; Win64; x64) AppleWebKit/537.36 (KHTML, like Gecko) Chrome/91.0.4472.124 Safari/537.36"
189.222.61.98 - - [30/Jun/2021:15:02:53 -0400] "GET /wp-content/uploads/2021/06/transmisison_potencia-1.jpg HTTP/1.1" 200 93014 "https://markeva.com.mx/" "Mozilla/5.0 (Windows NT 6.1; Win64; x64) AppleWebKit/537.36 (KHTML, like Gecko) Chrome/91.0.4472.124 Safari/537.36"
189.222.61.98 - - [30/Jun/2021:15:02:53 -0400] "GET /wp-content/uploads/2021/06/9.png HTTP/1.1" 200 101628 "https://markeva.com.mx/" "Mozilla/5.0 (Windows NT 6.1; Win64; x64) AppleWebKit/537.36 (KHTML, like Gecko) Chrome/91.0.4472.124 Safari/537.36"
189.222.61.98 - - [30/Jun/2021:15:02:53 -0400] "GET /wp-content/themes/Divi/js/custom.unified.js?ver=4.9.7 HTTP/1.1" 200 128579 "https://markeva.com.mx/" "Mozilla/5.0 (Windows NT 6.1; Win64; x64) AppleWebKit/537.36 (KHTML, like Gecko) Chrome/91.0.4472.124 Safari/537.36"
189.222.61.98 - - [30/Jun/2021:15:02:53 -0400] "GET /wp-content/uploads/2021/06/8.png HTTP/1.1" 200 203912 "https://markeva.com.mx/" "Mozilla/5.0 (Windows NT 6.1; Win64; x64) AppleWebKit/537.36 (KHTML, like Gecko) Chrome/91.0.4472.124 Safari/537.36"
189.222.61.98 - - [30/Jun/2021:15:02:53 -0400] "GET /wp-content/uploads/2021/06/12.png HTTP/1.1" 200 211004 "https://markeva.com.mx/" "Mozilla/5.0 (Windows NT 6.1; Win64; x64) AppleWebKit/537.36 (KHTML, like Gecko) Chrome/91.0.4472.124 Safari/537.36"
189.222.61.98 - - [30/Jun/2021:15:02:53 -0400] "GET /wp-content/uploads/2021/06/10.png HTTP/1.1" 200 272745 "https://markeva.com.mx/" "Mozilla/5.0 (Windows NT 6.1; Win64; x64) AppleWebKit/537.36 (KHTML, like Gecko) Chrome/91.0.4472.124 Safari/537.36"
189.222.61.98 - - [30/Jun/2021:15:02:53 -0400] "GET /wp-content/uploads/2021/06/11.png HTTP/1.1" 200 270117 "https://markeva.com.mx/" "Mozilla/5.0 (Windows NT 6.1; Win64; x64) AppleWebKit/537.36 (KHTML, like Gecko) Chrome/91.0.4472.124 Safari/537.36"
189.222.61.98 - - [30/Jun/2021:15:02:53 -0400] "GET /wp-content/uploads/2021/06/4.png HTTP/1.1" 200 245891 "https://markeva.com.mx/" "Mozilla/5.0 (Windows NT 6.1; Win64; x64) AppleWebKit/537.36 (KHTML, like Gecko) Chrome/91.0.4472.124 Safari/537.36"
189.222.61.98 - - [30/Jun/2021:15:02:53 -0400] "GET /wp-content/uploads/2021/06/7.png HTTP/1.1" 200 261813 "https://markeva.com.mx/" "Mozilla/5.0 (Windows NT 6.1; Win64; x64) AppleWebKit/537.36 (KHTML, like Gecko) Chrome/91.0.4472.124 Safari/537.36"
189.222.61.98 - - [30/Jun/2021:15:02:53 -0400] "GET /wp-content/uploads/2021/06/6.png HTTP/1.1" 200 629357 "https://markeva.com.mx/" "Mozilla/5.0 (Windows NT 6.1; Win64; x64) AppleWebKit/537.36 (KHTML, like Gecko) Chrome/91.0.4472.124 Safari/537.36"
173.252.111.18 - - [30/Jun/2021:15:10:55 -0400] "GET / HTTP/1.1" 200 16808 "-" "facebookexternalhit/1.1 (+http://www.facebook.com/externalhit_uatext.php)"
157.55.39.84 - - [30/Jun/2021:15:11:50 -0400] "GET /2102043498_voluminalhottesthottest/ HTTP/2" 404 6952 "-" "Mozilla/5.0 (compatible; bingbot/2.0; +http://www.bing.com/bingbot.htm)"
18.225.25.214 - - [30/Jun/2021:15:30:35 -0400] "GET / HTTP/1.1" 301 0 "-" "Mozilla/5.0 (Macintosh; Intel Mac OS X 10_13_4) AppleWebKit/605.1.15 (KHTML, like Gecko) Version/11.1 Safari/605.1.15"
3.239.45.78 - - [30/Jun/2021:15:30:37 -0400] "GET /comments/feed/ HTTP/1.1" 200 1713 "-" "lua-resty-http/0.10 (Lua) ngx_lua/10019"
3.237.199.191 - - [30/Jun/2021:15:30:39 -0400] "GET / HTTP/1.1" 200 89808 "-" "lua-resty-http/0.10 (Lua) ngx_lua/10019"
3.239.45.78 - - [30/Jun/2021:15:30:41 -0400] "GET /xmlrpc.php?rsd HTTP/1.1" 200 798 "-" "lua-resty-http/0.10 (Lua) ngx_lua/10019"
3.239.45.78 - - [30/Jun/2021:15:30:42 -0400] "GET /wp-json/ HTTP/1.1" 200 65536 "-" "lua-resty-http/0.10 (Lua) ngx_lua/10019"
34.234.215.244 - - [30/Jun/2021:15:30:47 -0400] "GET /wp-includes/wlwmanifest.xml HTTP/1.1" 200 1045 "-" "lua-resty-http/0.10 (Lua) ngx_lua/10019"
3.239.45.78 - - [30/Jun/2021:15:30:47 -0400] "GET /feed/ HTTP/1.1" 200 2300 "-" "lua-resty-http/0.10 (Lua) ngx_lua/10019"
3.238.44.255 - - [30/Jun/2021:15:30:47 -0400] "GET /wp-json/oembed/1.0/embed?url=https%253A%252F%252Fmarkeva.com.mx%252F&format=xml HTTP/1.1" 404 132 "-" "lua-resty-http/0.10 (Lua) ngx_lua/10019"
34.234.215.244 - - [30/Jun/2021:15:30:48 -0400] "GET / HTTP/1.1" 200 89808 "-" "lua-resty-http/0.10 (Lua) ngx_lua/10019"
3.239.45.78 - - [30/Jun/2021:15:30:50 -0400] "GET /wp-content/uploads/2021/06/fondo.jpg&#x201D HTTP/1.1" 404 15948 "-" "lua-resty-http/0.10 (Lua) ngx_lua/10019"
54.87.192.249 - - [30/Jun/2021:15:30:52 -0400] "GET /author/webmasterguruc-com-mx/ HTTP/1.1" 301 0 "-" "lua-resty-http/0.10 (Lua) ngx_lua/10019"
18.224.128.89 - - [30/Jun/2021:15:30:51 -0400] "GET / HTTP/1.1" 200 89812 "-" "Mozilla/5.0 (Macintosh; Intel Mac OS X 10_13_4) AppleWebKit/605.1.15 (KHTML, like Gecko) Version/11.1 Safari/605.1.15"
3.91.194.240 - - [30/Jun/2021:15:30:53 -0400] "GET /comments/feed/ HTTP/1.1" 200 1713 "-" "lua-resty-http/0.10 (Lua) ngx_lua/10019"
18.224.128.89 - - [30/Jun/2021:15:30:53 -0400] "GET /comments/feed/ HTTP/1.1" 200 1713 "-" "Mozilla/5.0 (Macintosh; Intel Mac OS X 10_13_4) AppleWebKit/605.1.15 (KHTML, like Gecko) Version/11.1 Safari/605.1.15"
54.87.192.249 - - [30/Jun/2021:15:30:52 -0400] "GET / HTTP/1.1" 200 89808 "-" "lua-resty-http/0.10 (Lua) ngx_lua/10019"
18.206.199.142 - - [30/Jun/2021:15:30:54 -0400] "GET / HTTP/1.1" 200 89808 "-" "lua-resty-http/0.10 (Lua) ngx_lua/10019"
18.225.25.214 - - [30/Jun/2021:15:30:57 -0400] "GET /wp-json/oembed/1.0/embed?url=https%3A%2F%2Fmarkeva.com.mx%2F HTTP/1.1" 200 4706 "-" "Mozilla/5.0 (Macintosh; Intel Mac OS X 10_13_4) AppleWebKit/605.1.15 (KHTML, like Gecko) Version/11.1 Safari/605.1.15"
3.237.199.191 - - [30/Jun/2021:15:30:58 -0400] "GET /xmlrpc.php?rsd HTTP/1.1" 200 798 "-" "lua-resty-http/0.10 (Lua) ngx_lua/10019"
18.224.128.89 - - [30/Jun/2021:15:30:58 -0400] "GET /xmlrpc.php?rsd HTTP/1.1" 200 798 "-" "Mozilla/5.0 (Macintosh; Intel Mac OS X 10_13_4) AppleWebKit/605.1.15 (KHTML, like Gecko) Version/11.1 Safari/605.1.15"
34.234.215.244 - - [30/Jun/2021:15:31:01 -0400] "GET / HTTP/1.1" 200 89808 "-" "lua-resty-http/0.10 (Lua) ngx_lua/10019"
18.224.128.89 - - [30/Jun/2021:15:31:02 -0400] "GET / HTTP/1.1" 200 89812 "-" "Mozilla/5.0 (Macintosh; Intel Mac OS X 10_13_4) AppleWebKit/605.1.15 (KHTML, like Gecko) Version/11.1 Safari/605.1.15"
54.147.246.36 - - [30/Jun/2021:15:31:04 -0400] "GET /wp-content/themes/Divi/core/admin/fonts/modules.ttf HTTP/1.1" 200 92400 "-" "lua-resty-http/0.10 (Lua) ngx_lua/10019"
54.87.192.249 - - [30/Jun/2021:15:31:04 -0400] "GET /feed/ HTTP/1.1" 200 2300 "-" "lua-resty-http/0.10 (Lua) ngx_lua/10019"
18.224.128.89 - - [30/Jun/2021:15:31:05 -0400] "GET /wp-json/oembed/1.0/embed?url=https%3A%2F%2Fmarkeva.com.mx%2F&format=xml HTTP/1.1" 200 4877 "-" "Mozilla/5.0 (Macintosh; Intel Mac OS X 10_13_4) AppleWebKit/605.1.15 (KHTML, like Gecko) Version/11.1 Safari/605.1.15"
34.234.215.244 - - [30/Jun/2021:15:31:06 -0400] "GET /wp-content/uploads/2021/06/4-1.jpg&#x201D HTTP/1.1" 404 15948 "-" "lua-resty-http/0.10 (Lua) ngx_lua/10019"
18.225.25.214 - - [30/Jun/2021:15:30:35 -0400] "GET / HTTP/1.1" 200 89812 "-" "Mozilla/5.0 (Macintosh; Intel Mac OS X 10_13_4) AppleWebKit/605.1.15 (KHTML, like Gecko) Version/11.1 Safari/605.1.15"
18.225.25.214 - - [30/Jun/2021:15:30:38 -0400] "GET /comments/feed/ HTTP/1.1" 200 1713 "-" "Mozilla/5.0 (Macintosh; Intel Mac OS X 10_13_4) AppleWebKit/605.1.15 (KHTML, like Gecko) Version/11.1 Safari/605.1.15"
18.225.25.214 - - [30/Jun/2021:15:30:42 -0400] "GET /xmlrpc.php?rsd HTTP/1.1" 200 798 "-" "Mozilla/5.0 (Macintosh; Intel Mac OS X 10_13_4) AppleWebKit/605.1.15 (KHTML, like Gecko) Version/11.1 Safari/605.1.15"
3.239.45.78 - - [30/Jun/2021:15:30:42 -0400] "GET /xmlrpc.php HTTP/1.1" 405 42 "-" "lua-resty-http/0.10 (Lua) ngx_lua/10019"
3.239.45.78 - - [30/Jun/2021:15:30:43 -0400] "GET / HTTP/1.1" 200 89808 "-" "lua-resty-http/0.10 (Lua) ngx_lua/10019"
18.225.25.214 - - [30/Jun/2021:15:30:45 -0400] "GET / HTTP/1.1" 200 89812 "-" "Mozilla/5.0 (Macintosh; Intel Mac OS X 10_13_4) AppleWebKit/605.1.15 (KHTML, like Gecko) Version/11.1 Safari/605.1.15"
34.234.215.244 - - [30/Jun/2021:15:30:46 -0400] "GET /wp-content/themes/Divi/core/admin/fonts/modules.ttf HTTP/1.1" 200 92400 "-" "lua-resty-http/0.10 (Lua) ngx_lua/10019"
18.225.25.214 - - [30/Jun/2021:15:30:48 -0400] "GET /wp-json/oembed/1.0/embed?url=https%3A%2F%2Fmarkeva.com.mx%2F&format=xml HTTP/1.1" 200 4877 "-" "Mozilla/5.0 (Macintosh; Intel Mac OS X 10_13_4) AppleWebKit/605.1.15 (KHTML, like Gecko) Version/11.1 Safari/605.1.15"
34.234.215.244 - - [30/Jun/2021:15:30:48 -0400] "GET /wp-content/uploads/2021/06/4-1.jpg&#x201D HTTP/1.1" 404 15948 "-" "lua-resty-http/0.10 (Lua) ngx_lua/10019"
3.239.45.78 - - [30/Jun/2021:15:30:54 -0400] "GET /wp-content/uploads/2021/06/Carrusel_Markeva_BELLGOSSETT.jpg&#x201D HTTP/1.1" 404 15948 "-" "lua-resty-http/0.10 (Lua) ngx_lua/10019"
18.206.199.142 - - [30/Jun/2021:15:30:55 -0400] "GET /wp-content/uploads/2021/06/14-2.png&#x201D HTTP/1.1" 404 15948 "-" "lua-resty-http/0.10 (Lua) ngx_lua/10019"
54.147.246.36 - - [30/Jun/2021:15:30:56 -0400] "GET /wp-json/oembed/1.0/embed?url=https%253A%252F%252Fmarkeva.com.mx%252F HTTP/1.1" 404 73 "-" "lua-resty-http/0.10 (Lua) ngx_lua/10019"
3.91.194.240 - - [30/Jun/2021:15:30:59 -0400] "GET /wp-json/ HTTP/1.1" 200 131072 "-" "lua-resty-http/0.10 (Lua) ngx_lua/10019"
3.237.199.191 - - [30/Jun/2021:15:30:59 -0400] "GET /xmlrpc.php HTTP/1.1" 405 42 "-" "lua-resty-http/0.10 (Lua) ngx_lua/10019"
3.91.194.240 - - [30/Jun/2021:15:31:04 -0400] "GET /wp-includes/wlwmanifest.xml HTTP/1.1" 200 1045 "-" "lua-resty-http/0.10 (Lua) ngx_lua/10019"
3.237.199.191 - - [30/Jun/2021:15:31:05 -0400] "GET /wp-json/oembed/1.0/embed?url=https%253A%252F%252Fmarkeva.com.mx%252F&format=xml HTTP/1.1" 404 132 "-" "lua-resty-http/0.10 (Lua) ngx_lua/10019"
34.234.215.244 - - [30/Jun/2021:15:31:07 -0400] "GET /wp-content/uploads/2021/06/fondo.jpg&#x201D HTTP/1.1" 404 15948 "-" "lua-resty-http/0.10 (Lua) ngx_lua/10019"
54.87.192.249 - - [30/Jun/2021:15:31:08 -0400] "GET /author/webmasterguruc-com-mx/ HTTP/1.1" 301 0 "-" "lua-resty-http/0.10 (Lua) ngx_lua/10019"
34.234.215.244 - - [30/Jun/2021:15:31:10 -0400] "GET /wp-content/uploads/2021/06/Carrusel_Markeva_BELLGOSSETT.jpg&#x201D HTTP/1.1" 404 15948 "-" "lua-resty-http/0.10 (Lua) ngx_lua/10019"
18.224.128.89 - - [30/Jun/2021:15:31:12 -0400] "GET /wp-json/oembed/1.0/embed?url=https%3A%2F%2Fmarkeva.com.mx%2F HTTP/1.1" 200 4706 "-" "Mozilla/5.0 (Macintosh; Intel Mac OS X 10_13_4) AppleWebKit/605.1.15 (KHTML, like Gecko) Version/11.1 Safari/605.1.15"
3.239.45.78 - - [30/Jun/2021:15:31:31 -0400] "GET / HTTP/1.1" 200 89808 "-" "lua-resty-http/0.10 (Lua) ngx_lua/10019"
3.239.45.78 - - [30/Jun/2021:15:31:33 -0400] "GET /xmlrpc.php?rsd HTTP/1.1" 200 798 "-" "lua-resty-http/0.10 (Lua) ngx_lua/10019"
3.237.199.191 - - [30/Jun/2021:15:31:34 -0400] "GET /wp-json/ HTTP/1.1" 200 65536 "-" "lua-resty-http/0.10 (Lua) ngx_lua/10019"
3.91.194.240 - - [30/Jun/2021:15:31:35 -0400] "GET /xmlrpc.php HTTP/1.1" 405 42 "-" "lua-resty-http/0.10 (Lua) ngx_lua/10019"
3.91.194.240 - - [30/Jun/2021:15:29:23 -0400] "GET /comments/feed/ HTTP/1.1" 200 1713 "-" "lua-resty-http/0.10 (Lua) ngx_lua/10019"
3.91.194.240 - - [30/Jun/2021:15:29:26 -0400] "GET / HTTP/1.1" 200 89808 "-" "lua-resty-http/0.10 (Lua) ngx_lua/10019"
3.238.44.255 - - [30/Jun/2021:15:29:35 -0400] "GET /wp-includes/wlwmanifest.xml HTTP/1.1" 200 1045 "-" "lua-resty-http/0.10 (Lua) ngx_lua/10019"
54.87.192.249 - - [30/Jun/2021:15:29:35 -0400] "GET /feed/ HTTP/1.1" 200 2300 "-" "lua-resty-http/0.10 (Lua) ngx_lua/10019"
3.91.194.240 - - [30/Jun/2021:15:29:37 -0400] "GET /wp-content/uploads/2021/06/4-1.jpg&#x201D HTTP/1.1" 404 15948 "-" "lua-resty-http/0.10 (Lua) ngx_lua/10019"
18.206.199.142 - - [30/Jun/2021:15:29:38 -0400] "GET /wp-content/uploads/2021/06/fondo.jpg&#x201D HTTP/1.1" 404 15948 "-" "lua-resty-http/0.10 (Lua) ngx_lua/10019"
3.238.44.255 - - [30/Jun/2021:15:29:42 -0400] "GET /wp-content/uploads/2021/06/14-2.png&#x201D HTTP/1.1" 404 15948 "-" "lua-resty-http/0.10 (Lua) ngx_lua/10019"
54.87.192.249 - - [30/Jun/2021:15:31:08 -0400] "GET / HTTP/1.1" 200 89808 "-" "lua-resty-http/0.10 (Lua) ngx_lua/10019"
54.87.192.249 - - [30/Jun/2021:15:31:11 -0400] "GET /wp-content/uploads/2021/06/14-2.png&#x201D HTTP/1.1" 404 15948 "-" "lua-resty-http/0.10 (Lua) ngx_lua/10019"
3.239.45.78 - - [30/Jun/2021:15:31:12 -0400] "GET /wp-json/oembed/1.0/embed?url=https%253A%252F%252Fmarkeva.com.mx%252F HTTP/1.1" 404 73 "-" "lua-resty-http/0.10 (Lua) ngx_lua/10019"
34.234.215.244 - - [30/Jun/2021:15:31:25 -0400] "GET / HTTP/1.1" 200 89808 "-" "lua-resty-http/0.10 (Lua) ngx_lua/10019"
18.224.128.89 - - [30/Jun/2021:15:31:28 -0400] "GET / HTTP/1.1" 200 89812 "-" "Mozilla/5.0 (Macintosh; Intel Mac OS X 10_13_4) AppleWebKit/605.1.15 (KHTML, like Gecko) Version/11.1 Safari/605.1.15"
54.87.192.249 - - [30/Jun/2021:15:31:30 -0400] "GET /comments/feed/ HTTP/1.1" 200 1713 "-" "lua-resty-http/0.10 (Lua) ngx_lua/10019"
18.224.128.89 - - [30/Jun/2021:15:31:30 -0400] "GET /comments/feed/ HTTP/1.1" 200 1713 "-" "Mozilla/5.0 (Macintosh; Intel Mac OS X 10_13_4) AppleWebKit/605.1.15 (KHTML, like Gecko) Version/11.1 Safari/605.1.15"
18.224.128.89 - - [30/Jun/2021:15:31:34 -0400] "GET /xmlrpc.php?rsd HTTP/1.1" 200 798 "-" "Mozilla/5.0 (Macintosh; Intel Mac OS X 10_13_4) AppleWebKit/605.1.15 (KHTML, like Gecko) Version/11.1 Safari/605.1.15"
18.224.128.89 - - [30/Jun/2021:15:31:37 -0400] "GET / HTTP/1.1" 200 89812 "-" "Mozilla/5.0 (Macintosh; Intel Mac OS X 10_13_4) AppleWebKit/605.1.15 (KHTML, like Gecko) Version/11.1 Safari/605.1.15"
3.237.199.191 - - [30/Jun/2021:15:31:39 -0400] "GET /wp-includes/wlwmanifest.xml HTTP/1.1" 200 1045 "-" "lua-resty-http/0.10 (Lua) ngx_lua/10019"
54.147.246.36 - - [30/Jun/2021:15:31:41 -0400] "GET /wp-json/oembed/1.0/embed?url=https%253A%252F%252Fmarkeva.com.mx%252F&format=xml HTTP/1.1" 404 132 "-" "lua-resty-http/0.10 (Lua) ngx_lua/10019"
18.224.128.89 - - [30/Jun/2021:15:31:41 -0400] "GET /wp-json/oembed/1.0/embed?url=https%3A%2F%2Fmarkeva.com.mx%2F&format=xml HTTP/1.1" 200 4877 "-" "Mozilla/5.0 (Macintosh; Intel Mac OS X 10_13_4) AppleWebKit/605.1.15 (KHTML, like Gecko) Version/11.1 Safari/605.1.15"
34.234.215.244 - - [30/Jun/2021:15:31:43 -0400] "GET /author/webmasterguruc-com-mx/ HTTP/1.1" 301 0 "-" "lua-resty-http/0.10 (Lua) ngx_lua/10019"
34.234.215.244 - - [30/Jun/2021:15:31:44 -0400] "GET / HTTP/1.1" 200 89808 "-" "lua-resty-http/0.10 (Lua) ngx_lua/10019"
3.91.194.240 - - [30/Jun/2021:15:31:46 -0400] "GET /wp-content/uploads/2021/06/Carrusel_Markeva_BELLGOSSETT.jpg&#x201D HTTP/1.1" 404 15948 "-" "lua-resty-http/0.10 (Lua) ngx_lua/10019"
18.224.128.89 - - [30/Jun/2021:15:31:48 -0400] "GET /wp-json/oembed/1.0/embed?url=https%3A%2F%2Fmarkeva.com.mx%2F HTTP/1.1" 200 4706 "-" "Mozilla/5.0 (Macintosh; Intel Mac OS X 10_13_4) AppleWebKit/605.1.15 (KHTML, like Gecko) Version/11.1 Safari/605.1.15"
3.91.194.240 - - [30/Jun/2021:15:32:10 -0400] "GET / HTTP/1.1" 200 89808 "-" "lua-resty-http/0.10 (Lua) ngx_lua/10019"
54.147.246.36 - - [30/Jun/2021:15:32:14 -0400] "GET /comments/feed/ HTTP/1.1" 200 1713 "-" "lua-resty-http/0.10 (Lua) ngx_lua/10019"
18.206.199.142 - - [30/Jun/2021:15:32:15 -0400] "GET / HTTP/1.1" 200 89808 "-" "lua-resty-http/0.10 (Lua) ngx_lua/10019"
54.87.192.249 - - [30/Jun/2021:15:32:17 -0400] "GET /xmlrpc.php?rsd HTTP/1.1" 200 798 "-" "lua-resty-http/0.10 (Lua) ngx_lua/10019"
54.87.192.249 - - [30/Jun/2021:15:32:18 -0400] "GET /wp-json/ HTTP/1.1" 200 65536 "-" "lua-resty-http/0.10 (Lua) ngx_lua/10019"
18.206.199.142 - - [30/Jun/2021:15:32:19 -0400] "GET / HTTP/1.1" 200 89808 "-" "lua-resty-http/0.10 (Lua) ngx_lua/10019"
3.239.45.78 - - [30/Jun/2021:15:32:23 -0400] "GET /wp-content/themes/Divi/core/admin/fonts/modules.ttf HTTP/1.1" 200 92400 "-" "lua-resty-http/0.10 (Lua) ngx_lua/10019"
3.239.45.78 - - [30/Jun/2021:15:32:24 -0400] "GET /wp-content/uploads/2021/06/4-1.jpg&#x201D HTTP/1.1" 404 15948 "-" "lua-resty-http/0.10 (Lua) ngx_lua/10019"
18.224.128.89 - - [30/Jun/2021:15:29:21 -0400] "GET / HTTP/1.1" 200 89812 "-" "Mozilla/5.0 (Macintosh; Intel Mac OS X 10_13_4) AppleWebKit/605.1.15 (KHTML, like Gecko) Version/11.1 Safari/605.1.15"
18.224.128.89 - - [30/Jun/2021:15:29:25 -0400] "GET /comments/feed/ HTTP/1.1" 200 1713 "-" "Mozilla/5.0 (Macintosh; Intel Mac OS X 10_13_4) AppleWebKit/605.1.15 (KHTML, like Gecko) Version/11.1 Safari/605.1.15"
54.87.192.249 - - [30/Jun/2021:15:29:28 -0400] "GET /xmlrpc.php?rsd HTTP/1.1" 200 798 "-" "lua-resty-http/0.10 (Lua) ngx_lua/10019"
18.224.128.89 - - [30/Jun/2021:15:29:29 -0400] "GET /xmlrpc.php?rsd HTTP/1.1" 200 798 "-" "Mozilla/5.0 (Macintosh; Intel Mac OS X 10_13_4) AppleWebKit/605.1.15 (KHTML, like Gecko) Version/11.1 Safari/605.1.15"
3.91.194.240 - - [30/Jun/2021:15:29:29 -0400] "GET /wp-json/ HTTP/1.1" 200 65536 "-" "lua-resty-http/0.10 (Lua) ngx_lua/10019"
18.206.199.142 - - [30/Jun/2021:15:29:30 -0400] "GET /xmlrpc.php HTTP/1.1" 405 42 "-" "lua-resty-http/0.10 (Lua) ngx_lua/10019"
34.234.215.244 - - [30/Jun/2021:15:29:31 -0400] "GET / HTTP/1.1" 200 89808 "-" "lua-resty-http/0.10 (Lua) ngx_lua/10019"
18.224.128.89 - - [30/Jun/2021:15:29:33 -0400] "GET / HTTP/1.1" 200 89812 "-" "Mozilla/5.0 (Macintosh; Intel Mac OS X 10_13_4) AppleWebKit/605.1.15 (KHTML, like Gecko) Version/11.1 Safari/605.1.15"
3.91.194.240 - - [30/Jun/2021:15:29:35 -0400] "GET /wp-content/themes/Divi/core/admin/fonts/modules.ttf HTTP/1.1" 200 92400 "-" "lua-resty-http/0.10 (Lua) ngx_lua/10019"
3.239.45.78 - - [30/Jun/2021:15:29:36 -0400] "GET /wp-json/oembed/1.0/embed?url=https%253A%252F%252Fmarkeva.com.mx%252F&format=xml HTTP/1.1" 404 132 "-" "lua-resty-http/0.10 (Lua) ngx_lua/10019"
18.224.128.89 - - [30/Jun/2021:15:29:36 -0400] "GET /wp-json/oembed/1.0/embed?url=https%3A%2F%2Fmarkeva.com.mx%2F&format=xml HTTP/1.1" 200 4877 "-" "Mozilla/5.0 (Macintosh; Intel Mac OS X 10_13_4) AppleWebKit/605.1.15 (KHTML, like Gecko) Version/11.1 Safari/605.1.15"
54.87.192.249 - - [30/Jun/2021:15:29:39 -0400] "GET /author/webmasterguruc-com-mx/ HTTP/1.1" 301 0 "-" "lua-resty-http/0.10 (Lua) ngx_lua/10019"
54.87.192.249 - - [30/Jun/2021:15:29:39 -0400] "GET / HTTP/1.1" 200 89808 "-" "lua-resty-http/0.10 (Lua) ngx_lua/10019"
34.234.215.244 - - [30/Jun/2021:15:29:41 -0400] "GET /wp-content/uploads/2021/06/Carrusel_Markeva_BELLGOSSETT.jpg&#x201D HTTP/1.1" 404 15948 "-" "lua-resty-http/0.10 (Lua) ngx_lua/10019"
54.87.192.249 - - [30/Jun/2021:15:30:33 -0400] "GET / HTTP/1.1" 200 89808 "-" "lua-resty-http/0.10 (Lua) ngx_lua/10019"
54.147.246.36 - - [30/Jun/2021:15:32:25 -0400] "GET /wp-content/uploads/2021/06/fondo.jpg&#x201D HTTP/1.1" 404 15948 "-" "lua-resty-http/0.10 (Lua) ngx_lua/10019"
18.225.25.214 - - [30/Jun/2021:15:32:31 -0400] "GET /wp-json/oembed/1.0/embed?url=https%3A%2F%2Fmarkeva.com.mx%2F HTTP/1.1" 200 4706 "-" "Mozilla/5.0 (Macintosh; Intel Mac OS X 10_13_4) AppleWebKit/605.1.15 (KHTML, like Gecko) Version/11.1 Safari/605.1.15"
3.238.44.255 - - [30/Jun/2021:15:31:35 -0400] "GET / HTTP/1.1" 200 89808 "-" "lua-resty-http/0.10 (Lua) ngx_lua/10019"
18.206.199.142 - - [30/Jun/2021:15:31:38 -0400] "GET /wp-content/themes/Divi/core/admin/fonts/modules.ttf HTTP/1.1" 200 92400 "-" "lua-resty-http/0.10 (Lua) ngx_lua/10019"
3.239.45.78 - - [30/Jun/2021:15:31:39 -0400] "GET /feed/ HTTP/1.1" 200 2300 "-" "lua-resty-http/0.10 (Lua) ngx_lua/10019"
54.147.246.36 - - [30/Jun/2021:15:31:41 -0400] "GET /wp-content/uploads/2021/06/4-1.jpg&#x201D HTTP/1.1" 404 15948 "-" "lua-resty-http/0.10 (Lua) ngx_lua/10019"
3.91.194.240 - - [30/Jun/2021:15:31:42 -0400] "GET /wp-content/uploads/2021/06/fondo.jpg&#x201D HTTP/1.1" 404 15948 "-" "lua-resty-http/0.10 (Lua) ngx_lua/10019"
34.234.215.244 - - [30/Jun/2021:15:31:46 -0400] "GET /wp-content/uploads/2021/06/14-2.png&#x201D HTTP/1.1" 404 15948 "-" "lua-resty-http/0.10 (Lua) ngx_lua/10019"
18.206.199.142 - - [30/Jun/2021:15:31:47 -0400] "GET /wp-json/oembed/1.0/embed?url=https%253A%252F%252Fmarkeva.com.mx%252F HTTP/1.1" 404 73 "-" "lua-resty-http/0.10 (Lua) ngx_lua/10019"
18.225.25.214 - - [30/Jun/2021:15:32:12 -0400] "GET / HTTP/1.1" 200 89812 "-" "Mozilla/5.0 (Macintosh; Intel Mac OS X 10_13_4) AppleWebKit/605.1.15 (KHTML, like Gecko) Version/11.1 Safari/605.1.15"
18.225.25.214 - - [30/Jun/2021:15:32:14 -0400] "GET /comments/feed/ HTTP/1.1" 200 1713 "-" "Mozilla/5.0 (Macintosh; Intel Mac OS X 10_13_4) AppleWebKit/605.1.15 (KHTML, like Gecko) Version/11.1 Safari/605.1.15"
18.225.25.214 - - [30/Jun/2021:15:32:18 -0400] "GET /xmlrpc.php?rsd HTTP/1.1" 200 798 "-" "Mozilla/5.0 (Macintosh; Intel Mac OS X 10_13_4) AppleWebKit/605.1.15 (KHTML, like Gecko) Version/11.1 Safari/605.1.15"
54.147.246.36 - - [30/Jun/2021:15:32:19 -0400] "GET /xmlrpc.php HTTP/1.1" 405 42 "-" "lua-resty-http/0.10 (Lua) ngx_lua/10019"
18.225.25.214 - - [30/Jun/2021:15:32:21 -0400] "GET / HTTP/1.1" 200 89812 "-" "Mozilla/5.0 (Macintosh; Intel Mac OS X 10_13_4) AppleWebKit/605.1.15 (KHTML, like Gecko) Version/11.1 Safari/605.1.15"
34.234.215.244 - - [30/Jun/2021:15:32:23 -0400] "GET /wp-includes/wlwmanifest.xml HTTP/1.1" 200 1045 "-" "lua-resty-http/0.10 (Lua) ngx_lua/10019"
3.91.194.240 - - [30/Jun/2021:15:32:23 -0400] "GET /feed/ HTTP/1.1" 200 2300 "-" "lua-resty-http/0.10 (Lua) ngx_lua/10019"
54.87.192.249 - - [30/Jun/2021:15:32:24 -0400] "GET /wp-json/oembed/1.0/embed?url=https%253A%252F%252Fmarkeva.com.mx%252F&format=xml HTTP/1.1" 404 132 "-" "lua-resty-http/0.10 (Lua) ngx_lua/10019"
18.225.25.214 - - [30/Jun/2021:15:32:24 -0400] "GET /wp-json/oembed/1.0/embed?url=https%3A%2F%2Fmarkeva.com.mx%2F&format=xml HTTP/1.1" 200 4877 "-" "Mozilla/5.0 (Macintosh; Intel Mac OS X 10_13_4) AppleWebKit/605.1.15 (KHTML, like Gecko) Version/11.1 Safari/605.1.15"
54.147.246.36 - - [30/Jun/2021:15:32:26 -0400] "GET /author/webmasterguruc-com-mx/ HTTP/1.1" 301 0 "-" "lua-resty-http/0.10 (Lua) ngx_lua/10019"
54.147.246.36 - - [30/Jun/2021:15:32:27 -0400] "GET / HTTP/1.1" 200 89808 "-" "lua-resty-http/0.10 (Lua) ngx_lua/10019"
3.91.194.240 - - [30/Jun/2021:15:32:29 -0400] "GET /wp-content/uploads/2021/06/Carrusel_Markeva_BELLGOSSETT.jpg&#x201D HTTP/1.1" 404 15948 "-" "lua-resty-http/0.10 (Lua) ngx_lua/10019"
54.87.192.249 - - [30/Jun/2021:15:32:29 -0400] "GET /wp-content/uploads/2021/06/14-2.png&#x201D HTTP/1.1" 404 15948 "-" "lua-resty-http/0.10 (Lua) ngx_lua/10019"
34.234.215.244 - - [30/Jun/2021:15:32:30 -0400] "GET /wp-json/oembed/1.0/embed?url=https%253A%252F%252Fmarkeva.com.mx%252F HTTP/1.1" 404 73 "-" "lua-resty-http/0.10 (Lua) ngx_lua/10019"
40.77.167.73 - - [30/Jun/2021:15:41:06 -0400] "GET /e49890grainmakertorrify/2103196369/rainmaker.construction HTTP/2" 404 6952 "-" "Mozilla/5.0 (compatible; bingbot/2.0; +http://www.bing.com/bingbot.htm)"
3.238.44.255 - - [30/Jun/2021:15:42:04 -0400] "GET /comments/feed/ HTTP/1.1" 200 1713 "-" "lua-resty-http/0.10 (Lua) ngx_lua/10019"
54.147.246.36 - - [30/Jun/2021:15:42:08 -0400] "GET /xmlrpc.php?rsd HTTP/1.1" 200 798 "-" "lua-resty-http/0.10 (Lua) ngx_lua/10019"
18.206.199.142 - - [30/Jun/2021:15:42:09 -0400] "GET /wp-json/ HTTP/1.1" 200 131072 "-" "lua-resty-http/0.10 (Lua) ngx_lua/10019"
54.87.192.249 - - [30/Jun/2021:15:42:10 -0400] "GET /xmlrpc.php HTTP/1.1" 405 42 "-" "lua-resty-http/0.10 (Lua) ngx_lua/10019"
